###############################################################################
#
# IAR ELF Linker V9.30.1.335/W64 for ARM                  11/Apr/2024  21:18:28
# Copyright 2007-2022 IAR Systems AB.
#
#    Output file  =  F:\USB_RF\project\Debug\Exe\USB_RF.out
#    Map file     =  F:\USB_RF\project\Debug\List\USB_RF.map
#    Command line =
#        -f F:\USB_RF\project\Debug\Exe\USB_RF.out.rsp
#        (F:\USB_RF\project\Debug\Obj\source\CLOCK.o
#        F:\USB_RF\project\Debug\Obj\source\FLASH.o
#        F:\USB_RF\project\Debug\Obj\source\GPIO.o
#        F:\USB_RF\project\Debug\Obj\source\main.o
#        F:\USB_RF\project\Debug\Obj\source\nRF24L01.o
#        F:\USB_RF\project\Debug\Obj\source\SPI.o
#        F:\USB_RF\project\Debug\Obj\startup\startup_stm32f10x_md.o
#        F:\USB_RF\project\Debug\Obj\startup\system_stm32f10x.o
#        F:\USB_RF\project\Debug\Obj\source\TIMER.o
#        F:\USB_RF\project\Debug\Obj\source\USB.o --no_out_extension -o
#        F:\USB_RF\project\Debug\Exe\USB_RF.out --map
#        F:\USB_RF\project\Debug\List\USB_RF.map --config "C:\Program Files\IAR
#        Systems\Embedded Workbench 9.1\arm/config/linker/ST/stm32f103x8.icf"
#        --semihosting --entry __iar_program_start --redirect
#        __iar_sh_stdout=__iar_sh_stdout_swo --vfe --text_out locale
#        --cpu=Cortex-M3 --fpu=None)
#
###############################################################################

*******************************************************************************
*** RUNTIME MODEL ATTRIBUTES
***

CppFlavor       = *
__CPP_Runtime   = 1
__SystemLibrary = DLib
__dlib_version  = 6


*******************************************************************************
*** HEAP SELECTION
***

The basic heap was selected because --advanced_heap
was not specified and the application did not appear to
be primarily optimized for speed.


*******************************************************************************
*** PLACEMENT SUMMARY
***

"A0":  place at address 0x800'0000 { ro section .intvec };
"P1":  place in [from 0x800'0000 to 0x800'ffff] { ro };
define block CSTACK with size = 2K, alignment = 8 { };
define block HEAP with size = 2K, alignment = 8 { };
"P2":  place in [from 0x2000'0000 to 0x2000'4fff] {
          rw, block CSTACK, block HEAP };
initialize by copy { rw };

  Section            Kind         Address   Size  Object
  -------            ----         -------   ----  ------
"A0":                                       0xec
  .intvec            ro code   0x800'0000   0xec  startup_stm32f10x_md.o [2]
                             - 0x800'00ec   0xec

"P1":                                      0xd12
  .text              ro code   0x800'00ec  0x598  GPIO.o [1]
  .text              ro code   0x800'0684  0x1b4  system_stm32f10x.o [2]
  .text              ro code   0x800'0838  0x1ac  TIMER.o [1]
  .text              ro code   0x800'09e4  0x130  CLOCK.o [1]
  .text              ro code   0x800'0b14   0xd4  main.o [1]
  .text              ro code   0x800'0be8    0xc  SPI.o [1]
  .text              ro code   0x800'0bf4   0x50  USB.o [1]
  .text              ro code   0x800'0c44    0x2  nRF24L01.o [1]
  .text              ro code   0x800'0c46   0x3a  packbits_init_single.o [4]
  .text              ro code   0x800'0c80   0x28  data_init.o [4]
  .iar.init_table    const     0x800'0ca8   0x10  - Linker created -
  .text              ro code   0x800'0cb8   0x1e  cmain.o [4]
  .text              ro code   0x800'0cd6    0x4  low_level_init.o [3]
  .text              ro code   0x800'0cda    0x4  exit.o [3]
  .text              ro code   0x800'0ce0    0xa  cexit.o [4]
  .text              ro code   0x800'0cec   0x14  exit.o [5]
  .text              ro code   0x800'0d00   0x1c  cstartup_M.o [4]
  .text              ro code   0x800'0d1c   0x10  startup_stm32f10x_md.o [2]
  .text              ro code   0x800'0d2c    0x4  startup_stm32f10x_md.o [2]
  .text              ro code   0x800'0d30    0x4  startup_stm32f10x_md.o [2]
  .text              ro code   0x800'0d34    0x4  startup_stm32f10x_md.o [2]
  .text              ro code   0x800'0d38    0x4  startup_stm32f10x_md.o [2]
  .text              ro code   0x800'0d3c    0x4  startup_stm32f10x_md.o [2]
  .text              ro code   0x800'0d40    0x4  startup_stm32f10x_md.o [2]
  .text              ro code   0x800'0d44    0x4  startup_stm32f10x_md.o [2]
  .text              ro code   0x800'0d48    0x4  startup_stm32f10x_md.o [2]
  .text              ro code   0x800'0d4c    0x4  startup_stm32f10x_md.o [2]
  .text              ro code   0x800'0d50    0x4  startup_stm32f10x_md.o [2]
  .text              ro code   0x800'0d54    0x4  startup_stm32f10x_md.o [2]
  .text              ro code   0x800'0d58    0x4  startup_stm32f10x_md.o [2]
  .text              ro code   0x800'0d5c    0x4  startup_stm32f10x_md.o [2]
  .text              ro code   0x800'0d60    0x4  startup_stm32f10x_md.o [2]
  .text              ro code   0x800'0d64    0x4  startup_stm32f10x_md.o [2]
  .text              ro code   0x800'0d68    0x4  startup_stm32f10x_md.o [2]
  .text              ro code   0x800'0d6c    0x4  startup_stm32f10x_md.o [2]
  .text              ro code   0x800'0d70    0x4  startup_stm32f10x_md.o [2]
  .text              ro code   0x800'0d74    0x4  startup_stm32f10x_md.o [2]
  .text              ro code   0x800'0d78    0x4  startup_stm32f10x_md.o [2]
  .text              ro code   0x800'0d7c    0x4  startup_stm32f10x_md.o [2]
  .text              ro code   0x800'0d80    0x4  startup_stm32f10x_md.o [2]
  .text              ro code   0x800'0d84    0x4  startup_stm32f10x_md.o [2]
  .text              ro code   0x800'0d88    0x4  startup_stm32f10x_md.o [2]
  .text              ro code   0x800'0d8c    0x4  startup_stm32f10x_md.o [2]
  .text              ro code   0x800'0d90    0x4  startup_stm32f10x_md.o [2]
  .text              ro code   0x800'0d94    0x4  startup_stm32f10x_md.o [2]
  .text              ro code   0x800'0d98    0x4  startup_stm32f10x_md.o [2]
  .text              ro code   0x800'0d9c    0x4  startup_stm32f10x_md.o [2]
  .text              ro code   0x800'0da0    0x4  startup_stm32f10x_md.o [2]
  .text              ro code   0x800'0da4    0x4  startup_stm32f10x_md.o [2]
  .text              ro code   0x800'0da8    0x4  startup_stm32f10x_md.o [2]
  .text              ro code   0x800'0dac    0x4  startup_stm32f10x_md.o [2]
  .text              ro code   0x800'0db0    0x4  startup_stm32f10x_md.o [2]
  .text              ro code   0x800'0db4    0x4  startup_stm32f10x_md.o [2]
  .text              ro code   0x800'0db8    0x4  startup_stm32f10x_md.o [2]
  .text              ro code   0x800'0dbc    0x4  startup_stm32f10x_md.o [2]
  .text              ro code   0x800'0dc0    0x4  startup_stm32f10x_md.o [2]
  .text              ro code   0x800'0dc4    0x4  startup_stm32f10x_md.o [2]
  .text              ro code   0x800'0dc8    0x4  startup_stm32f10x_md.o [2]
  .text              ro code   0x800'0dcc    0x4  startup_stm32f10x_md.o [2]
  .text              ro code   0x800'0dd0    0x4  startup_stm32f10x_md.o [2]
  .text              ro code   0x800'0dd4    0x4  startup_stm32f10x_md.o [2]
  .text              ro code   0x800'0dd8    0x4  startup_stm32f10x_md.o [2]
  .text              ro code   0x800'0ddc    0x4  startup_stm32f10x_md.o [2]
  .text              ro code   0x800'0de0    0x4  startup_stm32f10x_md.o [2]
  .text              ro code   0x800'0de4    0x4  startup_stm32f10x_md.o [2]
  .text              ro code   0x800'0de8    0x4  startup_stm32f10x_md.o [2]
  .rodata            const     0x800'0dec    0x0  packbits_init_single.o [4]
  Initializer bytes  const     0x800'0dec   0x12  <for P2-1>
                             - 0x800'0dfe  0xd12

"P2", part 1 of 2:                          0x26
  P2-1                        0x2000'0000   0x26  <Init block>
    .data            inited   0x2000'0000    0x4  system_stm32f10x.o [2]
    .data            inited   0x2000'0004   0x10  system_stm32f10x.o [2]
    .bss             inited   0x2000'0014    0x4  CLOCK.o [1]
    .bss             inited   0x2000'0018    0x4  main.o [1]
    .bss             inited   0x2000'001c    0x4  TIMER.o [1]
    .bss             inited   0x2000'0020    0x4  TIMER.o [1]
    .bss             inited   0x2000'0024    0x1  SPI.o [1]
    .bss             inited   0x2000'0025    0x1  USB.o [1]
                            - 0x2000'0026   0x26

"P2", part 2 of 2:                         0x800
  CSTACK                      0x2000'0028  0x800  <Block>
    CSTACK           uninit   0x2000'0028  0x800  <Block tail>
                            - 0x2000'0828  0x800

Unused ranges:

         From           To    Size
         ----           --    ----
   0x800'0dfe   0x800'ffff  0xf202
  0x2000'0026  0x2000'0027     0x2
  0x2000'0828  0x2000'4fff  0x47d8


*******************************************************************************
*** INIT TABLE
***

          Address      Size
          -------      ----
Copy/packbits (__iar_packbits_init_single3)
    1 source range, total size 0x12 (47% of destination):
           0x800'0dec  0x12
    1 destination range, total size 0x26:
          0x2000'0000  0x26



*******************************************************************************
*** MODULE SUMMARY
***

    Module                  ro code  ro data  rw data
    ------                  -------  -------  -------
command line/config:
    -------------------------------------------------
    Total:

F:\USB_RF\project\Debug\Obj\source: [1]
    CLOCK.o                     304        2        4
    GPIO.o                    1'432
    SPI.o                        12                 1
    TIMER.o                     428        4        8
    USB.o                        80        1        1
    main.o                      212        2        4
    nRF24L01.o                    2
    -------------------------------------------------
    Total:                    2'470        9       18

F:\USB_RF\project\Debug\Obj\startup: [2]
    startup_stm32f10x_md.o      444
    system_stm32f10x.o          436        9       20
    -------------------------------------------------
    Total:                      880        9       20

dl7M_tln.a: [3]
    exit.o                        4
    low_level_init.o              4
    -------------------------------------------------
    Total:                        8

rt7M_tl.a: [4]
    cexit.o                      10
    cmain.o                      30
    cstartup_M.o                 28
    data_init.o                  40
    packbits_init_single.o       58
    -------------------------------------------------
    Total:                      166

shb_l.a: [5]
    exit.o                       20
    -------------------------------------------------
    Total:                       20

    Gaps                          4
    Linker created                        16    2'048
-----------------------------------------------------
    Grand Total:              3'548       34    2'086


*******************************************************************************
*** ENTRY LIST
***

Entry                       Address   Size  Type      Object
-----                       -------   ----  ----      ------
.iar.init_table$$Base    0x800'0ca8          --   Gb  - Linker created -
.iar.init_table$$Limit   0x800'0cb8          --   Gb  - Linker created -
?main                    0x800'0cb9         Code  Gb  cmain.o [4]
ADC1_2_IRQHandler        0x800'0d95         Code  Wk  startup_stm32f10x_md.o [2]
AHBPrescTable           0x2000'0004   0x10  Data  Gb  system_stm32f10x.o [2]
BusFault_Handler         0x800'0d39         Code  Wk  startup_stm32f10x_md.o [2]
CAN1_RX1_IRQHandler      0x800'0d99         Code  Wk  startup_stm32f10x_md.o [2]
CAN1_SCE_IRQHandler      0x800'0d9d         Code  Wk  startup_stm32f10x_md.o [2]
CLOCK_Init               0x800'0a11   0x82  Code  Gb  CLOCK.o [1]
CLOCK_SystickInit        0x800'0a93   0x32  Code  Gb  CLOCK.o [1]
CSTACK$$Base            0x2000'0028          --   Gb  - Linker created -
CSTACK$$Limit           0x2000'0828          --   Gb  - Linker created -
DMA1_Channel1_IRQHandler
                         0x800'0d79         Code  Wk  startup_stm32f10x_md.o [2]
DMA1_Channel2_IRQHandler
                         0x800'0d7d         Code  Wk  startup_stm32f10x_md.o [2]
DMA1_Channel3_IRQHandler
                         0x800'0d81         Code  Wk  startup_stm32f10x_md.o [2]
DMA1_Channel4_IRQHandler
                         0x800'0d85         Code  Wk  startup_stm32f10x_md.o [2]
DMA1_Channel5_IRQHandler
                         0x800'0d89         Code  Wk  startup_stm32f10x_md.o [2]
DMA1_Channel6_IRQHandler
                         0x800'0d8d         Code  Wk  startup_stm32f10x_md.o [2]
DMA1_Channel7_IRQHandler
                         0x800'0d91         Code  Wk  startup_stm32f10x_md.o [2]
DebugMon_Handler         0x800'0d45         Code  Wk  startup_stm32f10x_md.o [2]
EXTI0_IRQHandler         0x800'0d65         Code  Wk  startup_stm32f10x_md.o [2]
EXTI15_10_IRQHandler     0x800'0de5         Code  Wk  startup_stm32f10x_md.o [2]
EXTI1_IRQHandler         0x800'0d69         Code  Wk  startup_stm32f10x_md.o [2]
EXTI2_IRQHandler         0x800'0d6d         Code  Wk  startup_stm32f10x_md.o [2]
EXTI3_IRQHandler         0x800'0d71         Code  Wk  startup_stm32f10x_md.o [2]
EXTI4_IRQHandler         0x800'0d75         Code  Wk  startup_stm32f10x_md.o [2]
EXTI9_5_IRQHandler       0x800'0da1         Code  Wk  startup_stm32f10x_md.o [2]
FLASH_IRQHandler         0x800'0d5d         Code  Wk  startup_stm32f10x_md.o [2]
GPIO_PINHigh             0x800'055f   0x5a  Code  Gb  GPIO.o [1]
GPIO_PINLow              0x800'04f9   0x66  Code  Gb  GPIO.o [1]
GPIO_PINToggle           0x800'05b9   0x98  Code  Gb  GPIO.o [1]
GPIO_SetOutPut           0x800'00ed  0x40c  Code  Gb  GPIO.o [1]
HardFault_Handler        0x800'0d31         Code  Wk  startup_stm32f10x_md.o [2]
I2C1_ER_IRQHandler       0x800'0dc5         Code  Wk  startup_stm32f10x_md.o [2]
I2C1_EV_IRQHandler       0x800'0dc1         Code  Wk  startup_stm32f10x_md.o [2]
I2C2_ER_IRQHandler       0x800'0dcd         Code  Wk  startup_stm32f10x_md.o [2]
I2C2_EV_IRQHandler       0x800'0dc9         Code  Wk  startup_stm32f10x_md.o [2]
MemManage_Handler        0x800'0d35         Code  Wk  startup_stm32f10x_md.o [2]
NMI_Handler              0x800'0d2d         Code  Wk  startup_stm32f10x_md.o [2]
PVD_IRQHandler           0x800'0d51         Code  Wk  startup_stm32f10x_md.o [2]
PendSV_Handler           0x800'0d49         Code  Wk  startup_stm32f10x_md.o [2]
RCC_IRQHandler           0x800'0d61         Code  Wk  startup_stm32f10x_md.o [2]
RTCAlarm_IRQHandler      0x800'0de9         Code  Wk  startup_stm32f10x_md.o [2]
RTC_IRQHandler           0x800'0d59         Code  Wk  startup_stm32f10x_md.o [2]
Region$$Table$$Base      0x800'0ca8          --   Gb  - Linker created -
Region$$Table$$Limit     0x800'0cb8          --   Gb  - Linker created -
Reset_Handler            0x800'0d1d         Code  Wk  startup_stm32f10x_md.o [2]
SPI1_IRQHandler          0x800'0dd1         Code  Wk  startup_stm32f10x_md.o [2]
SPI2_IRQHandler          0x800'0dd5         Code  Wk  startup_stm32f10x_md.o [2]
SPI_Init                 0x800'0be9    0xc  Code  Gb  SPI.o [1]
SPI_InitSuccess         0x2000'0024    0x1  Data  Gb  SPI.o [1]
SVC_Handler              0x800'0d41         Code  Wk  startup_stm32f10x_md.o [2]
SetSysClock              0x800'0757    0x8  Code  Lc  system_stm32f10x.o [2]
SetSysClockTo72          0x800'075f   0xae  Code  Lc  system_stm32f10x.o [2]
SysTick_Handler          0x800'0adb    0xc  Code  Gb  CLOCK.o [1]
SystemCoreClock         0x2000'0000    0x4  Data  Gb  system_stm32f10x.o [2]
SystemCoreClockUpdate    0x800'06c9   0x8e  Code  Gb  system_stm32f10x.o [2]
SystemInit               0x800'0685   0x44  Code  Gb  system_stm32f10x.o [2]
TAMPER_IRQHandler        0x800'0d55         Code  Wk  startup_stm32f10x_md.o [2]
TIM1_BRK_IRQHandler      0x800'0da5         Code  Wk  startup_stm32f10x_md.o [2]
TIM1_CC_IRQHandler       0x800'0db1         Code  Wk  startup_stm32f10x_md.o [2]
TIM1_TRG_COM_IRQHandler
                         0x800'0dad         Code  Wk  startup_stm32f10x_md.o [2]
TIM1_UP_IRQHandler       0x800'0da9         Code  Wk  startup_stm32f10x_md.o [2]
TIM2_IRQHandler          0x800'0db5         Code  Wk  startup_stm32f10x_md.o [2]
TIM3_IRQHandler          0x800'0db9         Code  Wk  startup_stm32f10x_md.o [2]
TIM4_IRQHandler          0x800'0dbd         Code  Wk  startup_stm32f10x_md.o [2]
TIMER_Chaining           0x800'08f9   0xba  Code  Gb  TIMER.o [1]
TIMER_EnableInterrupt    0x800'09bf    0x2  Code  Gb  TIMER.o [1]
TIMER_Init               0x800'0847   0xb2  Code  Gb  TIMER.o [1]
TIMER_SetCLockSourceMicros
                         0x800'09b9    0x6  Code  Gb  TIMER.o [1]
TIMER_SetCLockSourceMillis
                         0x800'09b3    0x6  Code  Gb  TIMER.o [1]
TIMER_SourceMicros      0x2000'0020    0x4  Data  Lc  TIMER.o [1]
TIMER_SourceMillis      0x2000'001c    0x4  Data  Lc  TIMER.o [1]
USART1_IRQHandler        0x800'0dd9         Code  Wk  startup_stm32f10x_md.o [2]
USART2_IRQHandler        0x800'0ddd         Code  Wk  startup_stm32f10x_md.o [2]
USART3_IRQHandler        0x800'0de1         Code  Wk  startup_stm32f10x_md.o [2]
USBWakeUp_IRQHandler     0x800'0c3f    0x2  Code  Gb  USB.o [1]
USB_EnableInterrupt      0x800'0c3d    0x2  Code  Gb  USB.o [1]
USB_HP_CAN1_TX_IRQHandler
                         0x800'0c41    0x2  Code  Gb  USB.o [1]
USB_Init                 0x800'0bf5   0x36  Code  Gb  USB.o [1]
USB_InitSuccess         0x2000'0025    0x1  Data  Gb  USB.o [1]
USB_LP_CAN1_RX0_IRQHandler
                         0x800'0c43    0x2  Code  Gb  USB.o [1]
UsageFault_Handler       0x800'0d3d         Code  Wk  startup_stm32f10x_md.o [2]
WWDG_IRQHandler          0x800'0d4d         Code  Wk  startup_stm32f10x_md.o [2]
__NVIC_EnableIRQ         0x800'0b15   0x1e  Code  Lc  main.o [1]
__NVIC_SetPriority       0x800'09e5   0x2c  Code  Lc  CLOCK.o [1]
__cmain                  0x800'0cb9         Code  Gb  cmain.o [4]
__exit                   0x800'0ced   0x14  Code  Gb  exit.o [5]
__iar_data_init3         0x800'0c81   0x28  Code  Gb  data_init.o [4]
__iar_packbits_init_single3
                         0x800'0c47   0x3a  Code  Gb  packbits_init_single.o [4]
__iar_program_start      0x800'0d01         Code  Gb  cstartup_M.o [4]
__low_level_init         0x800'0cd7    0x4  Code  Gb  low_level_init.o [3]
__vector_table           0x800'0000         Data  Gb  startup_stm32f10x_md.o [2]
_call_main               0x800'0cc5         Code  Gb  cmain.o [4]
_exit                    0x800'0ce1         Code  Gb  cexit.o [4]
delay                    0x800'0839    0xe  Code  Lc  TIMER.o [1]
exit                     0x800'0cdb    0x4  Code  Gb  exit.o [3]
main                     0x800'0b33   0x9e  Code  Gb  main.o [1]
micros                   0x800'0ac5   0x16  Code  Gb  CLOCK.o [1]
nRF24L01_Init            0x800'0c45    0x2  Code  Gb  nRF24L01.o [1]
timer                   0x2000'0018    0x4  Data  Gb  main.o [1]
ui32micros              0x2000'0014    0x4  Data  Lc  CLOCK.o [1]


[1] = F:\USB_RF\project\Debug\Obj\source
[2] = F:\USB_RF\project\Debug\Obj\startup
[3] = dl7M_tln.a
[4] = rt7M_tl.a
[5] = shb_l.a

  3'548 bytes of readonly  code memory
     34 bytes of readonly  data memory
  2'086 bytes of readwrite data memory

Errors: none
Warnings: none
