###############################################################################
#
# IAR ELF Linker V9.30.1.335/W64 for ARM                  27/Apr/2024  14:52:01
# Copyright 2007-2022 IAR Systems AB.
#
#    Output file  =  F:\USB_RF\project\Debug\Exe\USB_RF.out
#    Map file     =  F:\USB_RF\project\Debug\List\USB_RF.map
#    Command line =
#        -f F:\USB_RF\project\Debug\Exe\USB_RF.out.rsp
#        (F:\USB_RF\project\Debug\Obj\source\CLOCK.o
#        F:\USB_RF\project\Debug\Obj\source\FLASH.o
#        F:\USB_RF\project\Debug\Obj\source\GPIO.o
#        F:\USB_RF\project\Debug\Obj\source\main.o
#        F:\USB_RF\project\Debug\Obj\source\nRF24L01.o
#        F:\USB_RF\project\Debug\Obj\source\SPI.o
#        F:\USB_RF\project\Debug\Obj\startup\startup_stm32f10x_md.o
#        F:\USB_RF\project\Debug\Obj\startup\system_stm32f10x.o
#        F:\USB_RF\project\Debug\Obj\source\TIMER.o
#        F:\USB_RF\project\Debug\Obj\source\USB.o
#        F:\USB_RF\project\Debug\Obj\source\USB_HW.o
#        F:\USB_RF\project\Debug\Obj\source\USB_IRQ.o
#        F:\USB_RF\project\Debug\Obj\source\USB_Types.o --no_out_extension -o
#        F:\USB_RF\project\Debug\Exe\USB_RF.out --map
#        F:\USB_RF\project\Debug\List\USB_RF.map --config "C:\Program Files\IAR
#        Systems\Embedded Workbench 9.1\arm/config/linker/ST/stm32f103x8.icf"
#        --semihosting --entry __iar_program_start --redirect
#        __iar_sh_stdout=__iar_sh_stdout_swo --vfe --text_out locale
#        --cpu=Cortex-M3 --fpu=None)
#
###############################################################################

*******************************************************************************
*** RUNTIME MODEL ATTRIBUTES
***

CppFlavor       = *
__CPP_Runtime   = 1
__SystemLibrary = DLib
__dlib_version  = 6


*******************************************************************************
*** HEAP SELECTION
***

The basic heap was selected because --advanced_heap
was not specified and the application did not appear to
be primarily optimized for speed.


*******************************************************************************
*** PLACEMENT SUMMARY
***

"A0":  place at address 0x800'0000 { ro section .intvec };
"P1":  place in [from 0x800'0000 to 0x800'ffff] { ro };
define block CSTACK with size = 2K, alignment = 8 { };
define block HEAP with size = 2K, alignment = 8 { };
"P2":  place in [from 0x2000'0000 to 0x2000'4fff] {
          rw, block CSTACK, block HEAP };
initialize by copy { rw };

  Section            Kind         Address    Size  Object
  -------            ----         -------    ----  ------
"A0":                                        0xec
  .intvec            ro code   0x800'0000    0xec  startup_stm32f10x_md.o [2]
                             - 0x800'00ec    0xec

"P1":                                      0x1580
  .text              ro code   0x800'00ec   0x4a4  USB_IRQ.o [1]
  .text              ro code   0x800'0590   0x2bc  USB_HW.o [1]
  .text              ro code   0x800'084c   0x49c  GPIO.o [1]
  .text              ro code   0x800'0ce8   0x1e0  USB.o [1]
  .text              ro code   0x800'0ec8   0x180  CLOCK.o [1]
  .text              ro code   0x800'1048   0x1b4  system_stm32f10x.o [2]
  .text              ro code   0x800'11fc   0x1ac  TIMER.o [1]
  .text              ro code   0x800'13a8    0xac  main.o [1]
  .text              ro code   0x800'1454     0xc  SPI.o [1]
  .text              ro code   0x800'1460     0x2  nRF24L01.o [1]
  .text              ro code   0x800'1462    0x38  zero_init3.o [4]
  .text              ro code   0x800'149a    0x2a  copy_init3.o [4]
  .text              ro code   0x800'14c4    0x28  data_init.o [4]
  .iar.init_table    const     0x800'14ec    0x24  - Linker created -
  .text              ro code   0x800'1510    0x1e  cmain.o [4]
  .text              ro code   0x800'152e     0x4  low_level_init.o [3]
  .text              ro code   0x800'1532     0x4  exit.o [3]
  .text              ro code   0x800'1538     0xa  cexit.o [4]
  .text              ro code   0x800'1544    0x14  exit.o [5]
  .text              ro code   0x800'1558    0x1c  cstartup_M.o [4]
  .rodata            const     0x800'1574    0x14  USB_Types.o [1]
  Initializer bytes  const     0x800'1588    0x14  <for P2-1>
  .text              ro code   0x800'159c    0x10  startup_stm32f10x_md.o [2]
  .text              ro code   0x800'15ac     0x4  startup_stm32f10x_md.o [2]
  .text              ro code   0x800'15b0     0x4  startup_stm32f10x_md.o [2]
  .text              ro code   0x800'15b4     0x4  startup_stm32f10x_md.o [2]
  .text              ro code   0x800'15b8     0x4  startup_stm32f10x_md.o [2]
  .text              ro code   0x800'15bc     0x4  startup_stm32f10x_md.o [2]
  .text              ro code   0x800'15c0     0x4  startup_stm32f10x_md.o [2]
  .text              ro code   0x800'15c4     0x4  startup_stm32f10x_md.o [2]
  .text              ro code   0x800'15c8     0x4  startup_stm32f10x_md.o [2]
  .text              ro code   0x800'15cc     0x4  startup_stm32f10x_md.o [2]
  .text              ro code   0x800'15d0     0x4  startup_stm32f10x_md.o [2]
  .text              ro code   0x800'15d4     0x4  startup_stm32f10x_md.o [2]
  .text              ro code   0x800'15d8     0x4  startup_stm32f10x_md.o [2]
  .text              ro code   0x800'15dc     0x4  startup_stm32f10x_md.o [2]
  .text              ro code   0x800'15e0     0x4  startup_stm32f10x_md.o [2]
  .text              ro code   0x800'15e4     0x4  startup_stm32f10x_md.o [2]
  .text              ro code   0x800'15e8     0x4  startup_stm32f10x_md.o [2]
  .text              ro code   0x800'15ec     0x4  startup_stm32f10x_md.o [2]
  .text              ro code   0x800'15f0     0x4  startup_stm32f10x_md.o [2]
  .text              ro code   0x800'15f4     0x4  startup_stm32f10x_md.o [2]
  .text              ro code   0x800'15f8     0x4  startup_stm32f10x_md.o [2]
  .text              ro code   0x800'15fc     0x4  startup_stm32f10x_md.o [2]
  .text              ro code   0x800'1600     0x4  startup_stm32f10x_md.o [2]
  .text              ro code   0x800'1604     0x4  startup_stm32f10x_md.o [2]
  .text              ro code   0x800'1608     0x4  startup_stm32f10x_md.o [2]
  .text              ro code   0x800'160c     0x4  startup_stm32f10x_md.o [2]
  .text              ro code   0x800'1610     0x4  startup_stm32f10x_md.o [2]
  .text              ro code   0x800'1614     0x4  startup_stm32f10x_md.o [2]
  .text              ro code   0x800'1618     0x4  startup_stm32f10x_md.o [2]
  .text              ro code   0x800'161c     0x4  startup_stm32f10x_md.o [2]
  .text              ro code   0x800'1620     0x4  startup_stm32f10x_md.o [2]
  .text              ro code   0x800'1624     0x4  startup_stm32f10x_md.o [2]
  .text              ro code   0x800'1628     0x4  startup_stm32f10x_md.o [2]
  .text              ro code   0x800'162c     0x4  startup_stm32f10x_md.o [2]
  .text              ro code   0x800'1630     0x4  startup_stm32f10x_md.o [2]
  .text              ro code   0x800'1634     0x4  startup_stm32f10x_md.o [2]
  .text              ro code   0x800'1638     0x4  startup_stm32f10x_md.o [2]
  .text              ro code   0x800'163c     0x4  startup_stm32f10x_md.o [2]
  .text              ro code   0x800'1640     0x4  startup_stm32f10x_md.o [2]
  .text              ro code   0x800'1644     0x4  startup_stm32f10x_md.o [2]
  .text              ro code   0x800'1648     0x4  startup_stm32f10x_md.o [2]
  .text              ro code   0x800'164c     0x4  startup_stm32f10x_md.o [2]
  .text              ro code   0x800'1650     0x4  startup_stm32f10x_md.o [2]
  .text              ro code   0x800'1654     0x4  startup_stm32f10x_md.o [2]
  .text              ro code   0x800'1658     0x4  startup_stm32f10x_md.o [2]
  .text              ro code   0x800'165c     0x4  startup_stm32f10x_md.o [2]
  .text              ro code   0x800'1660     0x4  startup_stm32f10x_md.o [2]
  .text              ro code   0x800'1664     0x4  startup_stm32f10x_md.o [2]
  .text              ro code   0x800'1668     0x4  startup_stm32f10x_md.o [2]
  .rodata            const     0x800'166c     0x0  zero_init3.o [4]
  .rodata            const     0x800'166c     0x0  copy_init3.o [4]
                             - 0x800'166c  0x1580

"P2", part 1 of 3:                           0x14
  P2-1                        0x2000'0000    0x14  <Init block>
    .data            inited   0x2000'0000     0x4  system_stm32f10x.o [2]
    .data            inited   0x2000'0004    0x10  system_stm32f10x.o [2]
                            - 0x2000'0014    0x14

"P2", part 2 of 3:                          0x478
  .bss               zero     0x2000'0014   0x280  USB_IRQ.o [1]
  .bss               zero     0x2000'0294   0x190  main.o [1]
  .bss               zero     0x2000'0424     0xc  USB_IRQ.o [1]
  .bss               zero     0x2000'0430     0x8  USB_IRQ.o [1]
  .bss               zero     0x2000'0438     0x4  CLOCK.o [1]
  .bss               zero     0x2000'043c     0x4  main.o [1]
  .bss               zero     0x2000'0440     0x4  TIMER.o [1]
  .bss               zero     0x2000'0444     0x4  TIMER.o [1]
  .bss               zero     0x2000'0448     0x4  USB.o [1]
  .bss               zero     0x2000'044c     0x4  USB_IRQ.o [1]
  .bss               zero     0x2000'0450     0x4  USB_IRQ.o [1]
  .bss               zero     0x2000'0454     0x4  USB_IRQ.o [1]
  .bss               zero     0x2000'0458     0x4  USB_IRQ.o [1]
  .bss               zero     0x2000'045c     0x4  USB_IRQ.o [1]
  .bss               zero     0x2000'0460     0x4  USB_IRQ.o [1]
  .bss               zero     0x2000'0464     0x4  USB_IRQ.o [1]
  .bss               zero     0x2000'0468     0x4  USB_IRQ.o [1]
  .bss               zero     0x2000'046c     0x4  USB_IRQ.o [1]
  .bss               zero     0x2000'0470     0x4  USB_IRQ.o [1]
  .bss               zero     0x2000'0474     0x4  USB_IRQ.o [1]
  .bss               zero     0x2000'0478     0x4  USB_IRQ.o [1]
  .bss               zero     0x2000'047c     0x4  USB_IRQ.o [1]
  .bss               zero     0x2000'0480     0x2  USB_IRQ.o [1]
  .bss               zero     0x2000'0482     0x2  USB_IRQ.o [1]
  .bss               zero     0x2000'0484     0x2  USB_IRQ.o [1]
  .bss               zero     0x2000'0486     0x2  USB_IRQ.o [1]
  .bss               zero     0x2000'0488     0x1  SPI.o [1]
  .bss               zero     0x2000'0489     0x1  USB_IRQ.o [1]
  .bss               zero     0x2000'048a     0x1  USB_IRQ.o [1]
  .bss               zero     0x2000'048b     0x1  USB_IRQ.o [1]
                            - 0x2000'048c   0x478

"P2", part 3 of 3:                          0x800
  CSTACK                      0x2000'0490   0x800  <Block>
    CSTACK           uninit   0x2000'0490   0x800  <Block tail>
                            - 0x2000'0c90   0x800

Unused ranges:

         From           To    Size
         ----           --    ----
   0x800'166c   0x800'ffff  0xe994
  0x2000'048c  0x2000'048f     0x4
  0x2000'0c90  0x2000'4fff  0x4370


*******************************************************************************
*** INIT TABLE
***

          Address      Size
          -------      ----
Zero (__iar_zero_init3)
    1 destination range, total size 0x478:
          0x2000'0014  0x478

Copy (__iar_copy_init3)
    1 source range, total size 0x14:
           0x800'1588   0x14
    1 destination range, total size 0x14:
          0x2000'0000   0x14



*******************************************************************************
*** MODULE SUMMARY
***

    Module                  ro code  ro data  rw data
    ------                  -------  -------  -------
command line/config:
    -------------------------------------------------
    Total:

F:\USB_RF\project\Debug\Obj\source: [1]
    CLOCK.o                     384                 4
    GPIO.o                    1'180
    SPI.o                        12                 1
    TIMER.o                     428                 8
    USB.o                       480                 4
    USB_HW.o                    700
    USB_IRQ.o                 1'188               723
    USB_Types.o                           20
    main.o                      172               404
    nRF24L01.o                    2
    -------------------------------------------------
    Total:                    4'546       20    1'144

F:\USB_RF\project\Debug\Obj\startup: [2]
    startup_stm32f10x_md.o      444
    system_stm32f10x.o          436       20       20
    -------------------------------------------------
    Total:                      880       20       20

dl7M_tln.a: [3]
    exit.o                        4
    low_level_init.o              4
    -------------------------------------------------
    Total:                        8

rt7M_tl.a: [4]
    cexit.o                      10
    cmain.o                      30
    copy_init3.o                 42
    cstartup_M.o                 28
    data_init.o                  40
    zero_init3.o                 56
    -------------------------------------------------
    Total:                      206

shb_l.a: [5]
    exit.o                       20
    -------------------------------------------------
    Total:                       20

    Gaps                          4
    Linker created                        36    2'048
-----------------------------------------------------
    Grand Total:              5'664       76    3'212


*******************************************************************************
*** ENTRY LIST
***

Entry                       Address   Size  Type      Object
-----                       -------   ----  ----      ------
.iar.init_table$$Base    0x800'14ec          --   Gb  - Linker created -
.iar.init_table$$Limit   0x800'1510          --   Gb  - Linker created -
?main                    0x800'1511         Code  Gb  cmain.o [4]
ADC1_2_IRQHandler        0x800'1615         Code  Wk  startup_stm32f10x_md.o [2]
AHBPrescTable           0x2000'0004   0x10  Data  Gb  system_stm32f10x.o [2]
BusFault_Handler         0x800'15b9         Code  Wk  startup_stm32f10x_md.o [2]
CAN1_RX1_IRQHandler      0x800'1619         Code  Wk  startup_stm32f10x_md.o [2]
CAN1_SCE_IRQHandler      0x800'161d         Code  Wk  startup_stm32f10x_md.o [2]
CLOCK_Init               0x800'0f03   0xc6  Code  Gb  CLOCK.o [1]
CLOCK_SystickInit        0x800'0fc9   0x32  Code  Gb  CLOCK.o [1]
CSTACK$$Base            0x2000'0490          --   Gb  - Linker created -
CSTACK$$Limit           0x2000'0c90          --   Gb  - Linker created -
DMA1_Channel1_IRQHandler
                         0x800'15f9         Code  Wk  startup_stm32f10x_md.o [2]
DMA1_Channel2_IRQHandler
                         0x800'15fd         Code  Wk  startup_stm32f10x_md.o [2]
DMA1_Channel3_IRQHandler
                         0x800'1601         Code  Wk  startup_stm32f10x_md.o [2]
DMA1_Channel4_IRQHandler
                         0x800'1605         Code  Wk  startup_stm32f10x_md.o [2]
DMA1_Channel5_IRQHandler
                         0x800'1609         Code  Wk  startup_stm32f10x_md.o [2]
DMA1_Channel6_IRQHandler
                         0x800'160d         Code  Wk  startup_stm32f10x_md.o [2]
DMA1_Channel7_IRQHandler
                         0x800'1611         Code  Wk  startup_stm32f10x_md.o [2]
Data                    0x2000'0294  0x190  Data  Gb  main.o [1]
DebugMon_Handler         0x800'15c5         Code  Wk  startup_stm32f10x_md.o [2]
Direction               0x2000'0484    0x2  Data  Gb  USB_IRQ.o [1]
EXTI0_IRQHandler         0x800'15e5         Code  Wk  startup_stm32f10x_md.o [2]
EXTI15_10_IRQHandler     0x800'1665         Code  Wk  startup_stm32f10x_md.o [2]
EXTI1_IRQHandler         0x800'15e9         Code  Wk  startup_stm32f10x_md.o [2]
EXTI2_IRQHandler         0x800'15ed         Code  Wk  startup_stm32f10x_md.o [2]
EXTI3_IRQHandler         0x800'15f1         Code  Wk  startup_stm32f10x_md.o [2]
EXTI4_IRQHandler         0x800'15f5         Code  Wk  startup_stm32f10x_md.o [2]
EXTI9_5_IRQHandler       0x800'1621         Code  Wk  startup_stm32f10x_md.o [2]
EndpointIndex           0x2000'0482    0x2  Data  Gb  USB_IRQ.o [1]
EnumerationStatus       0x2000'048b    0x1  Data  Gb  USB_IRQ.o [1]
FLASH_IRQHandler         0x800'15dd         Code  Wk  startup_stm32f10x_md.o [2]
GPIO_PINLow              0x800'0c59   0x66  Code  Gb  GPIO.o [1]
GPIO_SetOutPut           0x800'084d  0x40c  Code  Gb  GPIO.o [1]
HardFault_Handler        0x800'15b1         Code  Wk  startup_stm32f10x_md.o [2]
I2C1_ER_IRQHandler       0x800'1645         Code  Wk  startup_stm32f10x_md.o [2]
I2C1_EV_IRQHandler       0x800'1641         Code  Wk  startup_stm32f10x_md.o [2]
I2C2_ER_IRQHandler       0x800'164d         Code  Wk  startup_stm32f10x_md.o [2]
I2C2_EV_IRQHandler       0x800'1649         Code  Wk  startup_stm32f10x_md.o [2]
MemManage_Handler        0x800'15b5         Code  Wk  startup_stm32f10x_md.o [2]
NMI_Handler              0x800'15ad         Code  Wk  startup_stm32f10x_md.o [2]
PVD_IRQHandler           0x800'15d1         Code  Wk  startup_stm32f10x_md.o [2]
PendSV_Handler           0x800'15c9         Code  Wk  startup_stm32f10x_md.o [2]
RCC_IRQHandler           0x800'15e1         Code  Wk  startup_stm32f10x_md.o [2]
RTCAlarm_IRQHandler      0x800'1669         Code  Wk  startup_stm32f10x_md.o [2]
RTC_IRQHandler           0x800'15d9         Code  Wk  startup_stm32f10x_md.o [2]
Region$$Table$$Base      0x800'14ec          --   Gb  - Linker created -
Region$$Table$$Limit     0x800'1510          --   Gb  - Linker created -
Request                 0x2000'0424    0xc  Data  Gb  USB_IRQ.o [1]
Reset_Handler            0x800'159d         Code  Wk  startup_stm32f10x_md.o [2]
SPI1_IRQHandler          0x800'1651         Code  Wk  startup_stm32f10x_md.o [2]
SPI2_IRQHandler          0x800'1655         Code  Wk  startup_stm32f10x_md.o [2]
SPI_Init                 0x800'1455    0xc  Code  Gb  SPI.o [1]
SPI_InitSuccess         0x2000'0488    0x1  Data  Gb  SPI.o [1]
SVC_Handler              0x800'15c1         Code  Wk  startup_stm32f10x_md.o [2]
SaveEPRStatus           0x2000'0480    0x2  Data  Gb  USB_IRQ.o [1]
SaveRx                  0x2000'0489    0x1  Data  Gb  USB_IRQ.o [1]
SaveTx                  0x2000'048a    0x1  Data  Gb  USB_IRQ.o [1]
SetSysClock              0x800'111b    0x8  Code  Lc  system_stm32f10x.o [2]
SetSysClockTo72          0x800'1123   0xae  Code  Lc  system_stm32f10x.o [2]
SpecificRequest         0x2000'0430    0x8  Data  Gb  USB_IRQ.o [1]
SysTick_Handler          0x800'1011    0xc  Code  Gb  CLOCK.o [1]
SystemCoreClock         0x2000'0000    0x4  Data  Gb  system_stm32f10x.o [2]
SystemCoreClockUpdate    0x800'108d   0x8e  Code  Gb  system_stm32f10x.o [2]
SystemInit               0x800'1049   0x44  Code  Gb  system_stm32f10x.o [2]
TAMPER_IRQHandler        0x800'15d5         Code  Wk  startup_stm32f10x_md.o [2]
TIM1_BRK_IRQHandler      0x800'1625         Code  Wk  startup_stm32f10x_md.o [2]
TIM1_CC_IRQHandler       0x800'1631         Code  Wk  startup_stm32f10x_md.o [2]
TIM1_TRG_COM_IRQHandler
                         0x800'162d         Code  Wk  startup_stm32f10x_md.o [2]
TIM1_UP_IRQHandler       0x800'1629         Code  Wk  startup_stm32f10x_md.o [2]
TIM2_IRQHandler          0x800'1635         Code  Wk  startup_stm32f10x_md.o [2]
TIM3_IRQHandler          0x800'1639         Code  Wk  startup_stm32f10x_md.o [2]
TIM4_IRQHandler          0x800'163d         Code  Wk  startup_stm32f10x_md.o [2]
TIMER_Chaining           0x800'12bd   0xba  Code  Gb  TIMER.o [1]
TIMER_EnableInterrupt    0x800'1383    0x2  Code  Gb  TIMER.o [1]
TIMER_Init               0x800'120b   0xb2  Code  Gb  TIMER.o [1]
TIMER_SetCLockSourceMicros
                         0x800'137d    0x6  Code  Gb  TIMER.o [1]
TIMER_SetCLockSourceMillis
                         0x800'1377    0x6  Code  Gb  TIMER.o [1]
TIMER_SourceMicros      0x2000'0444    0x4  Data  Lc  TIMER.o [1]
TIMER_SourceMillis      0x2000'0440    0x4  Data  Lc  TIMER.o [1]
TX_IRQ                  0x2000'0448    0x4  Data  Gb  USB.o [1]
USART1_IRQHandler        0x800'1659         Code  Wk  startup_stm32f10x_md.o [2]
USART2_IRQHandler        0x800'165d         Code  Wk  startup_stm32f10x_md.o [2]
USART3_IRQHandler        0x800'1661         Code  Wk  startup_stm32f10x_md.o [2]
USBWakeUp_IRQHandler     0x800'0e25    0x2  Code  Gb  USB.o [1]
USB_ByteSwap             0x800'00ed   0x16  Code  Lc  USB_IRQ.o [1]
USB_ClearPMA             0x800'0d33   0x12  Code  Lc  USB.o [1]
USB_EnableInterrupt      0x800'0d93   0x46  Code  Lc  USB.o [1]
USB_EndpointReset        0x800'0103   0x38  Code  Lc  USB_IRQ.o [1]
USB_GetRequest           0x800'016b   0xd2  Code  Gb  USB_IRQ.o [1]
USB_HP_CAN1_TX_IRQHandler
                         0x800'0e27    0x8  Code  Gb  USB.o [1]
USB_HW_ClearEP_CTR_RX    0x800'0761   0x22  Code  Gb  USB_HW.o [1]
USB_HW_ClearEP_CTR_TX    0x800'0783   0x22  Code  Gb  USB_HW.o [1]
USB_HW_ResetBTABLE       0x800'0591    0x8  Code  Gb  USB_HW.o [1]
USB_HW_SetDeviceAddr     0x800'06e3    0xa  Code  Gb  USB_HW.o [1]
USB_HW_SetEPEnpointAddress
                         0x800'07a5   0x2c  Code  Gb  USB_HW.o [1]
USB_HW_SetEPRxAddr       0x800'0695   0x16  Code  Gb  USB_HW.o [1]
USB_HW_SetEPRxCount      0x800'07e7   0x54  Code  Gb  USB_HW.o [1]
USB_HW_SetEPRxDataToggle
                         0x800'0599   0x38  Code  Gb  USB_HW.o [1]
USB_HW_SetEPRxStatus     0x800'05d1   0x3c  Code  Gb  USB_HW.o [1]
USB_HW_SetEPTxAddr       0x800'0681   0x14  Code  Gb  USB_HW.o [1]
USB_HW_SetEPTxCount      0x800'07d1   0x16  Code  Gb  USB_HW.o [1]
USB_HW_SetEPTxDataToggle
                         0x800'060d   0x38  Code  Gb  USB_HW.o [1]
USB_HW_SetEPTxStatus     0x800'0645   0x3c  Code  Gb  USB_HW.o [1]
USB_HW_SetEPType         0x800'0737   0x2a  Code  Gb  USB_HW.o [1]
USB_HW_SetPacketSize     0x800'06ab   0x38  Code  Gb  USB_HW.o [1]
USB_HW_SetupData         0x800'06ed   0x4a  Code  Gb  USB_HW.o [1]
USB_IRQ_CTR_PID_IN_Process
                         0x800'039b    0xa  Code  Gb  USB_IRQ.o [1]
USB_IRQ_CTR_PID_OUT_Process
                         0x800'0391    0xa  Code  Gb  USB_IRQ.o [1]
USB_IRQ_CTR_PID_SETUP_Process
                         0x800'0279  0x118  Code  Gb  USB_IRQ.o [1]
USB_IRQ_CorrecTransfer   0x800'03a5   0xc2  Code  Gb  USB_IRQ.o [1]
USB_IRQ_PrepareBuffer    0x800'024b    0x6  Code  Gb  USB_IRQ.o [1]
USB_IRQ_Reset            0x800'047b   0x92  Code  Gb  USB_IRQ.o [1]
USB_IRQ_SendDeviceDescriptor
                         0x800'023d    0xe  Code  Lc  USB_IRQ.o [1]
USB_IRQ_StartOfFrame     0x800'050d    0xa  Code  Gb  USB_IRQ.o [1]
USB_IRQ_Suspend          0x800'0471    0xa  Code  Gb  USB_IRQ.o [1]
USB_IRQ_Wakeup           0x800'0467    0xa  Code  Gb  USB_IRQ.o [1]
USB_IRQ_ZeroLengthPacket
                         0x800'0265   0x14  Code  Gb  USB_IRQ.o [1]
USB_Init                 0x800'0dd9   0x4c  Code  Gb  USB.o [1]
USB_LP_CAN1_RX0_IRQHandler
                         0x800'0e2f   0x68  Code  Gb  USB.o [1]
USB_Reset                0x800'0d45   0x4e  Code  Lc  USB.o [1]
UsageFault_Handler       0x800'15bd         Code  Wk  startup_stm32f10x_md.o [2]
Virtual_Com_Port_DeviceDescriptor
                         0x800'1574   0x14  Data  Gb  USB_Types.o [1]
WWDG_IRQHandler          0x800'15cd         Code  Wk  startup_stm32f10x_md.o [2]
__NVIC_EnableIRQ         0x800'13a9   0x1e  Code  Lc  main.o [1]
__NVIC_EnableIRQ         0x800'0ce9   0x1e  Code  Lc  USB.o [1]
__NVIC_SetPriority       0x800'0ec9   0x2c  Code  Lc  CLOCK.o [1]
__NVIC_SetPriority       0x800'0d07   0x2c  Code  Lc  USB.o [1]
__cmain                  0x800'1511         Code  Gb  cmain.o [4]
__exit                   0x800'1545   0x14  Code  Gb  exit.o [5]
__iar_copy_init3         0x800'149b   0x2a  Code  Gb  copy_init3.o [4]
__iar_data_init3         0x800'14c5   0x28  Code  Gb  data_init.o [4]
__iar_program_start      0x800'1559         Code  Gb  cstartup_M.o [4]
__iar_zero_init3         0x800'1463   0x38  Code  Gb  zero_init3.o [4]
__low_level_init         0x800'152f    0x4  Code  Gb  low_level_init.o [3]
__vector_table           0x800'0000         Data  Gb  startup_stm32f10x_md.o [2]
_call_main               0x800'151d         Code  Gb  cmain.o [4]
_exit                    0x800'1539         Code  Gb  cexit.o [4]
check                   0x2000'0014  0x280  Data  Gb  USB_IRQ.o [1]
clearSetupRequest        0x800'0251   0x14  Code  Gb  USB_IRQ.o [1]
copy                     0x800'013b   0x30  Code  Gb  USB_IRQ.o [1]
ctr                     0x2000'0450    0x4  Data  Gb  USB_IRQ.o [1]
data_out                0x2000'046c    0x4  Data  Gb  USB_IRQ.o [1]
delay                    0x800'0ef5    0xe  Code  Gb  CLOCK.o [1]
delay                    0x800'11fd    0xe  Code  Lc  TIMER.o [1]
exit                     0x800'1533    0x4  Code  Gb  exit.o [3]
get_device_des          0x2000'0464    0x4  Data  Gb  USB_IRQ.o [1]
get_ful_des             0x2000'0468    0x4  Data  Gb  USB_IRQ.o [1]
host_in                 0x2000'0470    0x4  Data  Gb  USB_IRQ.o [1]
k                       0x2000'047c    0x4  Data  Gb  USB_IRQ.o [1]
main                     0x800'13c7   0x7a  Code  Gb  main.o [1]
micros                   0x800'0ffb   0x16  Code  Gb  CLOCK.o [1]
nRF24L01_Init            0x800'1461    0x2  Code  Gb  nRF24L01.o [1]
ptr_Data                0x2000'044c    0x4  Data  Gb  USB_IRQ.o [1]
reset                   0x2000'0454    0x4  Data  Gb  USB_IRQ.o [1]
saveAdr                 0x2000'0486    0x2  Data  Gb  USB_IRQ.o [1]
setup                   0x2000'0474    0x4  Data  Gb  USB_IRQ.o [1]
sof                     0x2000'045c    0x4  Data  Gb  USB_IRQ.o [1]
stop                    0x2000'0478    0x4  Data  Gb  USB_IRQ.o [1]
sus                     0x2000'0460    0x4  Data  Gb  USB_IRQ.o [1]
timer                   0x2000'043c    0x4  Data  Gb  main.o [1]
ui32micros              0x2000'0438    0x4  Data  Lc  CLOCK.o [1]
wk                      0x2000'0458    0x4  Data  Gb  USB_IRQ.o [1]


[1] = F:\USB_RF\project\Debug\Obj\source
[2] = F:\USB_RF\project\Debug\Obj\startup
[3] = dl7M_tln.a
[4] = rt7M_tl.a
[5] = shb_l.a

  5'664 bytes of readonly  code memory
     76 bytes of readonly  data memory
  3'212 bytes of readwrite data memory

Errors: none
Warnings: none
