###############################################################################
#
# IAR ELF Linker V9.30.1.335/W64 for ARM                  11/May/2024  10:24:27
# Copyright 2007-2022 IAR Systems AB.
#
#    Output file  =  F:\USB_RF\project\Debug\Exe\USB_RF.out
#    Map file     =  F:\USB_RF\project\Debug\List\USB_RF.map
#    Command line =
#        -f F:\USB_RF\project\Debug\Exe\USB_RF.out.rsp
#        (F:\USB_RF\project\Debug\Obj\source\CLOCK.o
#        F:\USB_RF\project\Debug\Obj\source\FLASH.o
#        F:\USB_RF\project\Debug\Obj\source\GPIO.o
#        F:\USB_RF\project\Debug\Obj\source\main.o
#        F:\USB_RF\project\Debug\Obj\source\nRF24L01.o
#        F:\USB_RF\project\Debug\Obj\source\SPI.o
#        F:\USB_RF\project\Debug\Obj\startup\startup_stm32f10x_md.o
#        F:\USB_RF\project\Debug\Obj\startup\system_stm32f10x.o
#        F:\USB_RF\project\Debug\Obj\source\TIMER.o
#        F:\USB_RF\project\Debug\Obj\source\USB.o
#        F:\USB_RF\project\Debug\Obj\source\USB_HW.o
#        F:\USB_RF\project\Debug\Obj\source\USB_IRQ.o
#        F:\USB_RF\project\Debug\Obj\source\USB_Types.o --no_out_extension -o
#        F:\USB_RF\project\Debug\Exe\USB_RF.out --map
#        F:\USB_RF\project\Debug\List\USB_RF.map --config "C:\Program Files\IAR
#        Systems\Embedded Workbench 9.1\arm/config/linker/ST/stm32f103x8.icf"
#        --semihosting --entry __iar_program_start --redirect
#        __iar_sh_stdout=__iar_sh_stdout_swo --vfe --text_out locale
#        --cpu=Cortex-M3 --fpu=None)
#
###############################################################################

*******************************************************************************
*** RUNTIME MODEL ATTRIBUTES
***

CppFlavor       = *
__CPP_Runtime   = 1
__SystemLibrary = DLib
__dlib_version  = 6


*******************************************************************************
*** HEAP SELECTION
***

The basic heap was selected because --advanced_heap
was not specified and the application did not appear to
be primarily optimized for speed.


*******************************************************************************
*** PLACEMENT SUMMARY
***

"A0":  place at address 0x800'0000 { ro section .intvec };
"P1":  place in [from 0x800'0000 to 0x800'ffff] { ro };
define block CSTACK with size = 2K, alignment = 8 { };
define block HEAP with size = 2K, alignment = 8 { };
"P2":  place in [from 0x2000'0000 to 0x2000'4fff] {
          rw, block CSTACK, block HEAP };
initialize by copy { rw };

  Section            Kind         Address    Size  Object
  -------            ----         -------    ----  ------
"A0":                                        0xec
  .intvec            ro code   0x800'0000    0xec  startup_stm32f10x_md.o [2]
                             - 0x800'00ec    0xec

"P1":                                      0x1f8c
  .text              ro code   0x800'00ec   0x810  USB_IRQ.o [1]
  .text              ro code   0x800'08fc   0x2e8  USB_HW.o [1]
  .text              ro code   0x800'0be4   0x598  GPIO.o [1]
  .text              ro code   0x800'117c   0x266  nRF24L01.o [1]
  .text              ro code   0x800'13e2    0x2a  copy_init3.o [4]
  .text              ro code   0x800'140c   0x1e0  SPI.o [1]
  .text              ro code   0x800'15ec    0x14  memset.o [4]
  .text              ro code   0x800'1600   0x180  CLOCK.o [1]
  .text              ro code   0x800'1780    0x66  ABImemset.o [4]
  .text              ro code   0x800'17e8   0x1b4  system_stm32f10x.o [2]
  .text              ro code   0x800'199c   0x1ac  TIMER.o [1]
  .text              ro code   0x800'1b48   0x190  USB.o [1]
  Initializer bytes  const     0x800'1cd8   0x114  <for P2-1>
  .text              ro code   0x800'1dec    0xd4  main.o [1]
  .text              ro code   0x800'1ec0    0x38  zero_init3.o [4]
  .text              ro code   0x800'1ef8    0x28  data_init.o [4]
  .iar.init_table    const     0x800'1f20    0x24  - Linker created -
  .text              ro code   0x800'1f44    0x1e  cmain.o [4]
  .text              ro code   0x800'1f62     0x4  low_level_init.o [3]
  .text              ro code   0x800'1f66     0x4  exit.o [3]
  .text              ro code   0x800'1f6c     0xa  cexit.o [4]
  .text              ro code   0x800'1f78    0x14  exit.o [5]
  .text              ro code   0x800'1f8c    0x1c  cstartup_M.o [4]
  .text              ro code   0x800'1fa8    0x10  startup_stm32f10x_md.o [2]
  .text              ro code   0x800'1fb8     0x4  startup_stm32f10x_md.o [2]
  .text              ro code   0x800'1fbc     0x4  startup_stm32f10x_md.o [2]
  .text              ro code   0x800'1fc0     0x4  startup_stm32f10x_md.o [2]
  .text              ro code   0x800'1fc4     0x4  startup_stm32f10x_md.o [2]
  .text              ro code   0x800'1fc8     0x4  startup_stm32f10x_md.o [2]
  .text              ro code   0x800'1fcc     0x4  startup_stm32f10x_md.o [2]
  .text              ro code   0x800'1fd0     0x4  startup_stm32f10x_md.o [2]
  .text              ro code   0x800'1fd4     0x4  startup_stm32f10x_md.o [2]
  .text              ro code   0x800'1fd8     0x4  startup_stm32f10x_md.o [2]
  .text              ro code   0x800'1fdc     0x4  startup_stm32f10x_md.o [2]
  .text              ro code   0x800'1fe0     0x4  startup_stm32f10x_md.o [2]
  .text              ro code   0x800'1fe4     0x4  startup_stm32f10x_md.o [2]
  .text              ro code   0x800'1fe8     0x4  startup_stm32f10x_md.o [2]
  .text              ro code   0x800'1fec     0x4  startup_stm32f10x_md.o [2]
  .text              ro code   0x800'1ff0     0x4  startup_stm32f10x_md.o [2]
  .text              ro code   0x800'1ff4     0x4  startup_stm32f10x_md.o [2]
  .text              ro code   0x800'1ff8     0x4  startup_stm32f10x_md.o [2]
  .text              ro code   0x800'1ffc     0x4  startup_stm32f10x_md.o [2]
  .text              ro code   0x800'2000     0x4  startup_stm32f10x_md.o [2]
  .text              ro code   0x800'2004     0x4  startup_stm32f10x_md.o [2]
  .text              ro code   0x800'2008     0x4  startup_stm32f10x_md.o [2]
  .text              ro code   0x800'200c     0x4  startup_stm32f10x_md.o [2]
  .text              ro code   0x800'2010     0x4  startup_stm32f10x_md.o [2]
  .text              ro code   0x800'2014     0x4  startup_stm32f10x_md.o [2]
  .text              ro code   0x800'2018     0x4  startup_stm32f10x_md.o [2]
  .text              ro code   0x800'201c     0x4  startup_stm32f10x_md.o [2]
  .text              ro code   0x800'2020     0x4  startup_stm32f10x_md.o [2]
  .text              ro code   0x800'2024     0x4  startup_stm32f10x_md.o [2]
  .text              ro code   0x800'2028     0x4  startup_stm32f10x_md.o [2]
  .text              ro code   0x800'202c     0x4  startup_stm32f10x_md.o [2]
  .text              ro code   0x800'2030     0x4  startup_stm32f10x_md.o [2]
  .text              ro code   0x800'2034     0x4  startup_stm32f10x_md.o [2]
  .text              ro code   0x800'2038     0x4  startup_stm32f10x_md.o [2]
  .text              ro code   0x800'203c     0x4  startup_stm32f10x_md.o [2]
  .text              ro code   0x800'2040     0x4  startup_stm32f10x_md.o [2]
  .text              ro code   0x800'2044     0x4  startup_stm32f10x_md.o [2]
  .text              ro code   0x800'2048     0x4  startup_stm32f10x_md.o [2]
  .text              ro code   0x800'204c     0x4  startup_stm32f10x_md.o [2]
  .text              ro code   0x800'2050     0x4  startup_stm32f10x_md.o [2]
  .text              ro code   0x800'2054     0x4  startup_stm32f10x_md.o [2]
  .text              ro code   0x800'2058     0x4  startup_stm32f10x_md.o [2]
  .text              ro code   0x800'205c     0x4  startup_stm32f10x_md.o [2]
  .text              ro code   0x800'2060     0x4  startup_stm32f10x_md.o [2]
  .text              ro code   0x800'2064     0x4  startup_stm32f10x_md.o [2]
  .text              ro code   0x800'2068     0x4  startup_stm32f10x_md.o [2]
  .text              ro code   0x800'206c     0x4  startup_stm32f10x_md.o [2]
  .text              ro code   0x800'2070     0x4  startup_stm32f10x_md.o [2]
  .text              ro code   0x800'2074     0x4  startup_stm32f10x_md.o [2]
  .rodata            const     0x800'2078     0x0  zero_init3.o [4]
  .rodata            const     0x800'2078     0x0  copy_init3.o [4]
                             - 0x800'2078  0x1f8c

"P2", part 1 of 3:                          0x114
  P2-1                        0x2000'0000   0x112  <Init block>
    .data            inited   0x2000'0000     0x4  system_stm32f10x.o [2]
    .data            inited   0x2000'0004    0x10  system_stm32f10x.o [2]
    .data            inited   0x2000'0014     0x4  USB_IRQ.o [1]
    .data            inited   0x2000'0018    0x20  USB_IRQ.o [1]
    .data            inited   0x2000'0038    0x14  USB_Types.o [1]
    .data            inited   0x2000'004c    0x14  USB_Types.o [1]
    .data            inited   0x2000'0060    0x44  USB_Types.o [1]
    .data            inited   0x2000'00a4     0x4  USB_Types.o [1]
    .data            inited   0x2000'00a8    0x28  USB_Types.o [1]
    .data            inited   0x2000'00d0    0x34  USB_Types.o [1]
    .data            inited   0x2000'0104     0xc  USB_Types.o [1]
    .data            inited   0x2000'0110     0x1  USB_IRQ.o [1]
    .data            inited   0x2000'0111     0x1  USB_IRQ.o [1]
                            - 0x2000'0112   0x112

"P2", part 2 of 3:                           0x6c
  .bss               zero     0x2000'0114     0xc  USB_IRQ.o [1]
  .bss               zero     0x2000'0120     0x8  main.o [1]
  .bss               zero     0x2000'0128     0x8  USB_IRQ.o [1]
  .bss               zero     0x2000'0130     0x8  USB_IRQ.o [1]
  .bss               zero     0x2000'0138     0x8  USB_IRQ.o [1]
  .bss               zero     0x2000'0140     0x4  CLOCK.o [1]
  .bss               zero     0x2000'0144     0x4  main.o [1]
  .bss               zero     0x2000'0148     0x4  TIMER.o [1]
  .bss               zero     0x2000'014c     0x4  TIMER.o [1]
  .bss               zero     0x2000'0150     0x4  USB.o [1]
  .bss               zero     0x2000'0154     0x4  USB_IRQ.o [1]
  .bss               zero     0x2000'0158     0x4  USB_IRQ.o [1]
  .bss               zero     0x2000'015c     0x4  USB_IRQ.o [1]
  .bss               zero     0x2000'0160     0x4  USB_IRQ.o [1]
  .bss               zero     0x2000'0164     0x4  USB_IRQ.o [1]
  .bss               zero     0x2000'0168     0x4  USB_IRQ.o [1]
  .bss               zero     0x2000'016c     0x4  USB_IRQ.o [1]
  .bss               zero     0x2000'0170     0x2  SPI.o [1]
  .bss               zero     0x2000'0172     0x2  USB_IRQ.o [1]
  .bss               zero     0x2000'0174     0x2  USB_IRQ.o [1]
  .bss               zero     0x2000'0176     0x2  USB_IRQ.o [1]
  .bss               zero     0x2000'0178     0x2  USB_IRQ.o [1]
  .bss               zero     0x2000'017a     0x2  USB_IRQ.o [1]
  .bss               zero     0x2000'017c     0x1  SPI.o [1]
  .bss               zero     0x2000'017d     0x1  USB_IRQ.o [1]
  .bss               zero     0x2000'017e     0x1  USB_IRQ.o [1]
                            - 0x2000'017f    0x6b

"P2", part 3 of 3:                          0x800
  CSTACK                      0x2000'0180   0x800  <Block>
    CSTACK           uninit   0x2000'0180   0x800  <Block tail>
                            - 0x2000'0980   0x800

Unused ranges:

         From           To    Size
         ----           --    ----
   0x800'2078   0x800'ffff  0xdf88
  0x2000'0980  0x2000'4fff  0x4680


*******************************************************************************
*** INIT TABLE
***

          Address      Size
          -------      ----
Zero (__iar_zero_init3)
    1 destination range, total size 0x6b:
          0x2000'0114   0x6b

Copy (__iar_copy_init3)
    1 source range, total size 0x114 (100% of destination):
           0x800'1cd8  0x114
    1 destination range, total size 0x112:
          0x2000'0000  0x112



*******************************************************************************
*** MODULE SUMMARY
***

    Module                  ro code  ro data  rw data
    ------                  -------  -------  -------
command line/config:
    -------------------------------------------------
    Total:

F:\USB_RF\project\Debug\Obj\source: [1]
    CLOCK.o                     384                 4
    GPIO.o                    1'432
    SPI.o                       480                 3
    TIMER.o                     428                 8
    USB.o                       400                 4
    USB_HW.o                    744
    USB_IRQ.o                 2'064       38      114
    USB_Types.o                          216      216
    main.o                      212                12
    nRF24L01.o                  614
    -------------------------------------------------
    Total:                    6'758      254      361

F:\USB_RF\project\Debug\Obj\startup: [2]
    startup_stm32f10x_md.o      444
    system_stm32f10x.o          436       20       20
    -------------------------------------------------
    Total:                      880       20       20

dl7M_tln.a: [3]
    exit.o                        4
    low_level_init.o              4
    -------------------------------------------------
    Total:                        8

rt7M_tl.a: [4]
    ABImemset.o                 102
    cexit.o                      10
    cmain.o                      30
    copy_init3.o                 42
    cstartup_M.o                 28
    data_init.o                  40
    memset.o                     20
    zero_init3.o                 56
    -------------------------------------------------
    Total:                      328

shb_l.a: [5]
    exit.o                       20
    -------------------------------------------------
    Total:                       20

    Gaps                          6
    Linker created                        38    2'048
-----------------------------------------------------
    Grand Total:              8'000      312    2'429


*******************************************************************************
*** ENTRY LIST
***

Entry                       Address   Size  Type      Object
-----                       -------   ----  ----      ------
.iar.init_table$$Base    0x800'1f20          --   Gb  - Linker created -
.iar.init_table$$Limit   0x800'1f44          --   Gb  - Linker created -
?main                    0x800'1f45         Code  Gb  cmain.o [4]
ADC1_2_IRQHandler        0x800'2021         Code  Wk  startup_stm32f10x_md.o [2]
AHBPrescTable           0x2000'0004   0x10  Data  Gb  system_stm32f10x.o [2]
Address                 0x2000'0120    0x8  Data  Gb  main.o [1]
Baudrate                0x2000'0014    0x4  Data  Gb  USB_IRQ.o [1]
BusFault_Handler         0x800'1fc5         Code  Wk  startup_stm32f10x_md.o [2]
CAN1_RX1_IRQHandler      0x800'2025         Code  Wk  startup_stm32f10x_md.o [2]
CAN1_SCE_IRQHandler      0x800'2029         Code  Wk  startup_stm32f10x_md.o [2]
CDC_LineCoding          0x2000'0138    0x8  Data  Gb  USB_IRQ.o [1]
CLOCK_Init               0x800'163b   0xc6  Code  Gb  CLOCK.o [1]
CLOCK_SystickInit        0x800'1701   0x32  Code  Gb  CLOCK.o [1]
CSTACK$$Base            0x2000'0180          --   Gb  - Linker created -
CSTACK$$Limit           0x2000'0980          --   Gb  - Linker created -
DMA1_Channel1_IRQHandler
                         0x800'2005         Code  Wk  startup_stm32f10x_md.o [2]
DMA1_Channel2_IRQHandler
                         0x800'2009         Code  Wk  startup_stm32f10x_md.o [2]
DMA1_Channel3_IRQHandler
                         0x800'200d         Code  Wk  startup_stm32f10x_md.o [2]
DMA1_Channel4_IRQHandler
                         0x800'2011         Code  Wk  startup_stm32f10x_md.o [2]
DMA1_Channel5_IRQHandler
                         0x800'2015         Code  Wk  startup_stm32f10x_md.o [2]
DMA1_Channel6_IRQHandler
                         0x800'2019         Code  Wk  startup_stm32f10x_md.o [2]
DMA1_Channel7_IRQHandler
                         0x800'201d         Code  Wk  startup_stm32f10x_md.o [2]
DataBits                0x2000'0110    0x1  Data  Gb  USB_IRQ.o [1]
DebugMon_Handler         0x800'1fd1         Code  Wk  startup_stm32f10x_md.o [2]
Direction               0x2000'0178    0x2  Data  Gb  USB_IRQ.o [1]
Dummy                   0x2000'0158    0x4  Data  Gb  USB_IRQ.o [1]
DummySpi                0x2000'0170    0x2  Data  Lc  SPI.o [1]
EXTI0_IRQHandler         0x800'1ff1         Code  Wk  startup_stm32f10x_md.o [2]
EXTI15_10_IRQHandler     0x800'2071         Code  Wk  startup_stm32f10x_md.o [2]
EXTI1_IRQHandler         0x800'1ff5         Code  Wk  startup_stm32f10x_md.o [2]
EXTI2_IRQHandler         0x800'1ff9         Code  Wk  startup_stm32f10x_md.o [2]
EXTI3_IRQHandler         0x800'1ffd         Code  Wk  startup_stm32f10x_md.o [2]
EXTI4_IRQHandler         0x800'2001         Code  Wk  startup_stm32f10x_md.o [2]
EXTI9_5_IRQHandler       0x800'202d         Code  Wk  startup_stm32f10x_md.o [2]
EndpointIndex           0x2000'0176    0x2  Data  Gb  USB_IRQ.o [1]
EnumerationStatus       0x2000'017d    0x1  Data  Gb  USB_IRQ.o [1]
FLASH_IRQHandler         0x800'1fe9         Code  Wk  startup_stm32f10x_md.o [2]
GPIO_PinHigh             0x800'1057   0x5a  Code  Gb  GPIO.o [1]
GPIO_PinLow              0x800'0ff1   0x66  Code  Gb  GPIO.o [1]
GPIO_SetOutPut           0x800'0be5  0x40c  Code  Gb  GPIO.o [1]
HardFault_Handler        0x800'1fbd         Code  Wk  startup_stm32f10x_md.o [2]
I2C1_ER_IRQHandler       0x800'2051         Code  Wk  startup_stm32f10x_md.o [2]
I2C1_EV_IRQHandler       0x800'204d         Code  Wk  startup_stm32f10x_md.o [2]
I2C2_ER_IRQHandler       0x800'2059         Code  Wk  startup_stm32f10x_md.o [2]
I2C2_EV_IRQHandler       0x800'2055         Code  Wk  startup_stm32f10x_md.o [2]
MemManage_Handler        0x800'1fc1         Code  Wk  startup_stm32f10x_md.o [2]
NMI_Handler              0x800'1fb9         Code  Wk  startup_stm32f10x_md.o [2]
PIO_PinToggle            0x800'10b1   0x98  Code  Gb  GPIO.o [1]
PVD_IRQHandler           0x800'1fdd         Code  Wk  startup_stm32f10x_md.o [2]
PacketInfo              0x2000'0130    0x8  Data  Gb  USB_IRQ.o [1]
ParityType              0x2000'017e    0x1  Data  Gb  USB_IRQ.o [1]
PendSV_Handler           0x800'1fd5         Code  Wk  startup_stm32f10x_md.o [2]
PreRequest              0x2000'0111    0x1  Data  Gb  USB_IRQ.o [1]
RCC_IRQHandler           0x800'1fed         Code  Wk  startup_stm32f10x_md.o [2]
RTCAlarm_IRQHandler      0x800'2075         Code  Wk  startup_stm32f10x_md.o [2]
RTC_IRQHandler           0x800'1fe5         Code  Wk  startup_stm32f10x_md.o [2]
Region$$Table$$Base      0x800'1f20          --   Gb  - Linker created -
Region$$Table$$Limit     0x800'1f44          --   Gb  - Linker created -
Request                 0x2000'0114    0xc  Data  Gb  USB_IRQ.o [1]
Reset_Handler            0x800'1fa9         Code  Wk  startup_stm32f10x_md.o [2]
SPI1_IRQHandler          0x800'205d         Code  Wk  startup_stm32f10x_md.o [2]
SPI1_Init                0x800'140d   0xc6  Code  Gb  SPI.o [1]
SPI1_Read1Byte           0x800'157d   0x3e  Code  Gb  SPI.o [1]
SPI1_Start               0x800'14d3    0xc  Code  Gb  SPI.o [1]
SPI1_Stop                0x800'14df    0xc  Code  Gb  SPI.o [1]
SPI1_Write1Byte          0x800'14eb   0x42  Code  Gb  SPI.o [1]
SPI1_WriteMulBytes       0x800'152d   0x50  Code  Gb  SPI.o [1]
SPI2_IRQHandler          0x800'2061         Code  Wk  startup_stm32f10x_md.o [2]
SPIInit_b               0x2000'017c    0x1  Data  Gb  SPI.o [1]
SVC_Handler              0x800'1fcd         Code  Wk  startup_stm32f10x_md.o [2]
SaveEPRStatus           0x2000'0172    0x2  Data  Gb  USB_IRQ.o [1]
SaveISTR                0x2000'0174    0x2  Data  Gb  USB_IRQ.o [1]
SetSysClock              0x800'18bb    0x8  Code  Lc  system_stm32f10x.o [2]
SetSysClockTo72          0x800'18c3   0xae  Code  Lc  system_stm32f10x.o [2]
SpecificRequest         0x2000'0128    0x8  Data  Gb  USB_IRQ.o [1]
Stopbit                 0x2000'0154    0x4  Data  Gb  USB_IRQ.o [1]
StringDescriptor        0x2000'0018   0x20  Data  Gb  USB_IRQ.o [1]
SysTick_Handler          0x800'1749    0xc  Code  Gb  CLOCK.o [1]
SystemCoreClock         0x2000'0000    0x4  Data  Gb  system_stm32f10x.o [2]
SystemCoreClockUpdate    0x800'182d   0x8e  Code  Gb  system_stm32f10x.o [2]
SystemInit               0x800'17e9   0x44  Code  Gb  system_stm32f10x.o [2]
TAMPER_IRQHandler        0x800'1fe1         Code  Wk  startup_stm32f10x_md.o [2]
TIM1_BRK_IRQHandler      0x800'2031         Code  Wk  startup_stm32f10x_md.o [2]
TIM1_CC_IRQHandler       0x800'203d         Code  Wk  startup_stm32f10x_md.o [2]
TIM1_TRG_COM_IRQHandler
                         0x800'2039         Code  Wk  startup_stm32f10x_md.o [2]
TIM1_UP_IRQHandler       0x800'2035         Code  Wk  startup_stm32f10x_md.o [2]
TIM2_IRQHandler          0x800'2041         Code  Wk  startup_stm32f10x_md.o [2]
TIM3_IRQHandler          0x800'2045         Code  Wk  startup_stm32f10x_md.o [2]
TIM4_IRQHandler          0x800'2049         Code  Wk  startup_stm32f10x_md.o [2]
TIMER_Chaining           0x800'1a5d   0xba  Code  Gb  TIMER.o [1]
TIMER_EnableInterrupt    0x800'1b23    0x2  Code  Gb  TIMER.o [1]
TIMER_Init               0x800'19ab   0xb2  Code  Gb  TIMER.o [1]
TIMER_SetCLockSourceMicros
                         0x800'1b1d    0x6  Code  Gb  TIMER.o [1]
TIMER_SetCLockSourceMillis
                         0x800'1b17    0x6  Code  Gb  TIMER.o [1]
TIMER_SourceMicros      0x2000'014c    0x4  Data  Lc  TIMER.o [1]
TIMER_SourceMillis      0x2000'0148    0x4  Data  Lc  TIMER.o [1]
TX_IRQ                  0x2000'0150    0x4  Data  Gb  USB.o [1]
USART1_IRQHandler        0x800'2065         Code  Wk  startup_stm32f10x_md.o [2]
USART2_IRQHandler        0x800'2069         Code  Wk  startup_stm32f10x_md.o [2]
USART3_IRQHandler        0x800'206d         Code  Wk  startup_stm32f10x_md.o [2]
USBWakeUp_IRQHandler     0x800'1c63    0x2  Code  Gb  USB.o [1]
USB_ByteSwap             0x800'00ed   0x16  Code  Lc  USB_IRQ.o [1]
USB_DeviceDescriptor    0x2000'004c   0x14  Data  Gb  USB_Types.o [1]
USB_EnableInterrupt      0x800'1be1   0x36  Code  Lc  USB.o [1]
USB_EndpointReset        0x800'014d   0x38  Code  Lc  USB_IRQ.o [1]
USB_GetRequest           0x800'0185   0xdc  Code  Gb  USB_IRQ.o [1]
USB_HP_CAN1_TX_IRQHandler
                         0x800'1c65    0xa  Code  Gb  USB.o [1]
USB_HW_ClearEP_CTR_RX    0x800'0ac9   0x22  Code  Gb  USB_HW.o [1]
USB_HW_ClearEP_CTR_TX    0x800'0aeb   0x22  Code  Gb  USB_HW.o [1]
USB_HW_ClearPMA          0x800'0905   0x12  Code  Gb  USB_HW.o [1]
USB_HW_ResetBTABLE       0x800'08fd    0x8  Code  Gb  USB_HW.o [1]
USB_HW_SetDeviceAddr     0x800'0a29    0xa  Code  Gb  USB_HW.o [1]
USB_HW_SetEPEnpointAddress
                         0x800'0b37   0x2c  Code  Gb  USB_HW.o [1]
USB_HW_SetEPKind         0x800'0b0d   0x2a  Code  Gb  USB_HW.o [1]
USB_HW_SetEPRxAddr       0x800'0a13   0x16  Code  Gb  USB_HW.o [1]
USB_HW_SetEPRxCount      0x800'0b79   0x54  Code  Gb  USB_HW.o [1]
USB_HW_SetEPRxDataToggle
                         0x800'0917   0x38  Code  Gb  USB_HW.o [1]
USB_HW_SetEPRxStatus     0x800'094f   0x3c  Code  Gb  USB_HW.o [1]
USB_HW_SetEPTxAddr       0x800'09ff   0x14  Code  Gb  USB_HW.o [1]
USB_HW_SetEPTxCount      0x800'0b63   0x16  Code  Gb  USB_HW.o [1]
USB_HW_SetEPTxDataToggle
                         0x800'098b   0x38  Code  Gb  USB_HW.o [1]
USB_HW_SetEPTxStatus     0x800'09c3   0x3c  Code  Gb  USB_HW.o [1]
USB_HW_SetEPType         0x800'0a9f   0x2a  Code  Gb  USB_HW.o [1]
USB_HW_SetupData         0x800'0a33   0x6c  Code  Gb  USB_HW.o [1]
USB_IRQ_CTR_PID_IN_Process
                         0x800'0615   0x92  Code  Gb  USB_IRQ.o [1]
USB_IRQ_CTR_PID_OUT_Process
                         0x800'059f   0x76  Code  Gb  USB_IRQ.o [1]
USB_IRQ_CTR_PID_SETUP_Process
                         0x800'027b  0x324  Code  Gb  USB_IRQ.o [1]
USB_IRQ_CorrecTransfer   0x800'06a7   0xa4  Code  Gb  USB_IRQ.o [1]
USB_IRQ_Reset            0x800'0755  0x12e  Code  Gb  USB_IRQ.o [1]
USB_IRQ_SetCDCBaudrate   0x800'0103   0x4a  Code  Lc  USB_IRQ.o [1]
USB_IRQ_Suspend          0x800'074b    0xa  Code  Gb  USB_IRQ.o [1]
USB_IRQ_ZeroLengthPacket
                         0x800'0261   0x1a  Code  Lc  USB_IRQ.o [1]
USB_Init                 0x800'1c17   0x4c  Code  Gb  USB.o [1]
USB_LP_CAN1_RX0_IRQHandler
                         0x800'1c6f   0x3e  Code  Gb  USB.o [1]
USB_Reset                0x800'1b93   0x4e  Code  Lc  USB.o [1]
UsageFault_Handler       0x800'1fc9         Code  Wk  startup_stm32f10x_md.o [2]
Virtual_Com_Port_ConfigDescriptor
                        0x2000'0060   0x44  Data  Gb  USB_Types.o [1]
Virtual_Com_Port_DeviceDescriptor
                        0x2000'0038   0x14  Data  Gb  USB_Types.o [1]
Virtual_Com_Port_StringLangID
                        0x2000'00a4    0x4  Data  Gb  USB_Types.o [1]
Virtual_Com_Port_StringProduct
                        0x2000'00d0   0x34  Data  Gb  USB_Types.o [1]
Virtual_Com_Port_StringSerial
                        0x2000'0104    0xc  Data  Gb  USB_Types.o [1]
Virtual_Com_Port_StringVendor
                        0x2000'00a8   0x28  Data  Gb  USB_Types.o [1]
WWDG_IRQHandler          0x800'1fd9         Code  Wk  startup_stm32f10x_md.o [2]
__NVIC_EnableIRQ         0x800'1ded   0x1e  Code  Lc  main.o [1]
__NVIC_EnableIRQ         0x800'1b49   0x1e  Code  Lc  USB.o [1]
__NVIC_SetPriority       0x800'1601   0x2c  Code  Lc  CLOCK.o [1]
__NVIC_SetPriority       0x800'1b67   0x2c  Code  Lc  USB.o [1]
__aeabi_memset           0x800'1781         Code  Gb  ABImemset.o [4]
__cmain                  0x800'1f45         Code  Gb  cmain.o [4]
__exit                   0x800'1f79   0x14  Code  Gb  exit.o [5]
__iar_Memset             0x800'1781         Code  Gb  ABImemset.o [4]
__iar_Memset_word        0x800'1789         Code  Gb  ABImemset.o [4]
__iar_copy_init3         0x800'13e3   0x2a  Code  Gb  copy_init3.o [4]
__iar_data_init3         0x800'1ef9   0x28  Code  Gb  data_init.o [4]
__iar_program_start      0x800'1f8d         Code  Gb  cstartup_M.o [4]
__iar_zero_init3         0x800'1ec1   0x38  Code  Gb  zero_init3.o [4]
__low_level_init         0x800'1f63    0x4  Code  Gb  low_level_init.o [3]
__vector_table           0x800'0000         Data  Gb  startup_stm32f10x_md.o [2]
_call_main               0x800'1f51         Code  Gb  cmain.o [4]
_exit                    0x800'1f6d         Code  Gb  cexit.o [4]
delay                    0x800'162d    0xe  Code  Gb  CLOCK.o [1]
delay                    0x800'199d    0xe  Code  Lc  TIMER.o [1]
exit                     0x800'1f67    0x4  Code  Gb  exit.o [3]
getStatus               0x2000'0168    0x4  Data  Gb  USB_IRQ.o [1]
get_configDes           0x2000'0160    0x4  Data  Gb  USB_IRQ.o [1]
get_interface           0x2000'016c    0x4  Data  Gb  USB_IRQ.o [1]
main                     0x800'1e0b   0xa0  Code  Gb  main.o [1]
memset                   0x800'15ed   0x14  Code  Gb  memset.o [4]
micros                   0x800'1733   0x16  Code  Gb  CLOCK.o [1]
nRF24L01_Disable         0x800'11cd    0xa  Code  Lc  nRF24L01.o [1]
nRF24L01_Enable          0x800'11c3    0xa  Code  Lc  nRF24L01.o [1]
nRF24L01_Init            0x800'1317   0x62  Code  Gb  nRF24L01.o [1]
nRF24L01_Read1Byte       0x800'11b5    0xe  Code  Lc  nRF24L01.o [1]
nRF24L01_Reset           0x800'11d7  0x140  Code  Gb  nRF24L01.o [1]
nRF24L01_RxMode          0x800'137d   0x66  Code  Gb  nRF24L01.o [1]
nRF24L01_Write1Byte      0x800'117d   0x1a  Code  Lc  nRF24L01.o [1]
nRF24L01_WriteMulBytes   0x800'1197   0x1e  Code  Lc  nRF24L01.o [1]
saveAdr                 0x2000'017a    0x2  Data  Gb  USB_IRQ.o [1]
stop                    0x2000'0164    0x4  Data  Gb  USB_IRQ.o [1]
sus                     0x2000'015c    0x4  Data  Gb  USB_IRQ.o [1]
timer                   0x2000'0144    0x4  Data  Gb  main.o [1]
ui32micros              0x2000'0140    0x4  Data  Lc  CLOCK.o [1]


[1] = F:\USB_RF\project\Debug\Obj\source
[2] = F:\USB_RF\project\Debug\Obj\startup
[3] = dl7M_tln.a
[4] = rt7M_tl.a
[5] = shb_l.a

  8'000 bytes of readonly  code memory
    312 bytes of readonly  data memory
  2'429 bytes of readwrite data memory

Errors: none
Warnings: none
