###############################################################################
#
# IAR ELF Linker V9.30.1.335/W64 for ARM                  04/Apr/2024  00:07:55
# Copyright 2007-2022 IAR Systems AB.
#
#    Output file  =  F:\USB_RF\project\Debug\Exe\USB_RF.out
#    Map file     =  F:\USB_RF\project\Debug\List\USB_RF.map
#    Command line =
#        -f F:\USB_RF\project\Debug\Exe\USB_RF.out.rsp
#        (F:\USB_RF\project\Debug\Obj\source\FLASH.o
#        F:\USB_RF\project\Debug\Obj\source\GPIO.o
#        F:\USB_RF\project\Debug\Obj\source\main.o
#        F:\USB_RF\project\Debug\Obj\source\nRF24L01.o
#        F:\USB_RF\project\Debug\Obj\source\SPI.o
#        F:\USB_RF\project\Debug\Obj\startup\startup_stm32f10x_md.o
#        F:\USB_RF\project\Debug\Obj\startup\system_stm32f10x.o
#        F:\USB_RF\project\Debug\Obj\source\TIMER.o
#        F:\USB_RF\project\Debug\Obj\source\USB.o --no_out_extension -o
#        F:\USB_RF\project\Debug\Exe\USB_RF.out --map
#        F:\USB_RF\project\Debug\List\USB_RF.map --config "C:\Program Files\IAR
#        Systems\Embedded Workbench 9.1\arm/config/linker/ST/stm32f103x8.icf"
#        --semihosting --entry __iar_program_start --redirect
#        __iar_sh_stdout=__iar_sh_stdout_swo --vfe --text_out locale
#        --cpu=Cortex-M3 --fpu=None)
#
###############################################################################

*******************************************************************************
*** RUNTIME MODEL ATTRIBUTES
***

CppFlavor       = *
__CPP_Runtime   = 1
__SystemLibrary = DLib
__dlib_version  = 6


*******************************************************************************
*** HEAP SELECTION
***

The basic heap was selected because --advanced_heap
was not specified and the application did not appear to
be primarily optimized for speed.


*******************************************************************************
*** PLACEMENT SUMMARY
***

"A0":  place at address 0x800'0000 { ro section .intvec };
"P1":  place in [from 0x800'0000 to 0x800'ffff] { ro };
define block CSTACK with size = 2K, alignment = 8 { };
define block HEAP with size = 2K, alignment = 8 { };
"P2":  place in [from 0x2000'0000 to 0x2000'4fff] {
          rw, block CSTACK, block HEAP };

  Section          Kind         Address   Size  Object
  -------          ----         -------   ----  ------
"A0":                                     0xec
  .intvec          ro code   0x800'0000   0xec  startup_stm32f10x_md.o [2]
                           - 0x800'00ec   0xec

"P1":                                    0x9f4
  .text            ro code   0x800'00ec  0x4e0  GPIO.o [1]
  .text            ro code   0x800'05cc  0x15c  TIMER.o [1]
  .text            ro code   0x800'0728  0x118  system_stm32f10x.o [2]
  .text            ro code   0x800'0840   0xd0  main.o [1]
  .text            ro code   0x800'0910    0xc  SPI.o [1]
  .text            ro code   0x800'091c    0xe  USB.o [1]
  .text            ro code   0x800'092a    0x2  nRF24L01.o [1]
  .text            ro code   0x800'092c   0x38  zero_init3.o [4]
  .text            ro code   0x800'0964   0x28  data_init.o [4]
  .iar.init_table  const     0x800'098c   0x10  - Linker created -
  .text            ro code   0x800'099c   0x1e  cmain.o [4]
  .text            ro code   0x800'09ba    0x4  low_level_init.o [3]
  .text            ro code   0x800'09be    0x4  exit.o [3]
  .text            ro code   0x800'09c4    0xa  cexit.o [4]
  .text            ro code   0x800'09d0   0x14  exit.o [5]
  .text            ro code   0x800'09e4   0x1c  cstartup_M.o [4]
  .text            ro code   0x800'0a00   0x10  startup_stm32f10x_md.o [2]
  .text            ro code   0x800'0a10    0x4  startup_stm32f10x_md.o [2]
  .text            ro code   0x800'0a14    0x4  startup_stm32f10x_md.o [2]
  .text            ro code   0x800'0a18    0x4  startup_stm32f10x_md.o [2]
  .text            ro code   0x800'0a1c    0x4  startup_stm32f10x_md.o [2]
  .text            ro code   0x800'0a20    0x4  startup_stm32f10x_md.o [2]
  .text            ro code   0x800'0a24    0x4  startup_stm32f10x_md.o [2]
  .text            ro code   0x800'0a28    0x4  startup_stm32f10x_md.o [2]
  .text            ro code   0x800'0a2c    0x4  startup_stm32f10x_md.o [2]
  .text            ro code   0x800'0a30    0x4  startup_stm32f10x_md.o [2]
  .text            ro code   0x800'0a34    0x4  startup_stm32f10x_md.o [2]
  .text            ro code   0x800'0a38    0x4  startup_stm32f10x_md.o [2]
  .text            ro code   0x800'0a3c    0x4  startup_stm32f10x_md.o [2]
  .text            ro code   0x800'0a40    0x4  startup_stm32f10x_md.o [2]
  .text            ro code   0x800'0a44    0x4  startup_stm32f10x_md.o [2]
  .text            ro code   0x800'0a48    0x4  startup_stm32f10x_md.o [2]
  .text            ro code   0x800'0a4c    0x4  startup_stm32f10x_md.o [2]
  .text            ro code   0x800'0a50    0x4  startup_stm32f10x_md.o [2]
  .text            ro code   0x800'0a54    0x4  startup_stm32f10x_md.o [2]
  .text            ro code   0x800'0a58    0x4  startup_stm32f10x_md.o [2]
  .text            ro code   0x800'0a5c    0x4  startup_stm32f10x_md.o [2]
  .text            ro code   0x800'0a60    0x4  startup_stm32f10x_md.o [2]
  .text            ro code   0x800'0a64    0x4  startup_stm32f10x_md.o [2]
  .text            ro code   0x800'0a68    0x4  startup_stm32f10x_md.o [2]
  .text            ro code   0x800'0a6c    0x4  startup_stm32f10x_md.o [2]
  .text            ro code   0x800'0a70    0x4  startup_stm32f10x_md.o [2]
  .text            ro code   0x800'0a74    0x4  startup_stm32f10x_md.o [2]
  .text            ro code   0x800'0a78    0x4  startup_stm32f10x_md.o [2]
  .text            ro code   0x800'0a7c    0x4  startup_stm32f10x_md.o [2]
  .text            ro code   0x800'0a80    0x4  startup_stm32f10x_md.o [2]
  .text            ro code   0x800'0a84    0x4  startup_stm32f10x_md.o [2]
  .text            ro code   0x800'0a88    0x4  startup_stm32f10x_md.o [2]
  .text            ro code   0x800'0a8c    0x4  startup_stm32f10x_md.o [2]
  .text            ro code   0x800'0a90    0x4  startup_stm32f10x_md.o [2]
  .text            ro code   0x800'0a94    0x4  startup_stm32f10x_md.o [2]
  .text            ro code   0x800'0a98    0x4  startup_stm32f10x_md.o [2]
  .text            ro code   0x800'0a9c    0x4  startup_stm32f10x_md.o [2]
  .text            ro code   0x800'0aa0    0x4  startup_stm32f10x_md.o [2]
  .text            ro code   0x800'0aa4    0x4  startup_stm32f10x_md.o [2]
  .text            ro code   0x800'0aa8    0x4  startup_stm32f10x_md.o [2]
  .text            ro code   0x800'0aac    0x4  startup_stm32f10x_md.o [2]
  .text            ro code   0x800'0ab0    0x4  startup_stm32f10x_md.o [2]
  .text            ro code   0x800'0ab4    0x4  startup_stm32f10x_md.o [2]
  .text            ro code   0x800'0ab8    0x4  startup_stm32f10x_md.o [2]
  .text            ro code   0x800'0abc    0x4  startup_stm32f10x_md.o [2]
  .text            ro code   0x800'0ac0    0x4  startup_stm32f10x_md.o [2]
  .text            ro code   0x800'0ac4    0x4  startup_stm32f10x_md.o [2]
  .text            ro code   0x800'0ac8    0x4  startup_stm32f10x_md.o [2]
  .text            ro code   0x800'0acc    0x4  startup_stm32f10x_md.o [2]
  .text            ro code   0x800'0ad0    0x4  startup_stm32f10x_md.o [2]
  .text            ro code   0x800'0ad4    0x4  startup_stm32f10x_md.o [2]
  .text            ro code   0x800'0ad8    0x4  startup_stm32f10x_md.o [2]
  .text            ro code   0x800'0adc    0x4  startup_stm32f10x_md.o [2]
  .rodata          const     0x800'0ae0    0x0  zero_init3.o [4]
                           - 0x800'0ae0  0x9f4

"P2", part 1 of 2:                         0xc
  .bss             zero     0x2000'0000    0x4  TIMER.o [1]
  .bss             zero     0x2000'0004    0x4  TIMER.o [1]
  .bss             zero     0x2000'0008    0x1  SPI.o [1]
  .bss             zero     0x2000'0009    0x1  USB.o [1]
                          - 0x2000'000a    0xa

"P2", part 2 of 2:                       0x800
  CSTACK                    0x2000'0010  0x800  <Block>
    CSTACK         uninit   0x2000'0010  0x800  <Block tail>
                          - 0x2000'0810  0x800

Unused ranges:

         From           To    Size
         ----           --    ----
   0x800'0ae0   0x800'ffff  0xf520
  0x2000'000c  0x2000'000f     0x4
  0x2000'0810  0x2000'4fff  0x47f0


*******************************************************************************
*** INIT TABLE
***

          Address      Size
          -------      ----
Zero (__iar_zero_init3)
    1 destination range, total size 0xa:
          0x2000'0000   0xa



*******************************************************************************
*** MODULE SUMMARY
***

    Module                  ro code  ro data  rw data
    ------                  -------  -------  -------
command line/config:
    -------------------------------------------------
    Total:

F:\USB_RF\project\Debug\Obj\source: [1]
    GPIO.o                    1'248
    SPI.o                        12                 1
    TIMER.o                     348                 8
    USB.o                        14                 1
    main.o                      208
    nRF24L01.o                    2
    -------------------------------------------------
    Total:                    1'832                10

F:\USB_RF\project\Debug\Obj\startup: [2]
    startup_stm32f10x_md.o      460
    system_stm32f10x.o          280
    -------------------------------------------------
    Total:                      740

dl7M_tln.a: [3]
    exit.o                        4
    low_level_init.o              4
    -------------------------------------------------
    Total:                        8

rt7M_tl.a: [4]
    cexit.o                      10
    cmain.o                      30
    cstartup_M.o                 28
    data_init.o                  40
    zero_init3.o                 56
    -------------------------------------------------
    Total:                      164

shb_l.a: [5]
    exit.o                       20
    -------------------------------------------------
    Total:                       20

    Gaps                          4
    Linker created                        16    2'048
-----------------------------------------------------
    Grand Total:              2'768       16    2'058


*******************************************************************************
*** ENTRY LIST
***

Entry                       Address   Size  Type      Object
-----                       -------   ----  ----      ------
.iar.init_table$$Base    0x800'098c          --   Gb  - Linker created -
.iar.init_table$$Limit   0x800'099c          --   Gb  - Linker created -
?main                    0x800'099d         Code  Gb  cmain.o [4]
ADC1_2_IRQHandler        0x800'0a7d         Code  Wk  startup_stm32f10x_md.o [2]
BusFault_Handler         0x800'0a1d         Code  Wk  startup_stm32f10x_md.o [2]
CAN1_RX1_IRQHandler      0x800'0a89         Code  Wk  startup_stm32f10x_md.o [2]
CAN1_SCE_IRQHandler      0x800'0a8d         Code  Wk  startup_stm32f10x_md.o [2]
CSTACK$$Base            0x2000'0010          --   Gb  - Linker created -
CSTACK$$Limit           0x2000'0810          --   Gb  - Linker created -
DMA1_Channel1_IRQHandler
                         0x800'0a61         Code  Wk  startup_stm32f10x_md.o [2]
DMA1_Channel2_IRQHandler
                         0x800'0a65         Code  Wk  startup_stm32f10x_md.o [2]
DMA1_Channel3_IRQHandler
                         0x800'0a69         Code  Wk  startup_stm32f10x_md.o [2]
DMA1_Channel4_IRQHandler
                         0x800'0a6d         Code  Wk  startup_stm32f10x_md.o [2]
DMA1_Channel5_IRQHandler
                         0x800'0a71         Code  Wk  startup_stm32f10x_md.o [2]
DMA1_Channel6_IRQHandler
                         0x800'0a75         Code  Wk  startup_stm32f10x_md.o [2]
DMA1_Channel7_IRQHandler
                         0x800'0a79         Code  Wk  startup_stm32f10x_md.o [2]
DebugMon_Handler         0x800'0a29         Code  Wk  startup_stm32f10x_md.o [2]
EXTI0_IRQHandler         0x800'0a4d         Code  Wk  startup_stm32f10x_md.o [2]
EXTI15_10_IRQHandler     0x800'0ad5         Code  Wk  startup_stm32f10x_md.o [2]
EXTI1_IRQHandler         0x800'0a51         Code  Wk  startup_stm32f10x_md.o [2]
EXTI2_IRQHandler         0x800'0a55         Code  Wk  startup_stm32f10x_md.o [2]
EXTI3_IRQHandler         0x800'0a59         Code  Wk  startup_stm32f10x_md.o [2]
EXTI4_IRQHandler         0x800'0a5d         Code  Wk  startup_stm32f10x_md.o [2]
EXTI9_5_IRQHandler       0x800'0a91         Code  Wk  startup_stm32f10x_md.o [2]
FLASH_IRQHandler         0x800'0a45         Code  Wk  startup_stm32f10x_md.o [2]
GPIO_PINHigh             0x800'0549   0x5a  Code  Gb  GPIO.o [1]
GPIO_PINLow              0x800'04e9   0x60  Code  Gb  GPIO.o [1]
GPIO_SetOutPut           0x800'00ed  0x3fc  Code  Gb  GPIO.o [1]
HardFault_Handler        0x800'0a15         Code  Wk  startup_stm32f10x_md.o [2]
I2C1_ER_IRQHandler       0x800'0ab5         Code  Wk  startup_stm32f10x_md.o [2]
I2C1_EV_IRQHandler       0x800'0ab1         Code  Wk  startup_stm32f10x_md.o [2]
I2C2_ER_IRQHandler       0x800'0abd         Code  Wk  startup_stm32f10x_md.o [2]
I2C2_EV_IRQHandler       0x800'0ab9         Code  Wk  startup_stm32f10x_md.o [2]
MemManage_Handler        0x800'0a19         Code  Wk  startup_stm32f10x_md.o [2]
NMI_Handler              0x800'0a11         Code  Wk  startup_stm32f10x_md.o [2]
PVD_IRQHandler           0x800'0a39         Code  Wk  startup_stm32f10x_md.o [2]
PendSV_Handler           0x800'0a2d         Code  Wk  startup_stm32f10x_md.o [2]
RCC_IRQHandler           0x800'0a49         Code  Wk  startup_stm32f10x_md.o [2]
RTCAlarm_IRQHandler      0x800'0ad9         Code  Wk  startup_stm32f10x_md.o [2]
RTC_IRQHandler           0x800'0a41         Code  Wk  startup_stm32f10x_md.o [2]
Region$$Table$$Base      0x800'098c          --   Gb  - Linker created -
Region$$Table$$Limit     0x800'099c          --   Gb  - Linker created -
Reset_Handler            0x800'0a01         Code  Wk  startup_stm32f10x_md.o [2]
SPI1_IRQHandler          0x800'0ac1         Code  Wk  startup_stm32f10x_md.o [2]
SPI2_IRQHandler          0x800'0ac5         Code  Wk  startup_stm32f10x_md.o [2]
SPI_Init                 0x800'0911    0xc  Code  Gb  SPI.o [1]
SPI_InitSuccess         0x2000'0008    0x1  Data  Gb  SPI.o [1]
SVC_Handler              0x800'0a25         Code  Wk  startup_stm32f10x_md.o [2]
SetSysClock              0x800'076d    0x8  Code  Lc  system_stm32f10x.o [2]
SetSysClockTo72          0x800'0775   0xae  Code  Lc  system_stm32f10x.o [2]
SysTick_Handler          0x800'0a31         Code  Wk  startup_stm32f10x_md.o [2]
SystemInit               0x800'0729   0x44  Code  Gb  system_stm32f10x.o [2]
TAMPER_IRQHandler        0x800'0a3d         Code  Wk  startup_stm32f10x_md.o [2]
TIM1_BRK_IRQHandler      0x800'0a95         Code  Wk  startup_stm32f10x_md.o [2]
TIM1_CC_IRQHandler       0x800'0aa1         Code  Wk  startup_stm32f10x_md.o [2]
TIM1_TRG_COM_IRQHandler
                         0x800'0a9d         Code  Wk  startup_stm32f10x_md.o [2]
TIM1_UP_IRQHandler       0x800'0a99         Code  Wk  startup_stm32f10x_md.o [2]
TIM2_IRQHandler          0x800'0aa5         Code  Wk  startup_stm32f10x_md.o [2]
TIM3_IRQHandler          0x800'0aa9         Code  Wk  startup_stm32f10x_md.o [2]
TIM4_IRQHandler          0x800'0aad         Code  Wk  startup_stm32f10x_md.o [2]
TIMER_Chaining           0x800'0647   0xae  Code  Gb  TIMER.o [1]
TIMER_EnableInterrupt    0x800'0701    0x2  Code  Gb  TIMER.o [1]
TIMER_Init               0x800'05cd   0x7a  Code  Gb  TIMER.o [1]
TIMER_SetCLockSourceMicros
                         0x800'06fb    0x6  Code  Gb  TIMER.o [1]
TIMER_SetCLockSourceMillis
                         0x800'06f5    0x6  Code  Gb  TIMER.o [1]
TIMER_SourceMicros      0x2000'0004    0x4  Data  Lc  TIMER.o [1]
TIMER_SourceMillis      0x2000'0000    0x4  Data  Lc  TIMER.o [1]
USART1_IRQHandler        0x800'0ac9         Code  Wk  startup_stm32f10x_md.o [2]
USART2_IRQHandler        0x800'0acd         Code  Wk  startup_stm32f10x_md.o [2]
USART3_IRQHandler        0x800'0ad1         Code  Wk  startup_stm32f10x_md.o [2]
USBWakeUp_IRQHandler     0x800'0add         Code  Wk  startup_stm32f10x_md.o [2]
USB_EnableInterrupt      0x800'0929    0x2  Code  Gb  USB.o [1]
USB_HP_CAN1_TX_IRQHandler
                         0x800'0a81         Code  Wk  startup_stm32f10x_md.o [2]
USB_Init                 0x800'091d    0x8  Code  Gb  USB.o [1]
USB_InitSuccess         0x2000'0009    0x1  Data  Gb  USB.o [1]
USB_LP_CAN1_RX0_IRQHandler
                         0x800'0a85         Code  Wk  startup_stm32f10x_md.o [2]
UsageFault_Handler       0x800'0a21         Code  Wk  startup_stm32f10x_md.o [2]
WWDG_IRQHandler          0x800'0a35         Code  Wk  startup_stm32f10x_md.o [2]
__NVIC_EnableIRQ         0x800'0841   0x1c  Code  Lc  main.o [1]
__cmain                  0x800'099d         Code  Gb  cmain.o [4]
__exit                   0x800'09d1   0x14  Code  Gb  exit.o [5]
__iar_data_init3         0x800'0965   0x28  Code  Gb  data_init.o [4]
__iar_program_start      0x800'09e5         Code  Gb  cstartup_M.o [4]
__iar_zero_init3         0x800'092d   0x38  Code  Gb  zero_init3.o [4]
__low_level_init         0x800'09bb    0x4  Code  Gb  low_level_init.o [3]
__vector_table           0x800'0000         Data  Gb  startup_stm32f10x_md.o [2]
_call_main               0x800'09a9         Code  Gb  cmain.o [4]
_exit                    0x800'09c5         Code  Gb  cexit.o [4]
delay                    0x800'085d    0xe  Code  Lc  main.o [1]
exit                     0x800'09bf    0x4  Code  Gb  exit.o [3]
main                     0x800'086b   0x90  Code  Gb  main.o [1]
nRF24L01_Init            0x800'092b    0x2  Code  Gb  nRF24L01.o [1]


[1] = F:\USB_RF\project\Debug\Obj\source
[2] = F:\USB_RF\project\Debug\Obj\startup
[3] = dl7M_tln.a
[4] = rt7M_tl.a
[5] = shb_l.a

  2'768 bytes of readonly  code memory
     16 bytes of readonly  data memory
  2'058 bytes of readwrite data memory

Errors: none
Warnings: none
