###############################################################################
#
# IAR ELF Linker V9.30.1.335/W64 for ARM                  02/Apr/2024  13:23:23
# Copyright 2007-2022 IAR Systems AB.
#
#    Output file  =  F:\USB_RF\project\Debug\Exe\USB_RF.out
#    Map file     =  F:\USB_RF\project\Debug\List\USB_RF.map
#    Command line =
#        -f F:\USB_RF\project\Debug\Exe\USB_RF.out.rsp
#        (F:\USB_RF\project\Debug\Obj\source\FLASH.o
#        F:\USB_RF\project\Debug\Obj\source\GPIO.o
#        F:\USB_RF\project\Debug\Obj\source\main.o
#        F:\USB_RF\project\Debug\Obj\source\nRF24L01.o
#        F:\USB_RF\project\Debug\Obj\source\SPI.o
#        F:\USB_RF\project\Debug\Obj\startup\startup_stm32f10x_md.o
#        F:\USB_RF\project\Debug\Obj\startup\system_stm32f10x.o
#        F:\USB_RF\project\Debug\Obj\source\TIMER.o
#        F:\USB_RF\project\Debug\Obj\source\USB.o --no_out_extension -o
#        F:\USB_RF\project\Debug\Exe\USB_RF.out --map
#        F:\USB_RF\project\Debug\List\USB_RF.map --config "C:\Program Files\IAR
#        Systems\Embedded Workbench 9.1\arm\config\generic_cortex.icf"
#        --semihosting --entry __iar_program_start --redirect
#        __iar_sh_stdout=__iar_sh_stdout_swo --vfe --text_out locale
#        --cpu=Cortex-M3 --fpu=None)
#
###############################################################################

*******************************************************************************
*** RUNTIME MODEL ATTRIBUTES
***

CppFlavor       = *
__CPP_Runtime   = 1
__SystemLibrary = DLib
__dlib_version  = 6


*******************************************************************************
*** HEAP SELECTION
***

The basic heap was selected because --advanced_heap
was not specified and the application did not appear to
be primarily optimized for speed.


*******************************************************************************
*** PLACEMENT SUMMARY
***

"A0":  place at address 0x0 { ro section .intvec };
"P1":  place in [from 0x0 to 0x7'ffff] { ro };
define block CSTACK with size = 1K, alignment = 8 { };
define block PROC_STACK with size = 0, alignment = 8 { };
define block HEAP with size = 2K, alignment = 8 { };
"P2":  place in [from 0x2000'0000 to 0x2000'ffff] {
          rw, block CSTACK, block PROC_STACK, block HEAP };
initialize by copy { rw };

  Section            Kind         Address   Size  Object
  -------            ----         -------   ----  ------
"A0":                                       0xec
  .intvec            ro code          0x0   0xec  startup_stm32f10x_md.o [2]
                                   - 0xec   0xec

"P1":                                      0x860
  .text              ro code         0xec  0x484  GPIO.o [1]
  .text              ro code        0x570  0x1a4  system_stm32f10x.o [2]
  .text              ro code        0x714   0x58  main.o [1]
  .text              ro code        0x76c    0xc  SPI.o [1]
  .text              ro code        0x778    0xe  USB.o [1]
  .text              ro code        0x786    0x2  nRF24L01.o [1]
  .text              ro code        0x788   0x2a  copy_init3.o [4]
  .text              ro code        0x7b4   0x28  data_init.o [4]
  .iar.init_table    const          0x7dc   0x14  - Linker created -
  .text              ro code        0x7f0   0x1e  cmain.o [4]
  .text              ro code        0x80e    0x4  low_level_init.o [3]
  .text              ro code        0x812    0x4  exit.o [3]
  .text              ro code        0x818    0xa  cexit.o [4]
  .text              ro code        0x824   0x14  exit.o [5]
  .text              ro code        0x838   0x1c  cstartup_M.o [4]
  Initializer bytes  const          0x854   0x18  <for P2-1>
  .text              ro code        0x86c   0x10  startup_stm32f10x_md.o [2]
  .text              ro code        0x87c    0x4  startup_stm32f10x_md.o [2]
  .text              ro code        0x880    0x4  startup_stm32f10x_md.o [2]
  .text              ro code        0x884    0x4  startup_stm32f10x_md.o [2]
  .text              ro code        0x888    0x4  startup_stm32f10x_md.o [2]
  .text              ro code        0x88c    0x4  startup_stm32f10x_md.o [2]
  .text              ro code        0x890    0x4  startup_stm32f10x_md.o [2]
  .text              ro code        0x894    0x4  startup_stm32f10x_md.o [2]
  .text              ro code        0x898    0x4  startup_stm32f10x_md.o [2]
  .text              ro code        0x89c    0x4  startup_stm32f10x_md.o [2]
  .text              ro code        0x8a0    0x4  startup_stm32f10x_md.o [2]
  .text              ro code        0x8a4    0x4  startup_stm32f10x_md.o [2]
  .text              ro code        0x8a8    0x4  startup_stm32f10x_md.o [2]
  .text              ro code        0x8ac    0x4  startup_stm32f10x_md.o [2]
  .text              ro code        0x8b0    0x4  startup_stm32f10x_md.o [2]
  .text              ro code        0x8b4    0x4  startup_stm32f10x_md.o [2]
  .text              ro code        0x8b8    0x4  startup_stm32f10x_md.o [2]
  .text              ro code        0x8bc    0x4  startup_stm32f10x_md.o [2]
  .text              ro code        0x8c0    0x4  startup_stm32f10x_md.o [2]
  .text              ro code        0x8c4    0x4  startup_stm32f10x_md.o [2]
  .text              ro code        0x8c8    0x4  startup_stm32f10x_md.o [2]
  .text              ro code        0x8cc    0x4  startup_stm32f10x_md.o [2]
  .text              ro code        0x8d0    0x4  startup_stm32f10x_md.o [2]
  .text              ro code        0x8d4    0x4  startup_stm32f10x_md.o [2]
  .text              ro code        0x8d8    0x4  startup_stm32f10x_md.o [2]
  .text              ro code        0x8dc    0x4  startup_stm32f10x_md.o [2]
  .text              ro code        0x8e0    0x4  startup_stm32f10x_md.o [2]
  .text              ro code        0x8e4    0x4  startup_stm32f10x_md.o [2]
  .text              ro code        0x8e8    0x4  startup_stm32f10x_md.o [2]
  .text              ro code        0x8ec    0x4  startup_stm32f10x_md.o [2]
  .text              ro code        0x8f0    0x4  startup_stm32f10x_md.o [2]
  .text              ro code        0x8f4    0x4  startup_stm32f10x_md.o [2]
  .text              ro code        0x8f8    0x4  startup_stm32f10x_md.o [2]
  .text              ro code        0x8fc    0x4  startup_stm32f10x_md.o [2]
  .text              ro code        0x900    0x4  startup_stm32f10x_md.o [2]
  .text              ro code        0x904    0x4  startup_stm32f10x_md.o [2]
  .text              ro code        0x908    0x4  startup_stm32f10x_md.o [2]
  .text              ro code        0x90c    0x4  startup_stm32f10x_md.o [2]
  .text              ro code        0x910    0x4  startup_stm32f10x_md.o [2]
  .text              ro code        0x914    0x4  startup_stm32f10x_md.o [2]
  .text              ro code        0x918    0x4  startup_stm32f10x_md.o [2]
  .text              ro code        0x91c    0x4  startup_stm32f10x_md.o [2]
  .text              ro code        0x920    0x4  startup_stm32f10x_md.o [2]
  .text              ro code        0x924    0x4  startup_stm32f10x_md.o [2]
  .text              ro code        0x928    0x4  startup_stm32f10x_md.o [2]
  .text              ro code        0x92c    0x4  startup_stm32f10x_md.o [2]
  .text              ro code        0x930    0x4  startup_stm32f10x_md.o [2]
  .text              ro code        0x934    0x4  startup_stm32f10x_md.o [2]
  .text              ro code        0x938    0x4  startup_stm32f10x_md.o [2]
  .text              ro code        0x93c    0x4  startup_stm32f10x_md.o [2]
  .text              ro code        0x940    0x4  startup_stm32f10x_md.o [2]
  .text              ro code        0x944    0x4  startup_stm32f10x_md.o [2]
  .text              ro code        0x948    0x4  startup_stm32f10x_md.o [2]
  .rodata            const          0x94c    0x0  copy_init3.o [4]
                                  - 0x94c  0x860

"P2", part 1 of 2:                          0x18
  P2-1                        0x2000'0000   0x16  <Init block>
    .data            inited   0x2000'0000    0x4  system_stm32f10x.o [2]
    .data            inited   0x2000'0004   0x10  system_stm32f10x.o [2]
    .bss             inited   0x2000'0014    0x1  SPI.o [1]
    .bss             inited   0x2000'0015    0x1  USB.o [1]
                            - 0x2000'0016   0x16

"P2", part 2 of 2:                         0x400
  CSTACK                      0x2000'0018  0x400  <Block>
    CSTACK           uninit   0x2000'0018  0x400  <Block tail>
                            - 0x2000'0418  0x400

Unused ranges:

         From           To      Size
         ----           --      ----
        0x94c     0x7'ffff  0x7'f6b4
  0x2000'0418  0x2000'ffff    0xfbe8


*******************************************************************************
*** INIT TABLE
***

          Address      Size
          -------      ----
Copy (__iar_copy_init3)
    1 source range, total size 0x18 (109% of destination):
                0x854  0x18
    1 destination range, total size 0x16:
          0x2000'0000  0x16



*******************************************************************************
*** MODULE SUMMARY
***

    Module                  ro code  ro data  rw data
    ------                  -------  -------  -------
command line/config:
    -------------------------------------------------
    Total:

F:\USB_RF\project\Debug\Obj\source: [1]
    GPIO.o                    1'156
    SPI.o                        12        1        1
    USB.o                        14        1        1
    main.o                       88
    nRF24L01.o                    2
    -------------------------------------------------
    Total:                    1'272        2        2

F:\USB_RF\project\Debug\Obj\startup: [2]
    startup_stm32f10x_md.o      460
    system_stm32f10x.o          420       20       20
    -------------------------------------------------
    Total:                      880       20       20

dl7M_tln.a: [3]
    exit.o                        4
    low_level_init.o              4
    -------------------------------------------------
    Total:                        8

rt7M_tl.a: [4]
    cexit.o                      10
    cmain.o                      30
    copy_init3.o                 42
    cstartup_M.o                 28
    data_init.o                  40
    -------------------------------------------------
    Total:                      150

shb_l.a: [5]
    exit.o                       20
    -------------------------------------------------
    Total:                       20

    Gaps                          6
    Linker created                        22    1'024
-----------------------------------------------------
    Grand Total:              2'336       44    1'046


*******************************************************************************
*** ENTRY LIST
***

Entry                       Address   Size  Type      Object
-----                       -------   ----  ----      ------
.iar.init_table$$Base         0x7dc          --   Gb  - Linker created -
.iar.init_table$$Limit        0x7f0          --   Gb  - Linker created -
?main                         0x7f1         Code  Gb  cmain.o [4]
ADC1_2_IRQHandler             0x8e9         Code  Wk  startup_stm32f10x_md.o [2]
AHBPrescTable           0x2000'0004   0x10  Data  Gb  system_stm32f10x.o [2]
BusFault_Handler              0x889         Code  Wk  startup_stm32f10x_md.o [2]
CAN1_RX1_IRQHandler           0x8f5         Code  Wk  startup_stm32f10x_md.o [2]
CAN1_SCE_IRQHandler           0x8f9         Code  Wk  startup_stm32f10x_md.o [2]
CSTACK$$Base            0x2000'0018          --   Gb  - Linker created -
CSTACK$$Limit           0x2000'0418          --   Gb  - Linker created -
DMA1_Channel1_IRQHandler
                              0x8cd         Code  Wk  startup_stm32f10x_md.o [2]
DMA1_Channel2_IRQHandler
                              0x8d1         Code  Wk  startup_stm32f10x_md.o [2]
DMA1_Channel3_IRQHandler
                              0x8d5         Code  Wk  startup_stm32f10x_md.o [2]
DMA1_Channel4_IRQHandler
                              0x8d9         Code  Wk  startup_stm32f10x_md.o [2]
DMA1_Channel5_IRQHandler
                              0x8dd         Code  Wk  startup_stm32f10x_md.o [2]
DMA1_Channel6_IRQHandler
                              0x8e1         Code  Wk  startup_stm32f10x_md.o [2]
DMA1_Channel7_IRQHandler
                              0x8e5         Code  Wk  startup_stm32f10x_md.o [2]
DebugMon_Handler              0x895         Code  Wk  startup_stm32f10x_md.o [2]
EXTI0_IRQHandler              0x8b9         Code  Wk  startup_stm32f10x_md.o [2]
EXTI15_10_IRQHandler          0x941         Code  Wk  startup_stm32f10x_md.o [2]
EXTI1_IRQHandler              0x8bd         Code  Wk  startup_stm32f10x_md.o [2]
EXTI2_IRQHandler              0x8c1         Code  Wk  startup_stm32f10x_md.o [2]
EXTI3_IRQHandler              0x8c5         Code  Wk  startup_stm32f10x_md.o [2]
EXTI4_IRQHandler              0x8c9         Code  Wk  startup_stm32f10x_md.o [2]
EXTI9_5_IRQHandler            0x8fd         Code  Wk  startup_stm32f10x_md.o [2]
FLASH_IRQHandler              0x8b1         Code  Wk  startup_stm32f10x_md.o [2]
GPIO_PINLow                   0x4e9   0x60  Code  Gb  GPIO.o [1]
GPIO_SetOutPut                 0xed  0x3fc  Code  Gb  GPIO.o [1]
HardFault_Handler             0x881         Code  Wk  startup_stm32f10x_md.o [2]
I2C1_ER_IRQHandler            0x921         Code  Wk  startup_stm32f10x_md.o [2]
I2C1_EV_IRQHandler            0x91d         Code  Wk  startup_stm32f10x_md.o [2]
I2C2_ER_IRQHandler            0x929         Code  Wk  startup_stm32f10x_md.o [2]
I2C2_EV_IRQHandler            0x925         Code  Wk  startup_stm32f10x_md.o [2]
MemManage_Handler             0x885         Code  Wk  startup_stm32f10x_md.o [2]
NMI_Handler                   0x87d         Code  Wk  startup_stm32f10x_md.o [2]
PVD_IRQHandler                0x8a5         Code  Wk  startup_stm32f10x_md.o [2]
PendSV_Handler                0x899         Code  Wk  startup_stm32f10x_md.o [2]
RCC_IRQHandler                0x8b5         Code  Wk  startup_stm32f10x_md.o [2]
RTCAlarm_IRQHandler           0x945         Code  Wk  startup_stm32f10x_md.o [2]
RTC_IRQHandler                0x8ad         Code  Wk  startup_stm32f10x_md.o [2]
Region$$Table$$Base           0x7dc          --   Gb  - Linker created -
Region$$Table$$Limit          0x7f0          --   Gb  - Linker created -
Reset_Handler                 0x86d         Code  Wk  startup_stm32f10x_md.o [2]
SPI1_IRQHandler               0x92d         Code  Wk  startup_stm32f10x_md.o [2]
SPI2_IRQHandler               0x931         Code  Wk  startup_stm32f10x_md.o [2]
SPI_Init                      0x76d    0xc  Code  Gb  SPI.o [1]
SPI_InitSuccess         0x2000'0014    0x1  Data  Gb  SPI.o [1]
SVC_Handler                   0x891         Code  Wk  startup_stm32f10x_md.o [2]
SetSysClock                   0x633    0x8  Code  Lc  system_stm32f10x.o [2]
SetSysClockTo72               0x63b   0xae  Code  Lc  system_stm32f10x.o [2]
SysTick_Handler               0x89d         Code  Wk  startup_stm32f10x_md.o [2]
SystemCoreClock         0x2000'0000    0x4  Data  Gb  system_stm32f10x.o [2]
SystemCoreClockUpdate         0x5b5   0x7e  Code  Gb  system_stm32f10x.o [2]
SystemInit                    0x571   0x44  Code  Gb  system_stm32f10x.o [2]
TAMPER_IRQHandler             0x8a9         Code  Wk  startup_stm32f10x_md.o [2]
TIM1_BRK_IRQHandler           0x901         Code  Wk  startup_stm32f10x_md.o [2]
TIM1_CC_IRQHandler            0x90d         Code  Wk  startup_stm32f10x_md.o [2]
TIM1_TRG_COM_IRQHandler
                              0x909         Code  Wk  startup_stm32f10x_md.o [2]
TIM1_UP_IRQHandler            0x905         Code  Wk  startup_stm32f10x_md.o [2]
TIM2_IRQHandler               0x911         Code  Wk  startup_stm32f10x_md.o [2]
TIM3_IRQHandler               0x915         Code  Wk  startup_stm32f10x_md.o [2]
TIM4_IRQHandler               0x919         Code  Wk  startup_stm32f10x_md.o [2]
USART1_IRQHandler             0x935         Code  Wk  startup_stm32f10x_md.o [2]
USART2_IRQHandler             0x939         Code  Wk  startup_stm32f10x_md.o [2]
USART3_IRQHandler             0x93d         Code  Wk  startup_stm32f10x_md.o [2]
USBWakeUp_IRQHandler          0x949         Code  Wk  startup_stm32f10x_md.o [2]
USB_EnableInterrupt           0x785    0x2  Code  Gb  USB.o [1]
USB_HP_CAN1_TX_IRQHandler
                              0x8ed         Code  Wk  startup_stm32f10x_md.o [2]
USB_Init                      0x779    0x8  Code  Gb  USB.o [1]
USB_InitSuccess         0x2000'0015    0x1  Data  Gb  USB.o [1]
USB_LP_CAN1_RX0_IRQHandler
                              0x8f1         Code  Wk  startup_stm32f10x_md.o [2]
UsageFault_Handler            0x88d         Code  Wk  startup_stm32f10x_md.o [2]
WWDG_IRQHandler               0x8a1         Code  Wk  startup_stm32f10x_md.o [2]
__cmain                       0x7f1         Code  Gb  cmain.o [4]
__exit                        0x825   0x14  Code  Gb  exit.o [5]
__iar_copy_init3              0x789   0x2a  Code  Gb  copy_init3.o [4]
__iar_data_init3              0x7b5   0x28  Code  Gb  data_init.o [4]
__iar_program_start           0x839         Code  Gb  cstartup_M.o [4]
__low_level_init              0x80f    0x4  Code  Gb  low_level_init.o [3]
__vector_table                  0x0         Data  Gb  startup_stm32f10x_md.o [2]
_call_main                    0x7fd         Code  Gb  cmain.o [4]
_exit                         0x819         Code  Gb  cexit.o [4]
delay                         0x715    0xe  Code  Lc  main.o [1]
exit                          0x813    0x4  Code  Gb  exit.o [3]
main                          0x723   0x42  Code  Gb  main.o [1]
nRF24L01_Init                 0x787    0x2  Code  Gb  nRF24L01.o [1]


[1] = F:\USB_RF\project\Debug\Obj\source
[2] = F:\USB_RF\project\Debug\Obj\startup
[3] = dl7M_tln.a
[4] = rt7M_tl.a
[5] = shb_l.a

  2'336 bytes of readonly  code memory
     44 bytes of readonly  data memory
  1'046 bytes of readwrite data memory

Errors: none
Warnings: none
