###############################################################################
#
# IAR ELF Linker V9.30.1.335/W64 for ARM                  15/May/2024  14:05:44
# Copyright 2007-2022 IAR Systems AB.
#
#    Output file  =  F:\USB_RF\project\Debug\Exe\USB_RF.out
#    Map file     =  F:\USB_RF\project\Debug\List\USB_RF.map
#    Command line =
#        -f F:\USB_RF\project\Debug\Exe\USB_RF.out.rsp
#        (F:\USB_RF\project\Debug\Obj\source\CLOCK.o
#        F:\USB_RF\project\Debug\Obj\source\FLASH.o
#        F:\USB_RF\project\Debug\Obj\source\GPIO.o
#        F:\USB_RF\project\Debug\Obj\source\main.o
#        F:\USB_RF\project\Debug\Obj\source\nRF24L01.o
#        F:\USB_RF\project\Debug\Obj\source\SPI.o
#        F:\USB_RF\project\Debug\Obj\startup\startup_stm32f10x_md.o
#        F:\USB_RF\project\Debug\Obj\startup\system_stm32f10x.o
#        F:\USB_RF\project\Debug\Obj\source\TIMER.o
#        F:\USB_RF\project\Debug\Obj\source\USB.o
#        F:\USB_RF\project\Debug\Obj\source\USB_HW.o
#        F:\USB_RF\project\Debug\Obj\source\USB_IRQ.o
#        F:\USB_RF\project\Debug\Obj\source\USB_Types.o --no_out_extension -o
#        F:\USB_RF\project\Debug\Exe\USB_RF.out --map
#        F:\USB_RF\project\Debug\List\USB_RF.map --config "C:\Program Files\IAR
#        Systems\Embedded Workbench 9.1\arm/config/linker/ST/stm32f103x8.icf"
#        --semihosting --entry __iar_program_start --redirect
#        __iar_sh_stdout=__iar_sh_stdout_swo --vfe --text_out locale
#        --cpu=Cortex-M3 --fpu=None)
#
###############################################################################

*******************************************************************************
*** RUNTIME MODEL ATTRIBUTES
***

CppFlavor       = *
__CPP_Runtime   = 1
__SystemLibrary = DLib
__dlib_version  = 6


*******************************************************************************
*** HEAP SELECTION
***

The basic heap was selected because --advanced_heap
was not specified and the application did not appear to
be primarily optimized for speed.


*******************************************************************************
*** PLACEMENT SUMMARY
***

"A0":  place at address 0x800'0000 { ro section .intvec };
"P1":  place in [from 0x800'0000 to 0x800'ffff] { ro };
define block CSTACK with size = 2K, alignment = 8 { };
define block HEAP with size = 2K, alignment = 8 { };
"P2":  place in [from 0x2000'0000 to 0x2000'4fff] {
          rw, block CSTACK, block HEAP };
initialize by copy { rw };

  Section            Kind         Address    Size  Object
  -------            ----         -------    ----  ------
"A0":                                        0xec
  .intvec            ro code   0x800'0000    0xec  startup_stm32f10x_md.o [2]
                             - 0x800'00ec    0xec

"P1":                                      0x20fc
  .text              ro code   0x800'00ec   0x810  USB_IRQ.o [1]
  .text              ro code   0x800'08fc   0x2e8  USB_HW.o [1]
  .text              ro code   0x800'0be4   0x598  GPIO.o [1]
  .text              ro code   0x800'117c   0x324  nRF24L01.o [1]
  .text              ro code   0x800'14a0   0x234  SPI.o [1]
  .text              ro code   0x800'16d4   0x180  CLOCK.o [1]
  .text              ro code   0x800'1854    0x14  memset.o [4]
  .text              ro code   0x800'1868    0x66  ABImemset.o [4]
  .text              ro code   0x800'18ce    0x2a  copy_init3.o [4]
  .text              ro code   0x800'18f8   0x1b4  system_stm32f10x.o [2]
  .text              ro code   0x800'1aac   0x1b0  USB.o [1]
  .text              ro code   0x800'1c5c   0x1ac  TIMER.o [1]
  Initializer bytes  const     0x800'1e08   0x124  <for P2-1>
  .text              ro code   0x800'1f2c    0xfc  main.o [1]
  .text              ro code   0x800'2028    0x38  zero_init3.o [4]
  .text              ro code   0x800'2060    0x28  data_init.o [4]
  .iar.init_table    const     0x800'2088    0x24  - Linker created -
  .text              ro code   0x800'20ac    0x1e  cmain.o [4]
  .text              ro code   0x800'20ca     0x4  low_level_init.o [3]
  .text              ro code   0x800'20ce     0x4  exit.o [3]
  .text              ro code   0x800'20d4     0xa  cexit.o [4]
  .text              ro code   0x800'20e0    0x14  exit.o [5]
  .text              ro code   0x800'20f4    0x1c  cstartup_M.o [4]
  .text              ro code   0x800'2110    0x10  startup_stm32f10x_md.o [2]
  .rodata            const     0x800'2120     0x8  main.o [1]
  .text              ro code   0x800'2128     0x4  startup_stm32f10x_md.o [2]
  .text              ro code   0x800'212c     0x4  startup_stm32f10x_md.o [2]
  .text              ro code   0x800'2130     0x4  startup_stm32f10x_md.o [2]
  .text              ro code   0x800'2134     0x4  startup_stm32f10x_md.o [2]
  .text              ro code   0x800'2138     0x4  startup_stm32f10x_md.o [2]
  .text              ro code   0x800'213c     0x4  startup_stm32f10x_md.o [2]
  .text              ro code   0x800'2140     0x4  startup_stm32f10x_md.o [2]
  .text              ro code   0x800'2144     0x4  startup_stm32f10x_md.o [2]
  .text              ro code   0x800'2148     0x4  startup_stm32f10x_md.o [2]
  .text              ro code   0x800'214c     0x4  startup_stm32f10x_md.o [2]
  .text              ro code   0x800'2150     0x4  startup_stm32f10x_md.o [2]
  .text              ro code   0x800'2154     0x4  startup_stm32f10x_md.o [2]
  .text              ro code   0x800'2158     0x4  startup_stm32f10x_md.o [2]
  .text              ro code   0x800'215c     0x4  startup_stm32f10x_md.o [2]
  .text              ro code   0x800'2160     0x4  startup_stm32f10x_md.o [2]
  .text              ro code   0x800'2164     0x4  startup_stm32f10x_md.o [2]
  .text              ro code   0x800'2168     0x4  startup_stm32f10x_md.o [2]
  .text              ro code   0x800'216c     0x4  startup_stm32f10x_md.o [2]
  .text              ro code   0x800'2170     0x4  startup_stm32f10x_md.o [2]
  .text              ro code   0x800'2174     0x4  startup_stm32f10x_md.o [2]
  .text              ro code   0x800'2178     0x4  startup_stm32f10x_md.o [2]
  .text              ro code   0x800'217c     0x4  startup_stm32f10x_md.o [2]
  .text              ro code   0x800'2180     0x4  startup_stm32f10x_md.o [2]
  .text              ro code   0x800'2184     0x4  startup_stm32f10x_md.o [2]
  .text              ro code   0x800'2188     0x4  startup_stm32f10x_md.o [2]
  .text              ro code   0x800'218c     0x4  startup_stm32f10x_md.o [2]
  .text              ro code   0x800'2190     0x4  startup_stm32f10x_md.o [2]
  .text              ro code   0x800'2194     0x4  startup_stm32f10x_md.o [2]
  .text              ro code   0x800'2198     0x4  startup_stm32f10x_md.o [2]
  .text              ro code   0x800'219c     0x4  startup_stm32f10x_md.o [2]
  .text              ro code   0x800'21a0     0x4  startup_stm32f10x_md.o [2]
  .text              ro code   0x800'21a4     0x4  startup_stm32f10x_md.o [2]
  .text              ro code   0x800'21a8     0x4  startup_stm32f10x_md.o [2]
  .text              ro code   0x800'21ac     0x4  startup_stm32f10x_md.o [2]
  .text              ro code   0x800'21b0     0x4  startup_stm32f10x_md.o [2]
  .text              ro code   0x800'21b4     0x4  startup_stm32f10x_md.o [2]
  .text              ro code   0x800'21b8     0x4  startup_stm32f10x_md.o [2]
  .text              ro code   0x800'21bc     0x4  startup_stm32f10x_md.o [2]
  .text              ro code   0x800'21c0     0x4  startup_stm32f10x_md.o [2]
  .text              ro code   0x800'21c4     0x4  startup_stm32f10x_md.o [2]
  .text              ro code   0x800'21c8     0x4  startup_stm32f10x_md.o [2]
  .text              ro code   0x800'21cc     0x4  startup_stm32f10x_md.o [2]
  .text              ro code   0x800'21d0     0x4  startup_stm32f10x_md.o [2]
  .text              ro code   0x800'21d4     0x4  startup_stm32f10x_md.o [2]
  .text              ro code   0x800'21d8     0x4  startup_stm32f10x_md.o [2]
  .text              ro code   0x800'21dc     0x4  startup_stm32f10x_md.o [2]
  .text              ro code   0x800'21e0     0x4  startup_stm32f10x_md.o [2]
  .text              ro code   0x800'21e4     0x4  startup_stm32f10x_md.o [2]
  .rodata            const     0x800'21e8     0x0  zero_init3.o [4]
  .rodata            const     0x800'21e8     0x0  copy_init3.o [4]
                             - 0x800'21e8  0x20fc

"P2", part 1 of 3:                          0x124
  P2-1                        0x2000'0000   0x122  <Init block>
    .data            inited   0x2000'0000    0x10  main.o [1]
    .data            inited   0x2000'0010     0x4  system_stm32f10x.o [2]
    .data            inited   0x2000'0014    0x10  system_stm32f10x.o [2]
    .data            inited   0x2000'0024     0x4  USB_IRQ.o [1]
    .data            inited   0x2000'0028    0x20  USB_IRQ.o [1]
    .data            inited   0x2000'0048    0x14  USB_Types.o [1]
    .data            inited   0x2000'005c    0x14  USB_Types.o [1]
    .data            inited   0x2000'0070    0x44  USB_Types.o [1]
    .data            inited   0x2000'00b4     0x4  USB_Types.o [1]
    .data            inited   0x2000'00b8    0x28  USB_Types.o [1]
    .data            inited   0x2000'00e0    0x34  USB_Types.o [1]
    .data            inited   0x2000'0114     0xc  USB_Types.o [1]
    .data            inited   0x2000'0120     0x1  USB_IRQ.o [1]
    .data            inited   0x2000'0121     0x1  USB_IRQ.o [1]
                            - 0x2000'0122   0x122

"P2", part 2 of 3:                           0x70
  .bss               zero     0x2000'0124     0xc  USB_IRQ.o [1]
  .bss               zero     0x2000'0130     0x8  main.o [1]
  .bss               zero     0x2000'0138     0x8  USB_IRQ.o [1]
  .bss               zero     0x2000'0140     0x8  USB_IRQ.o [1]
  .bss               zero     0x2000'0148     0x8  USB_IRQ.o [1]
  .bss               zero     0x2000'0150     0x4  CLOCK.o [1]
  .bss               zero     0x2000'0154     0x4  main.o [1]
  .bss               zero     0x2000'0158     0x4  nRF24L01.o [1]
  .bss               zero     0x2000'015c     0x4  TIMER.o [1]
  .bss               zero     0x2000'0160     0x4  TIMER.o [1]
  .bss               zero     0x2000'0164     0x4  USB.o [1]
  .bss               zero     0x2000'0168     0x4  USB_IRQ.o [1]
  .bss               zero     0x2000'016c     0x4  USB_IRQ.o [1]
  .bss               zero     0x2000'0170     0x4  USB_IRQ.o [1]
  .bss               zero     0x2000'0174     0x4  USB_IRQ.o [1]
  .bss               zero     0x2000'0178     0x4  USB_IRQ.o [1]
  .bss               zero     0x2000'017c     0x4  USB_IRQ.o [1]
  .bss               zero     0x2000'0180     0x4  USB_IRQ.o [1]
  .bss               zero     0x2000'0184     0x2  SPI.o [1]
  .bss               zero     0x2000'0186     0x2  USB_IRQ.o [1]
  .bss               zero     0x2000'0188     0x2  USB_IRQ.o [1]
  .bss               zero     0x2000'018a     0x2  USB_IRQ.o [1]
  .bss               zero     0x2000'018c     0x2  USB_IRQ.o [1]
  .bss               zero     0x2000'018e     0x2  USB_IRQ.o [1]
  .bss               zero     0x2000'0190     0x1  SPI.o [1]
  .bss               zero     0x2000'0191     0x1  USB_IRQ.o [1]
  .bss               zero     0x2000'0192     0x1  USB_IRQ.o [1]
                            - 0x2000'0193    0x6f

"P2", part 3 of 3:                          0x800
  CSTACK                      0x2000'0198   0x800  <Block>
    CSTACK           uninit   0x2000'0198   0x800  <Block tail>
                            - 0x2000'0998   0x800

Unused ranges:

         From           To    Size
         ----           --    ----
   0x800'21e8   0x800'ffff  0xde18
  0x2000'0194  0x2000'0197     0x4
  0x2000'0998  0x2000'4fff  0x4668


*******************************************************************************
*** INIT TABLE
***

          Address      Size
          -------      ----
Zero (__iar_zero_init3)
    1 destination range, total size 0x6f:
          0x2000'0124   0x6f

Copy (__iar_copy_init3)
    1 source range, total size 0x124 (100% of destination):
           0x800'1e08  0x124
    1 destination range, total size 0x122:
          0x2000'0000  0x122



*******************************************************************************
*** MODULE SUMMARY
***

    Module                  ro code  ro data  rw data
    ------                  -------  -------  -------
command line/config:
    -------------------------------------------------
    Total:

F:\USB_RF\project\Debug\Obj\source: [1]
    CLOCK.o                     384                 4
    GPIO.o                    1'432
    SPI.o                       564                 3
    TIMER.o                     428                 8
    USB.o                       432                 4
    USB_HW.o                    744
    USB_IRQ.o                 2'064       38      114
    USB_Types.o                          216      216
    main.o                      252       24       28
    nRF24L01.o                  804                 4
    -------------------------------------------------
    Total:                    7'104      278      381

F:\USB_RF\project\Debug\Obj\startup: [2]
    startup_stm32f10x_md.o      444
    system_stm32f10x.o          436       20       20
    -------------------------------------------------
    Total:                      880       20       20

dl7M_tln.a: [3]
    exit.o                        4
    low_level_init.o              4
    -------------------------------------------------
    Total:                        8

rt7M_tl.a: [4]
    ABImemset.o                 102
    cexit.o                      10
    cmain.o                      30
    copy_init3.o                 42
    cstartup_M.o                 28
    data_init.o                  40
    memset.o                     20
    zero_init3.o                 56
    -------------------------------------------------
    Total:                      328

shb_l.a: [5]
    exit.o                       20
    -------------------------------------------------
    Total:                       20

    Gaps                          4
    Linker created                        38    2'048
-----------------------------------------------------
    Grand Total:              8'344      336    2'449


*******************************************************************************
*** ENTRY LIST
***

Entry                       Address   Size  Type      Object
-----                       -------   ----  ----      ------
.iar.init_table$$Base    0x800'2088          --   Gb  - Linker created -
.iar.init_table$$Limit   0x800'20ac          --   Gb  - Linker created -
?main                    0x800'20ad         Code  Gb  cmain.o [4]
ADC1_2_IRQHandler        0x800'2191         Code  Wk  startup_stm32f10x_md.o [2]
AHBPrescTable           0x2000'0014   0x10  Data  Gb  system_stm32f10x.o [2]
Address                 0x2000'0130    0x8  Data  Gb  main.o [1]
Baudrate                0x2000'0024    0x4  Data  Gb  USB_IRQ.o [1]
BusFault_Handler         0x800'2135         Code  Wk  startup_stm32f10x_md.o [2]
CAN1_RX1_IRQHandler      0x800'2195         Code  Wk  startup_stm32f10x_md.o [2]
CAN1_SCE_IRQHandler      0x800'2199         Code  Wk  startup_stm32f10x_md.o [2]
CDC_LineCoding          0x2000'0148    0x8  Data  Gb  USB_IRQ.o [1]
CLOCK_Init               0x800'170f   0xc6  Code  Gb  CLOCK.o [1]
CLOCK_SystickInit        0x800'17d5   0x32  Code  Gb  CLOCK.o [1]
CSTACK$$Base            0x2000'0198          --   Gb  - Linker created -
CSTACK$$Limit           0x2000'0998          --   Gb  - Linker created -
DMA1_Channel1_IRQHandler
                         0x800'2175         Code  Wk  startup_stm32f10x_md.o [2]
DMA1_Channel2_IRQHandler
                         0x800'2179         Code  Wk  startup_stm32f10x_md.o [2]
DMA1_Channel3_IRQHandler
                         0x800'217d         Code  Wk  startup_stm32f10x_md.o [2]
DMA1_Channel4_IRQHandler
                         0x800'2181         Code  Wk  startup_stm32f10x_md.o [2]
DMA1_Channel5_IRQHandler
                         0x800'2185         Code  Wk  startup_stm32f10x_md.o [2]
DMA1_Channel6_IRQHandler
                         0x800'2189         Code  Wk  startup_stm32f10x_md.o [2]
DMA1_Channel7_IRQHandler
                         0x800'218d         Code  Wk  startup_stm32f10x_md.o [2]
DataBits                0x2000'0120    0x1  Data  Gb  USB_IRQ.o [1]
DebugMon_Handler         0x800'2141         Code  Wk  startup_stm32f10x_md.o [2]
Direction               0x2000'018c    0x2  Data  Gb  USB_IRQ.o [1]
Dummy                   0x2000'016c    0x4  Data  Gb  USB_IRQ.o [1]
DummySpi                0x2000'0184    0x2  Data  Lc  SPI.o [1]
EXTI0_IRQHandler         0x800'2161         Code  Wk  startup_stm32f10x_md.o [2]
EXTI15_10_IRQHandler     0x800'21e1         Code  Wk  startup_stm32f10x_md.o [2]
EXTI1_IRQHandler         0x800'2165         Code  Wk  startup_stm32f10x_md.o [2]
EXTI2_IRQHandler         0x800'2169         Code  Wk  startup_stm32f10x_md.o [2]
EXTI3_IRQHandler         0x800'216d         Code  Wk  startup_stm32f10x_md.o [2]
EXTI4_IRQHandler         0x800'2171         Code  Wk  startup_stm32f10x_md.o [2]
EXTI9_5_IRQHandler       0x800'219d         Code  Wk  startup_stm32f10x_md.o [2]
EndpointIndex           0x2000'018a    0x2  Data  Gb  USB_IRQ.o [1]
EnumerationStatus       0x2000'0191    0x1  Data  Gb  USB_IRQ.o [1]
FLASH_IRQHandler         0x800'2159         Code  Wk  startup_stm32f10x_md.o [2]
GPIO_PinHigh             0x800'1057   0x5a  Code  Gb  GPIO.o [1]
GPIO_PinLow              0x800'0ff1   0x66  Code  Gb  GPIO.o [1]
GPIO_PinToggle           0x800'10b1   0x98  Code  Gb  GPIO.o [1]
GPIO_SetOutPut           0x800'0be5  0x40c  Code  Gb  GPIO.o [1]
HardFault_Handler        0x800'212d         Code  Wk  startup_stm32f10x_md.o [2]
I2C1_ER_IRQHandler       0x800'21c1         Code  Wk  startup_stm32f10x_md.o [2]
I2C1_EV_IRQHandler       0x800'21bd         Code  Wk  startup_stm32f10x_md.o [2]
I2C2_ER_IRQHandler       0x800'21c9         Code  Wk  startup_stm32f10x_md.o [2]
I2C2_EV_IRQHandler       0x800'21c5         Code  Wk  startup_stm32f10x_md.o [2]
MemManage_Handler        0x800'2131         Code  Wk  startup_stm32f10x_md.o [2]
NMI_Handler              0x800'2129         Code  Wk  startup_stm32f10x_md.o [2]
PVD_IRQHandler           0x800'214d         Code  Wk  startup_stm32f10x_md.o [2]
PacketInfo              0x2000'0140    0x8  Data  Gb  USB_IRQ.o [1]
ParityType              0x2000'0192    0x1  Data  Gb  USB_IRQ.o [1]
PendSV_Handler           0x800'2145         Code  Wk  startup_stm32f10x_md.o [2]
PreRequest              0x2000'0121    0x1  Data  Gb  USB_IRQ.o [1]
RCC_IRQHandler           0x800'215d         Code  Wk  startup_stm32f10x_md.o [2]
RTCAlarm_IRQHandler      0x800'21e5         Code  Wk  startup_stm32f10x_md.o [2]
RTC_IRQHandler           0x800'2155         Code  Wk  startup_stm32f10x_md.o [2]
Region$$Table$$Base      0x800'2088          --   Gb  - Linker created -
Region$$Table$$Limit     0x800'20ac          --   Gb  - Linker created -
Request                 0x2000'0124    0xc  Data  Gb  USB_IRQ.o [1]
Reset_Handler            0x800'2111         Code  Wk  startup_stm32f10x_md.o [2]
SPI1_IRQHandler          0x800'21cd         Code  Wk  startup_stm32f10x_md.o [2]
SPI1_Init                0x800'14a1   0xc6  Code  Gb  SPI.o [1]
SPI1_Read1Byte           0x800'1611   0x3e  Code  Gb  SPI.o [1]
SPI1_ReadMulBytes        0x800'164f   0x54  Code  Gb  SPI.o [1]
SPI1_Start               0x800'1567    0xc  Code  Gb  SPI.o [1]
SPI1_Stop                0x800'1573    0xc  Code  Gb  SPI.o [1]
SPI1_Write1Byte          0x800'157f   0x42  Code  Gb  SPI.o [1]
SPI1_WriteMulBytes       0x800'15c1   0x50  Code  Gb  SPI.o [1]
SPI2_IRQHandler          0x800'21d1         Code  Wk  startup_stm32f10x_md.o [2]
SPIInit_b               0x2000'0190    0x1  Data  Gb  SPI.o [1]
SVC_Handler              0x800'213d         Code  Wk  startup_stm32f10x_md.o [2]
SaveEPRStatus           0x2000'0186    0x2  Data  Gb  USB_IRQ.o [1]
SaveISTR                0x2000'0188    0x2  Data  Gb  USB_IRQ.o [1]
SetSysClock              0x800'19cb    0x8  Code  Lc  system_stm32f10x.o [2]
SetSysClockTo72          0x800'19d3   0xae  Code  Lc  system_stm32f10x.o [2]
SpecificRequest         0x2000'0138    0x8  Data  Gb  USB_IRQ.o [1]
Stopbit                 0x2000'0168    0x4  Data  Gb  USB_IRQ.o [1]
StringDescriptor        0x2000'0028   0x20  Data  Gb  USB_IRQ.o [1]
SysTick_Handler          0x800'181d    0xc  Code  Gb  CLOCK.o [1]
SystemCoreClock         0x2000'0010    0x4  Data  Gb  system_stm32f10x.o [2]
SystemCoreClockUpdate    0x800'193d   0x8e  Code  Gb  system_stm32f10x.o [2]
SystemInit               0x800'18f9   0x44  Code  Gb  system_stm32f10x.o [2]
TAMPER_IRQHandler        0x800'2151         Code  Wk  startup_stm32f10x_md.o [2]
TIM1_BRK_IRQHandler      0x800'21a1         Code  Wk  startup_stm32f10x_md.o [2]
TIM1_CC_IRQHandler       0x800'21ad         Code  Wk  startup_stm32f10x_md.o [2]
TIM1_TRG_COM_IRQHandler
                         0x800'21a9         Code  Wk  startup_stm32f10x_md.o [2]
TIM1_UP_IRQHandler       0x800'21a5         Code  Wk  startup_stm32f10x_md.o [2]
TIM2_IRQHandler          0x800'21b1         Code  Wk  startup_stm32f10x_md.o [2]
TIM3_IRQHandler          0x800'21b5         Code  Wk  startup_stm32f10x_md.o [2]
TIM4_IRQHandler          0x800'21b9         Code  Wk  startup_stm32f10x_md.o [2]
TIMER_Chaining           0x800'1d1d   0xba  Code  Gb  TIMER.o [1]
TIMER_EnableInterrupt    0x800'1de3    0x2  Code  Gb  TIMER.o [1]
TIMER_Init               0x800'1c6b   0xb2  Code  Gb  TIMER.o [1]
TIMER_SetCLockSourceMicros
                         0x800'1ddd    0x6  Code  Gb  TIMER.o [1]
TIMER_SetCLockSourceMillis
                         0x800'1dd7    0x6  Code  Gb  TIMER.o [1]
TIMER_SourceMicros      0x2000'0160    0x4  Data  Lc  TIMER.o [1]
TIMER_SourceMillis      0x2000'015c    0x4  Data  Lc  TIMER.o [1]
TX_IRQ                  0x2000'0164    0x4  Data  Gb  USB.o [1]
TimerDelayUs             0x800'11ef   0x1a  Code  Lc  nRF24L01.o [1]
TxData                  0x2000'0000   0x10  Data  Gb  main.o [1]
USART1_IRQHandler        0x800'21d5         Code  Wk  startup_stm32f10x_md.o [2]
USART2_IRQHandler        0x800'21d9         Code  Wk  startup_stm32f10x_md.o [2]
USART3_IRQHandler        0x800'21dd         Code  Wk  startup_stm32f10x_md.o [2]
USBWakeUp_IRQHandler     0x800'1be9    0x2  Code  Gb  USB.o [1]
USB_ByteSwap             0x800'00ed   0x16  Code  Lc  USB_IRQ.o [1]
USB_DeviceDescriptor    0x2000'005c   0x14  Data  Gb  USB_Types.o [1]
USB_EnableInterrupt      0x800'1b45   0x36  Code  Lc  USB.o [1]
USB_EndpointReset        0x800'014d   0x38  Code  Lc  USB_IRQ.o [1]
USB_GetRequest           0x800'0185   0xdc  Code  Gb  USB_IRQ.o [1]
USB_HP_CAN1_TX_IRQHandler
                         0x800'1beb    0xa  Code  Gb  USB.o [1]
USB_HW_ClearEP_CTR_RX    0x800'0ac9   0x22  Code  Gb  USB_HW.o [1]
USB_HW_ClearEP_CTR_TX    0x800'0aeb   0x22  Code  Gb  USB_HW.o [1]
USB_HW_ClearPMA          0x800'0905   0x12  Code  Gb  USB_HW.o [1]
USB_HW_ResetBTABLE       0x800'08fd    0x8  Code  Gb  USB_HW.o [1]
USB_HW_SetDeviceAddr     0x800'0a29    0xa  Code  Gb  USB_HW.o [1]
USB_HW_SetEPEnpointAddress
                         0x800'0b37   0x2c  Code  Gb  USB_HW.o [1]
USB_HW_SetEPKind         0x800'0b0d   0x2a  Code  Gb  USB_HW.o [1]
USB_HW_SetEPRxAddr       0x800'0a13   0x16  Code  Gb  USB_HW.o [1]
USB_HW_SetEPRxCount      0x800'0b79   0x54  Code  Gb  USB_HW.o [1]
USB_HW_SetEPRxDataToggle
                         0x800'0917   0x38  Code  Gb  USB_HW.o [1]
USB_HW_SetEPRxStatus     0x800'094f   0x3c  Code  Gb  USB_HW.o [1]
USB_HW_SetEPTxAddr       0x800'09ff   0x14  Code  Gb  USB_HW.o [1]
USB_HW_SetEPTxCount      0x800'0b63   0x16  Code  Gb  USB_HW.o [1]
USB_HW_SetEPTxDataToggle
                         0x800'098b   0x38  Code  Gb  USB_HW.o [1]
USB_HW_SetEPTxStatus     0x800'09c3   0x3c  Code  Gb  USB_HW.o [1]
USB_HW_SetEPType         0x800'0a9f   0x2a  Code  Gb  USB_HW.o [1]
USB_HW_SetupData         0x800'0a33   0x6c  Code  Gb  USB_HW.o [1]
USB_IRQ_CTR_PID_IN_Process
                         0x800'0615   0x92  Code  Gb  USB_IRQ.o [1]
USB_IRQ_CTR_PID_OUT_Process
                         0x800'059f   0x76  Code  Gb  USB_IRQ.o [1]
USB_IRQ_CTR_PID_SETUP_Process
                         0x800'027b  0x324  Code  Gb  USB_IRQ.o [1]
USB_IRQ_CorrecTransfer   0x800'06a7   0xa4  Code  Gb  USB_IRQ.o [1]
USB_IRQ_Reset            0x800'0755  0x12e  Code  Gb  USB_IRQ.o [1]
USB_IRQ_SetCDCBaudrate   0x800'0103   0x4a  Code  Lc  USB_IRQ.o [1]
USB_IRQ_Suspend          0x800'074b    0xa  Code  Gb  USB_IRQ.o [1]
USB_IRQ_ZeroLengthPacket
                         0x800'0261   0x1a  Code  Lc  USB_IRQ.o [1]
USB_Init                 0x800'1b7b   0x4c  Code  Gb  USB.o [1]
USB_LP_CAN1_RX0_IRQHandler
                         0x800'1bf5   0x3e  Code  Gb  USB.o [1]
USB_Reset                0x800'1af7   0x4e  Code  Lc  USB.o [1]
USB_SendString           0x800'1bc7   0x22  Code  Gb  USB.o [1]
UsageFault_Handler       0x800'2139         Code  Wk  startup_stm32f10x_md.o [2]
Virtual_Com_Port_ConfigDescriptor
                        0x2000'0070   0x44  Data  Gb  USB_Types.o [1]
Virtual_Com_Port_DeviceDescriptor
                        0x2000'0048   0x14  Data  Gb  USB_Types.o [1]
Virtual_Com_Port_StringLangID
                        0x2000'00b4    0x4  Data  Gb  USB_Types.o [1]
Virtual_Com_Port_StringProduct
                        0x2000'00e0   0x34  Data  Gb  USB_Types.o [1]
Virtual_Com_Port_StringSerial
                        0x2000'0114    0xc  Data  Gb  USB_Types.o [1]
Virtual_Com_Port_StringVendor
                        0x2000'00b8   0x28  Data  Gb  USB_Types.o [1]
WWDG_IRQHandler          0x800'2149         Code  Wk  startup_stm32f10x_md.o [2]
__NVIC_EnableIRQ         0x800'1f2d   0x1e  Code  Lc  main.o [1]
__NVIC_EnableIRQ         0x800'1aad   0x1e  Code  Lc  USB.o [1]
__NVIC_SetPriority       0x800'16d5   0x2c  Code  Lc  CLOCK.o [1]
__NVIC_SetPriority       0x800'1acb   0x2c  Code  Lc  USB.o [1]
__aeabi_memset           0x800'1869         Code  Gb  ABImemset.o [4]
__cmain                  0x800'20ad         Code  Gb  cmain.o [4]
__exit                   0x800'20e1   0x14  Code  Gb  exit.o [5]
__iar_Memset             0x800'1869         Code  Gb  ABImemset.o [4]
__iar_Memset_word        0x800'1871         Code  Gb  ABImemset.o [4]
__iar_copy_init3         0x800'18cf   0x2a  Code  Gb  copy_init3.o [4]
__iar_data_init3         0x800'2061   0x28  Code  Gb  data_init.o [4]
__iar_program_start      0x800'20f5         Code  Gb  cstartup_M.o [4]
__iar_zero_init3         0x800'2029   0x38  Code  Gb  zero_init3.o [4]
__low_level_init         0x800'20cb    0x4  Code  Gb  low_level_init.o [3]
__vector_table           0x800'0000         Data  Gb  startup_stm32f10x_md.o [2]
_call_main               0x800'20b9         Code  Gb  cmain.o [4]
_exit                    0x800'20d5         Code  Gb  cexit.o [4]
delay                    0x800'1701    0xe  Code  Gb  CLOCK.o [1]
delay                    0x800'1c5d    0xe  Code  Lc  TIMER.o [1]
exit                     0x800'20cf    0x4  Code  Gb  exit.o [3]
getStatus               0x2000'017c    0x4  Data  Gb  USB_IRQ.o [1]
get_configDes           0x2000'0174    0x4  Data  Gb  USB_IRQ.o [1]
get_interface           0x2000'0180    0x4  Data  Gb  USB_IRQ.o [1]
main                     0x800'1f4b   0xc2  Code  Gb  main.o [1]
memset                   0x800'1855   0x14  Code  Gb  memset.o [4]
micros                   0x800'1807   0x16  Code  Gb  CLOCK.o [1]
nRF24L01_Command         0x800'13e5   0x24  Code  Gb  nRF24L01.o [1]
nRF24L01_Disable         0x800'11e5    0xa  Code  Lc  nRF24L01.o [1]
nRF24L01_Enable          0x800'11db    0xa  Code  Lc  nRF24L01.o [1]
nRF24L01_Init            0x800'1383   0x62  Code  Gb  nRF24L01.o [1]
nRF24L01_Read1Byte       0x800'11b5    0xe  Code  Lc  nRF24L01.o [1]
nRF24L01_ReadMulBytes    0x800'11c3   0x18  Code  Lc  nRF24L01.o [1]
nRF24L01_Reset           0x800'1209  0x17a  Code  Gb  nRF24L01.o [1]
nRF24L01_Transmit        0x800'1465   0x3c  Code  Gb  nRF24L01.o [1]
nRF24L01_TxMode          0x800'1419   0x4c  Code  Gb  nRF24L01.o [1]
nRF24L01_Write1Byte      0x800'117d   0x1a  Code  Lc  nRF24L01.o [1]
nRF24L01_WriteMulBytes   0x800'1197   0x1e  Code  Lc  nRF24L01.o [1]
saveAdr                 0x2000'018e    0x2  Data  Gb  USB_IRQ.o [1]
stop                    0x2000'0178    0x4  Data  Gb  USB_IRQ.o [1]
sus                     0x2000'0170    0x4  Data  Gb  USB_IRQ.o [1]
timer                   0x2000'0154    0x4  Data  Gb  main.o [1]
timer                   0x2000'0158    0x4  Data  Lc  nRF24L01.o [1]
ui32micros              0x2000'0150    0x4  Data  Lc  CLOCK.o [1]


[1] = F:\USB_RF\project\Debug\Obj\source
[2] = F:\USB_RF\project\Debug\Obj\startup
[3] = dl7M_tln.a
[4] = rt7M_tl.a
[5] = shb_l.a

  8'344 bytes of readonly  code memory
    336 bytes of readonly  data memory
  2'449 bytes of readwrite data memory

Errors: none
Warnings: none
