###############################################################################
#
# IAR ELF Linker V9.30.1.335/W64 for ARM                  01/May/2024  18:42:01
# Copyright 2007-2022 IAR Systems AB.
#
#    Output file  =  F:\USB_RF\project\Debug\Exe\USB_RF.out
#    Map file     =  F:\USB_RF\project\Debug\List\USB_RF.map
#    Command line =
#        -f F:\USB_RF\project\Debug\Exe\USB_RF.out.rsp
#        (F:\USB_RF\project\Debug\Obj\source\CLOCK.o
#        F:\USB_RF\project\Debug\Obj\source\FLASH.o
#        F:\USB_RF\project\Debug\Obj\source\GPIO.o
#        F:\USB_RF\project\Debug\Obj\source\main.o
#        F:\USB_RF\project\Debug\Obj\source\nRF24L01.o
#        F:\USB_RF\project\Debug\Obj\source\SPI.o
#        F:\USB_RF\project\Debug\Obj\startup\startup_stm32f10x_md.o
#        F:\USB_RF\project\Debug\Obj\startup\system_stm32f10x.o
#        F:\USB_RF\project\Debug\Obj\source\TIMER.o
#        F:\USB_RF\project\Debug\Obj\source\USB.o
#        F:\USB_RF\project\Debug\Obj\source\USB_HW.o
#        F:\USB_RF\project\Debug\Obj\source\USB_IRQ.o
#        F:\USB_RF\project\Debug\Obj\source\USB_Types.o --no_out_extension -o
#        F:\USB_RF\project\Debug\Exe\USB_RF.out --map
#        F:\USB_RF\project\Debug\List\USB_RF.map --config "C:\Program Files\IAR
#        Systems\Embedded Workbench 9.1\arm/config/linker/ST/stm32f103x8.icf"
#        --semihosting --entry __iar_program_start --redirect
#        __iar_sh_stdout=__iar_sh_stdout_swo --vfe --text_out locale
#        --cpu=Cortex-M3 --fpu=None)
#
###############################################################################

*******************************************************************************
*** RUNTIME MODEL ATTRIBUTES
***

CppFlavor       = *
__CPP_Runtime   = 1
__SystemLibrary = DLib
__dlib_version  = 6


*******************************************************************************
*** HEAP SELECTION
***

The basic heap was selected because --advanced_heap
was not specified and the application did not appear to
be primarily optimized for speed.


*******************************************************************************
*** PLACEMENT SUMMARY
***

"A0":  place at address 0x800'0000 { ro section .intvec };
"P1":  place in [from 0x800'0000 to 0x800'ffff] { ro };
define block CSTACK with size = 2K, alignment = 8 { };
define block HEAP with size = 2K, alignment = 8 { };
"P2":  place in [from 0x2000'0000 to 0x2000'4fff] {
          rw, block CSTACK, block HEAP };
initialize by copy { rw };

  Section            Kind         Address    Size  Object
  -------            ----         -------    ----  ------
"A0":                                        0xec
  .intvec            ro code   0x800'0000    0xec  startup_stm32f10x_md.o [2]
                             - 0x800'00ec    0xec

"P1":                                      0x19b8
  .text              ro code   0x800'00ec   0x788  USB_IRQ.o [1]
  .text              ro code   0x800'0874   0x2f0  USB_HW.o [1]
  .text              ro code   0x800'0b64   0x49c  GPIO.o [1]
  .text              ro code   0x800'1000   0x204  USB.o [1]
  .text              ro code   0x800'1204   0x180  CLOCK.o [1]
  .text              ro code   0x800'1384   0x1b4  system_stm32f10x.o [2]
  .text              ro code   0x800'1538   0x1ac  TIMER.o [1]
  Initializer bytes  const     0x800'16e4   0x10c  <for P2-1>
  .text              ro code   0x800'17f0    0xbc  main.o [1]
  .text              ro code   0x800'18ac     0xc  SPI.o [1]
  .text              ro code   0x800'18b8     0x2  nRF24L01.o [1]
  .text              ro code   0x800'18ba    0x38  zero_init3.o [4]
  .text              ro code   0x800'18f2    0x2a  copy_init3.o [4]
  .text              ro code   0x800'191c    0x28  data_init.o [4]
  .iar.init_table    const     0x800'1944    0x24  - Linker created -
  .text              ro code   0x800'1968    0x1e  cmain.o [4]
  .text              ro code   0x800'1986     0x4  low_level_init.o [3]
  .text              ro code   0x800'198a     0x4  exit.o [3]
  .text              ro code   0x800'1990     0xa  cexit.o [4]
  .text              ro code   0x800'199c    0x14  exit.o [5]
  .text              ro code   0x800'19b0    0x1c  cstartup_M.o [4]
  .text              ro code   0x800'19cc    0x10  startup_stm32f10x_md.o [2]
  .rodata            const     0x800'19dc     0x8  main.o [1]
  .text              ro code   0x800'19e4     0x4  startup_stm32f10x_md.o [2]
  .text              ro code   0x800'19e8     0x4  startup_stm32f10x_md.o [2]
  .text              ro code   0x800'19ec     0x4  startup_stm32f10x_md.o [2]
  .text              ro code   0x800'19f0     0x4  startup_stm32f10x_md.o [2]
  .text              ro code   0x800'19f4     0x4  startup_stm32f10x_md.o [2]
  .text              ro code   0x800'19f8     0x4  startup_stm32f10x_md.o [2]
  .text              ro code   0x800'19fc     0x4  startup_stm32f10x_md.o [2]
  .text              ro code   0x800'1a00     0x4  startup_stm32f10x_md.o [2]
  .text              ro code   0x800'1a04     0x4  startup_stm32f10x_md.o [2]
  .text              ro code   0x800'1a08     0x4  startup_stm32f10x_md.o [2]
  .text              ro code   0x800'1a0c     0x4  startup_stm32f10x_md.o [2]
  .text              ro code   0x800'1a10     0x4  startup_stm32f10x_md.o [2]
  .text              ro code   0x800'1a14     0x4  startup_stm32f10x_md.o [2]
  .text              ro code   0x800'1a18     0x4  startup_stm32f10x_md.o [2]
  .text              ro code   0x800'1a1c     0x4  startup_stm32f10x_md.o [2]
  .text              ro code   0x800'1a20     0x4  startup_stm32f10x_md.o [2]
  .text              ro code   0x800'1a24     0x4  startup_stm32f10x_md.o [2]
  .text              ro code   0x800'1a28     0x4  startup_stm32f10x_md.o [2]
  .text              ro code   0x800'1a2c     0x4  startup_stm32f10x_md.o [2]
  .text              ro code   0x800'1a30     0x4  startup_stm32f10x_md.o [2]
  .text              ro code   0x800'1a34     0x4  startup_stm32f10x_md.o [2]
  .text              ro code   0x800'1a38     0x4  startup_stm32f10x_md.o [2]
  .text              ro code   0x800'1a3c     0x4  startup_stm32f10x_md.o [2]
  .text              ro code   0x800'1a40     0x4  startup_stm32f10x_md.o [2]
  .text              ro code   0x800'1a44     0x4  startup_stm32f10x_md.o [2]
  .text              ro code   0x800'1a48     0x4  startup_stm32f10x_md.o [2]
  .text              ro code   0x800'1a4c     0x4  startup_stm32f10x_md.o [2]
  .text              ro code   0x800'1a50     0x4  startup_stm32f10x_md.o [2]
  .text              ro code   0x800'1a54     0x4  startup_stm32f10x_md.o [2]
  .text              ro code   0x800'1a58     0x4  startup_stm32f10x_md.o [2]
  .text              ro code   0x800'1a5c     0x4  startup_stm32f10x_md.o [2]
  .text              ro code   0x800'1a60     0x4  startup_stm32f10x_md.o [2]
  .text              ro code   0x800'1a64     0x4  startup_stm32f10x_md.o [2]
  .text              ro code   0x800'1a68     0x4  startup_stm32f10x_md.o [2]
  .text              ro code   0x800'1a6c     0x4  startup_stm32f10x_md.o [2]
  .text              ro code   0x800'1a70     0x4  startup_stm32f10x_md.o [2]
  .text              ro code   0x800'1a74     0x4  startup_stm32f10x_md.o [2]
  .text              ro code   0x800'1a78     0x4  startup_stm32f10x_md.o [2]
  .text              ro code   0x800'1a7c     0x4  startup_stm32f10x_md.o [2]
  .text              ro code   0x800'1a80     0x4  startup_stm32f10x_md.o [2]
  .text              ro code   0x800'1a84     0x4  startup_stm32f10x_md.o [2]
  .text              ro code   0x800'1a88     0x4  startup_stm32f10x_md.o [2]
  .text              ro code   0x800'1a8c     0x4  startup_stm32f10x_md.o [2]
  .text              ro code   0x800'1a90     0x4  startup_stm32f10x_md.o [2]
  .text              ro code   0x800'1a94     0x4  startup_stm32f10x_md.o [2]
  .text              ro code   0x800'1a98     0x4  startup_stm32f10x_md.o [2]
  .text              ro code   0x800'1a9c     0x4  startup_stm32f10x_md.o [2]
  .text              ro code   0x800'1aa0     0x4  startup_stm32f10x_md.o [2]
  .rodata            const     0x800'1aa4     0x0  zero_init3.o [4]
  .rodata            const     0x800'1aa4     0x0  copy_init3.o [4]
                             - 0x800'1aa4  0x19b8

"P2", part 1 of 3:                          0x10c
  P2-1                        0x2000'0000   0x10c  <Init block>
    .data            inited   0x2000'0000     0x4  system_stm32f10x.o [2]
    .data            inited   0x2000'0004    0x10  system_stm32f10x.o [2]
    .data            inited   0x2000'0014    0x20  USB_IRQ.o [1]
    .data            inited   0x2000'0034    0x14  USB_Types.o [1]
    .data            inited   0x2000'0048    0x14  USB_Types.o [1]
    .data            inited   0x2000'005c    0x44  USB_Types.o [1]
    .data            inited   0x2000'00a0     0x4  USB_Types.o [1]
    .data            inited   0x2000'00a4    0x28  USB_Types.o [1]
    .data            inited   0x2000'00cc    0x34  USB_Types.o [1]
    .data            inited   0x2000'0100     0xc  USB_Types.o [1]
                            - 0x2000'010c   0x10c

"P2", part 2 of 3:                          0x214
  .bss               zero     0x2000'010c   0x190  main.o [1]
  .bss               zero     0x2000'029c     0xc  USB_IRQ.o [1]
  .bss               zero     0x2000'02a8     0x8  USB_IRQ.o [1]
  .bss               zero     0x2000'02b0     0x8  USB_IRQ.o [1]
  .bss               zero     0x2000'02b8     0x8  USB_Types.o [1]
  .bss               zero     0x2000'02c0     0x8  USB_Types.o [1]
  .bss               zero     0x2000'02c8     0x4  CLOCK.o [1]
  .bss               zero     0x2000'02cc     0x4  main.o [1]
  .bss               zero     0x2000'02d0     0x4  TIMER.o [1]
  .bss               zero     0x2000'02d4     0x4  TIMER.o [1]
  .bss               zero     0x2000'02d8     0x4  USB.o [1]
  .bss               zero     0x2000'02dc     0x4  USB_IRQ.o [1]
  .bss               zero     0x2000'02e0     0x4  USB_IRQ.o [1]
  .bss               zero     0x2000'02e4     0x4  USB_IRQ.o [1]
  .bss               zero     0x2000'02e8     0x4  USB_IRQ.o [1]
  .bss               zero     0x2000'02ec     0x4  USB_IRQ.o [1]
  .bss               zero     0x2000'02f0     0x4  USB_IRQ.o [1]
  .bss               zero     0x2000'02f4     0x4  USB_IRQ.o [1]
  .bss               zero     0x2000'02f8     0x4  USB_IRQ.o [1]
  .bss               zero     0x2000'02fc     0x4  USB_IRQ.o [1]
  .bss               zero     0x2000'0300     0x4  USB_IRQ.o [1]
  .bss               zero     0x2000'0304     0x4  USB_IRQ.o [1]
  .bss               zero     0x2000'0308     0x4  USB_IRQ.o [1]
  .bss               zero     0x2000'030c     0x4  USB_IRQ.o [1]
  .bss               zero     0x2000'0310     0x4  USB_IRQ.o [1]
  .bss               zero     0x2000'0314     0x2  USB_IRQ.o [1]
  .bss               zero     0x2000'0316     0x2  USB_IRQ.o [1]
  .bss               zero     0x2000'0318     0x2  USB_IRQ.o [1]
  .bss               zero     0x2000'031a     0x2  USB_IRQ.o [1]
  .bss               zero     0x2000'031c     0x2  USB_IRQ.o [1]
  .bss               zero     0x2000'031e     0x1  SPI.o [1]
  .bss               zero     0x2000'031f     0x1  USB_IRQ.o [1]
                            - 0x2000'0320   0x214

"P2", part 3 of 3:                          0x800
  CSTACK                      0x2000'0320   0x800  <Block>
    CSTACK           uninit   0x2000'0320   0x800  <Block tail>
                            - 0x2000'0b20   0x800

Unused ranges:

         From           To    Size
         ----           --    ----
   0x800'1aa4   0x800'ffff  0xe55c
  0x2000'0b20  0x2000'4fff  0x44e0


*******************************************************************************
*** INIT TABLE
***

          Address      Size
          -------      ----
Zero (__iar_zero_init3)
    1 destination range, total size 0x214:
          0x2000'010c  0x214

Copy (__iar_copy_init3)
    1 source range, total size 0x10c:
           0x800'16e4  0x10c
    1 destination range, total size 0x10c:
          0x2000'0000  0x10c



*******************************************************************************
*** MODULE SUMMARY
***

    Module                  ro code  ro data  rw data
    ------                  -------  -------  -------
command line/config:
    -------------------------------------------------
    Total:

F:\USB_RF\project\Debug\Obj\source: [1]
    CLOCK.o                     384                 4
    GPIO.o                    1'180
    SPI.o                        12                 1
    TIMER.o                     428                 8
    USB.o                       516                 4
    USB_HW.o                    752
    USB_IRQ.o                 1'928       32      127
    USB_Types.o                          216      232
    main.o                      188        8      404
    nRF24L01.o                    2
    -------------------------------------------------
    Total:                    5'390      256      780

F:\USB_RF\project\Debug\Obj\startup: [2]
    startup_stm32f10x_md.o      444
    system_stm32f10x.o          436       20       20
    -------------------------------------------------
    Total:                      880       20       20

dl7M_tln.a: [3]
    exit.o                        4
    low_level_init.o              4
    -------------------------------------------------
    Total:                        8

rt7M_tl.a: [4]
    cexit.o                      10
    cmain.o                      30
    copy_init3.o                 42
    cstartup_M.o                 28
    data_init.o                  40
    zero_init3.o                 56
    -------------------------------------------------
    Total:                      206

shb_l.a: [5]
    exit.o                       20
    -------------------------------------------------
    Total:                       20

    Gaps                          4
    Linker created                        36    2'048
-----------------------------------------------------
    Grand Total:              6'508      312    2'848


*******************************************************************************
*** ENTRY LIST
***

Entry                       Address   Size  Type      Object
-----                       -------   ----  ----      ------
.iar.init_table$$Base    0x800'1944          --   Gb  - Linker created -
.iar.init_table$$Limit   0x800'1968          --   Gb  - Linker created -
?main                    0x800'1969         Code  Gb  cmain.o [4]
ADC1_2_IRQHandler        0x800'1a4d         Code  Wk  startup_stm32f10x_md.o [2]
AHBPrescTable           0x2000'0004   0x10  Data  Gb  system_stm32f10x.o [2]
BusFault_Handler         0x800'19f1         Code  Wk  startup_stm32f10x_md.o [2]
CAN1_RX1_IRQHandler      0x800'1a51         Code  Wk  startup_stm32f10x_md.o [2]
CAN1_SCE_IRQHandler      0x800'1a55         Code  Wk  startup_stm32f10x_md.o [2]
CDC_GetLineCoding       0x2000'02b8    0x8  Data  Gb  USB_Types.o [1]
CDC_SetLineCoding       0x2000'02c0    0x8  Data  Gb  USB_Types.o [1]
CLOCK_Init               0x800'123f   0xc6  Code  Gb  CLOCK.o [1]
CLOCK_SystickInit        0x800'1305   0x32  Code  Gb  CLOCK.o [1]
CSTACK$$Base            0x2000'0320          --   Gb  - Linker created -
CSTACK$$Limit           0x2000'0b20          --   Gb  - Linker created -
DMA1_Channel1_IRQHandler
                         0x800'1a31         Code  Wk  startup_stm32f10x_md.o [2]
DMA1_Channel2_IRQHandler
                         0x800'1a35         Code  Wk  startup_stm32f10x_md.o [2]
DMA1_Channel3_IRQHandler
                         0x800'1a39         Code  Wk  startup_stm32f10x_md.o [2]
DMA1_Channel4_IRQHandler
                         0x800'1a3d         Code  Wk  startup_stm32f10x_md.o [2]
DMA1_Channel5_IRQHandler
                         0x800'1a41         Code  Wk  startup_stm32f10x_md.o [2]
DMA1_Channel6_IRQHandler
                         0x800'1a45         Code  Wk  startup_stm32f10x_md.o [2]
DMA1_Channel7_IRQHandler
                         0x800'1a49         Code  Wk  startup_stm32f10x_md.o [2]
Data                    0x2000'010c  0x190  Data  Gb  main.o [1]
DebugMon_Handler         0x800'19fd         Code  Wk  startup_stm32f10x_md.o [2]
Direction               0x2000'031a    0x2  Data  Gb  USB_IRQ.o [1]
Dummy                   0x2000'02e0    0x4  Data  Gb  USB_IRQ.o [1]
EXTI0_IRQHandler         0x800'1a1d         Code  Wk  startup_stm32f10x_md.o [2]
EXTI15_10_IRQHandler     0x800'1a9d         Code  Wk  startup_stm32f10x_md.o [2]
EXTI1_IRQHandler         0x800'1a21         Code  Wk  startup_stm32f10x_md.o [2]
EXTI2_IRQHandler         0x800'1a25         Code  Wk  startup_stm32f10x_md.o [2]
EXTI3_IRQHandler         0x800'1a29         Code  Wk  startup_stm32f10x_md.o [2]
EXTI4_IRQHandler         0x800'1a2d         Code  Wk  startup_stm32f10x_md.o [2]
EXTI9_5_IRQHandler       0x800'1a59         Code  Wk  startup_stm32f10x_md.o [2]
EndpointIndex           0x2000'0318    0x2  Data  Gb  USB_IRQ.o [1]
EnumerationStatus       0x2000'031f    0x1  Data  Gb  USB_IRQ.o [1]
FLASH_IRQHandler         0x800'1a15         Code  Wk  startup_stm32f10x_md.o [2]
GPIO_PINLow              0x800'0f71   0x66  Code  Gb  GPIO.o [1]
GPIO_SetOutPut           0x800'0b65  0x40c  Code  Gb  GPIO.o [1]
HardFault_Handler        0x800'19e9         Code  Wk  startup_stm32f10x_md.o [2]
I2C1_ER_IRQHandler       0x800'1a7d         Code  Wk  startup_stm32f10x_md.o [2]
I2C1_EV_IRQHandler       0x800'1a79         Code  Wk  startup_stm32f10x_md.o [2]
I2C2_ER_IRQHandler       0x800'1a85         Code  Wk  startup_stm32f10x_md.o [2]
I2C2_EV_IRQHandler       0x800'1a81         Code  Wk  startup_stm32f10x_md.o [2]
MemManage_Handler        0x800'19ed         Code  Wk  startup_stm32f10x_md.o [2]
NMI_Handler              0x800'19e5         Code  Wk  startup_stm32f10x_md.o [2]
PVD_IRQHandler           0x800'1a09         Code  Wk  startup_stm32f10x_md.o [2]
PacketInfo              0x2000'02b0    0x8  Data  Gb  USB_IRQ.o [1]
PendSV_Handler           0x800'1a01         Code  Wk  startup_stm32f10x_md.o [2]
RCC_IRQHandler           0x800'1a19         Code  Wk  startup_stm32f10x_md.o [2]
RTCAlarm_IRQHandler      0x800'1aa1         Code  Wk  startup_stm32f10x_md.o [2]
RTC_IRQHandler           0x800'1a11         Code  Wk  startup_stm32f10x_md.o [2]
Region$$Table$$Base      0x800'1944          --   Gb  - Linker created -
Region$$Table$$Limit     0x800'1968          --   Gb  - Linker created -
Request                 0x2000'029c    0xc  Data  Gb  USB_IRQ.o [1]
Reset_Handler            0x800'19cd         Code  Wk  startup_stm32f10x_md.o [2]
SPI1_IRQHandler          0x800'1a89         Code  Wk  startup_stm32f10x_md.o [2]
SPI2_IRQHandler          0x800'1a8d         Code  Wk  startup_stm32f10x_md.o [2]
SPI_Init                 0x800'18ad    0xc  Code  Gb  SPI.o [1]
SPI_InitSuccess         0x2000'031e    0x1  Data  Gb  SPI.o [1]
SVC_Handler              0x800'19f9         Code  Wk  startup_stm32f10x_md.o [2]
SaveEPRStatus           0x2000'0314    0x2  Data  Gb  USB_IRQ.o [1]
SaveISTR                0x2000'0316    0x2  Data  Gb  USB_IRQ.o [1]
SetSysClock              0x800'1457    0x8  Code  Lc  system_stm32f10x.o [2]
SetSysClockTo72          0x800'145f   0xae  Code  Lc  system_stm32f10x.o [2]
SpecificRequest         0x2000'02a8    0x8  Data  Gb  USB_IRQ.o [1]
StringDescriptor        0x2000'0014   0x20  Data  Gb  USB_IRQ.o [1]
SysTick_Handler          0x800'134d    0xc  Code  Gb  CLOCK.o [1]
SystemCoreClock         0x2000'0000    0x4  Data  Gb  system_stm32f10x.o [2]
SystemCoreClockUpdate    0x800'13c9   0x8e  Code  Gb  system_stm32f10x.o [2]
SystemInit               0x800'1385   0x44  Code  Gb  system_stm32f10x.o [2]
TAMPER_IRQHandler        0x800'1a0d         Code  Wk  startup_stm32f10x_md.o [2]
TIM1_BRK_IRQHandler      0x800'1a5d         Code  Wk  startup_stm32f10x_md.o [2]
TIM1_CC_IRQHandler       0x800'1a69         Code  Wk  startup_stm32f10x_md.o [2]
TIM1_TRG_COM_IRQHandler
                         0x800'1a65         Code  Wk  startup_stm32f10x_md.o [2]
TIM1_UP_IRQHandler       0x800'1a61         Code  Wk  startup_stm32f10x_md.o [2]
TIM2_IRQHandler          0x800'1a6d         Code  Wk  startup_stm32f10x_md.o [2]
TIM3_IRQHandler          0x800'1a71         Code  Wk  startup_stm32f10x_md.o [2]
TIM4_IRQHandler          0x800'1a75         Code  Wk  startup_stm32f10x_md.o [2]
TIMER_Chaining           0x800'15f9   0xba  Code  Gb  TIMER.o [1]
TIMER_EnableInterrupt    0x800'16bf    0x2  Code  Gb  TIMER.o [1]
TIMER_Init               0x800'1547   0xb2  Code  Gb  TIMER.o [1]
TIMER_SetCLockSourceMicros
                         0x800'16b9    0x6  Code  Gb  TIMER.o [1]
TIMER_SetCLockSourceMillis
                         0x800'16b3    0x6  Code  Gb  TIMER.o [1]
TIMER_SourceMicros      0x2000'02d4    0x4  Data  Lc  TIMER.o [1]
TIMER_SourceMillis      0x2000'02d0    0x4  Data  Lc  TIMER.o [1]
TX_IRQ                  0x2000'02d8    0x4  Data  Gb  USB.o [1]
USART1_IRQHandler        0x800'1a91         Code  Wk  startup_stm32f10x_md.o [2]
USART2_IRQHandler        0x800'1a95         Code  Wk  startup_stm32f10x_md.o [2]
USART3_IRQHandler        0x800'1a99         Code  Wk  startup_stm32f10x_md.o [2]
USBWakeUp_IRQHandler     0x800'1169    0x2  Code  Gb  USB.o [1]
USB_ByteSwap             0x800'00ed   0x16  Code  Lc  USB_IRQ.o [1]
USB_ClearPMA             0x800'104b   0x12  Code  Lc  USB.o [1]
USB_DeviceDescriptor    0x2000'0048   0x14  Data  Gb  USB_Types.o [1]
USB_EnableInterrupt      0x800'10ab   0x46  Code  Lc  USB.o [1]
USB_EndpointReset        0x800'0103   0x38  Code  Lc  USB_IRQ.o [1]
USB_GetRequest           0x800'013b   0xdc  Code  Gb  USB_IRQ.o [1]
USB_HP_CAN1_TX_IRQHandler
                         0x800'116b    0x8  Code  Gb  USB.o [1]
USB_HW_ClearEP_CTR_RX    0x800'0a4d   0x22  Code  Gb  USB_HW.o [1]
USB_HW_ClearEP_CTR_TX    0x800'0a6f   0x22  Code  Gb  USB_HW.o [1]
USB_HW_ResetBTABLE       0x800'0875    0x8  Code  Gb  USB_HW.o [1]
USB_HW_SetDeviceAddr     0x800'09c7    0xa  Code  Gb  USB_HW.o [1]
USB_HW_SetEPEnpointAddress
                         0x800'0abb   0x2c  Code  Gb  USB_HW.o [1]
USB_HW_SetEPKind         0x800'0a91   0x2a  Code  Gb  USB_HW.o [1]
USB_HW_SetEPRxAddr       0x800'0979   0x16  Code  Gb  USB_HW.o [1]
USB_HW_SetEPRxCount      0x800'0afd   0x54  Code  Gb  USB_HW.o [1]
USB_HW_SetEPRxDataToggle
                         0x800'087d   0x38  Code  Gb  USB_HW.o [1]
USB_HW_SetEPRxStatus     0x800'08b5   0x3c  Code  Gb  USB_HW.o [1]
USB_HW_SetEPTxAddr       0x800'0965   0x14  Code  Gb  USB_HW.o [1]
USB_HW_SetEPTxCount      0x800'0ae7   0x16  Code  Gb  USB_HW.o [1]
USB_HW_SetEPTxDataToggle
                         0x800'08f1   0x38  Code  Gb  USB_HW.o [1]
USB_HW_SetEPTxStatus     0x800'0929   0x3c  Code  Gb  USB_HW.o [1]
USB_HW_SetEPType         0x800'0a23   0x2a  Code  Gb  USB_HW.o [1]
USB_HW_SetPacketSize     0x800'098f   0x38  Code  Gb  USB_HW.o [1]
USB_HW_SetupData         0x800'09d1   0x52  Code  Gb  USB_HW.o [1]
USB_IRQ_CTR_PID_IN_Process
                         0x800'0549   0xa2  Code  Gb  USB_IRQ.o [1]
USB_IRQ_CTR_PID_OUT_Process
                         0x800'053f    0xa  Code  Gb  USB_IRQ.o [1]
USB_IRQ_CTR_PID_SETUP_Process
                         0x800'0243  0x2fc  Code  Gb  USB_IRQ.o [1]
USB_IRQ_CorrecTransfer   0x800'05eb   0xaa  Code  Gb  USB_IRQ.o [1]
USB_IRQ_Error            0x800'0695    0xa  Code  Gb  USB_IRQ.o [1]
USB_IRQ_PrepareBuffer    0x800'0227    0x8  Code  Gb  USB_IRQ.o [1]
USB_IRQ_Reset            0x800'06b3  0x138  Code  Gb  USB_IRQ.o [1]
USB_IRQ_SendDeviceDescriptor
                         0x800'0217   0x10  Code  Lc  USB_IRQ.o [1]
USB_IRQ_Suspend          0x800'06a9    0xa  Code  Gb  USB_IRQ.o [1]
USB_IRQ_Wakeup           0x800'069f    0xa  Code  Gb  USB_IRQ.o [1]
USB_IRQ_ZeroLengthPacket
                         0x800'022f   0x14  Code  Gb  USB_IRQ.o [1]
USB_Init                 0x800'10f1   0x4c  Code  Gb  USB.o [1]
USB_LP_CAN1_RX0_IRQHandler
                         0x800'1173   0x62  Code  Gb  USB.o [1]
USB_Reset                0x800'105d   0x4e  Code  Lc  USB.o [1]
USB_SendString           0x800'113d   0x2c  Code  Gb  USB.o [1]
UsageFault_Handler       0x800'19f5         Code  Wk  startup_stm32f10x_md.o [2]
Virtual_Com_Port_ConfigDescriptor
                        0x2000'005c   0x44  Data  Gb  USB_Types.o [1]
Virtual_Com_Port_DeviceDescriptor
                        0x2000'0034   0x14  Data  Gb  USB_Types.o [1]
Virtual_Com_Port_StringLangID
                        0x2000'00a0    0x4  Data  Gb  USB_Types.o [1]
Virtual_Com_Port_StringProduct
                        0x2000'00cc   0x34  Data  Gb  USB_Types.o [1]
Virtual_Com_Port_StringSerial
                        0x2000'0100    0xc  Data  Gb  USB_Types.o [1]
Virtual_Com_Port_StringVendor
                        0x2000'00a4   0x28  Data  Gb  USB_Types.o [1]
WWDG_IRQHandler          0x800'1a05         Code  Wk  startup_stm32f10x_md.o [2]
__NVIC_EnableIRQ         0x800'17f1   0x1e  Code  Lc  main.o [1]
__NVIC_EnableIRQ         0x800'1001   0x1e  Code  Lc  USB.o [1]
__NVIC_SetPriority       0x800'1205   0x2c  Code  Lc  CLOCK.o [1]
__NVIC_SetPriority       0x800'101f   0x2c  Code  Lc  USB.o [1]
__cmain                  0x800'1969         Code  Gb  cmain.o [4]
__exit                   0x800'199d   0x14  Code  Gb  exit.o [5]
__iar_copy_init3         0x800'18f3   0x2a  Code  Gb  copy_init3.o [4]
__iar_data_init3         0x800'191d   0x28  Code  Gb  data_init.o [4]
__iar_program_start      0x800'19b1         Code  Gb  cstartup_M.o [4]
__iar_zero_init3         0x800'18bb   0x38  Code  Gb  zero_init3.o [4]
__low_level_init         0x800'1987    0x4  Code  Gb  low_level_init.o [3]
__vector_table           0x800'0000         Data  Gb  startup_stm32f10x_md.o [2]
_call_main               0x800'1975         Code  Gb  cmain.o [4]
_exit                    0x800'1991         Code  Gb  cexit.o [4]
ctr                     0x2000'02e8    0x4  Data  Gb  USB_IRQ.o [1]
data_out                0x2000'0300    0x4  Data  Gb  USB_IRQ.o [1]
delay                    0x800'1231    0xe  Code  Gb  CLOCK.o [1]
delay                    0x800'1539    0xe  Code  Lc  TIMER.o [1]
err                     0x2000'02f4    0x4  Data  Gb  USB_IRQ.o [1]
exit                     0x800'198b    0x4  Code  Gb  exit.o [3]
getStatus               0x2000'030c    0x4  Data  Gb  USB_IRQ.o [1]
get_configDes           0x2000'02fc    0x4  Data  Gb  USB_IRQ.o [1]
get_interface           0x2000'0310    0x4  Data  Gb  USB_IRQ.o [1]
main                     0x800'180f   0x84  Code  Gb  main.o [1]
micros                   0x800'1337   0x16  Code  Gb  CLOCK.o [1]
nRF24L01_Init            0x800'18b9    0x2  Code  Gb  nRF24L01.o [1]
pass                    0x2000'02e4    0x4  Data  Gb  USB_IRQ.o [1]
ptr_Data                0x2000'02dc    0x4  Data  Gb  USB_IRQ.o [1]
reset                   0x2000'02ec    0x4  Data  Gb  USB_IRQ.o [1]
saveAdr                 0x2000'031c    0x2  Data  Gb  USB_IRQ.o [1]
setup                   0x2000'0304    0x4  Data  Gb  USB_IRQ.o [1]
stop                    0x2000'0308    0x4  Data  Gb  USB_IRQ.o [1]
sus                     0x2000'02f8    0x4  Data  Gb  USB_IRQ.o [1]
timer                   0x2000'02cc    0x4  Data  Gb  main.o [1]
ui32micros              0x2000'02c8    0x4  Data  Lc  CLOCK.o [1]
wk                      0x2000'02f0    0x4  Data  Gb  USB_IRQ.o [1]


[1] = F:\USB_RF\project\Debug\Obj\source
[2] = F:\USB_RF\project\Debug\Obj\startup
[3] = dl7M_tln.a
[4] = rt7M_tl.a
[5] = shb_l.a

  6'508 bytes of readonly  code memory
    312 bytes of readonly  data memory
  2'848 bytes of readwrite data memory

Errors: none
Warnings: none
