###############################################################################
#
# IAR ELF Linker V9.30.1.335/W64 for ARM                  17/Apr/2024  17:39:25
# Copyright 2007-2022 IAR Systems AB.
#
#    Output file  =  F:\USB_RF\project\Debug\Exe\USB_RF.out
#    Map file     =  F:\USB_RF\project\Debug\List\USB_RF.map
#    Command line =
#        -f F:\USB_RF\project\Debug\Exe\USB_RF.out.rsp
#        (F:\USB_RF\project\Debug\Obj\source\CLOCK.o
#        F:\USB_RF\project\Debug\Obj\source\FLASH.o
#        F:\USB_RF\project\Debug\Obj\source\GPIO.o
#        F:\USB_RF\project\Debug\Obj\source\main.o
#        F:\USB_RF\project\Debug\Obj\source\nRF24L01.o
#        F:\USB_RF\project\Debug\Obj\source\SPI.o
#        F:\USB_RF\project\Debug\Obj\startup\startup_stm32f10x_md.o
#        F:\USB_RF\project\Debug\Obj\startup\system_stm32f10x.o
#        F:\USB_RF\project\Debug\Obj\source\TIMER.o
#        F:\USB_RF\project\Debug\Obj\source\USB.o
#        F:\USB_RF\project\Debug\Obj\source\USB_HW.o --no_out_extension -o
#        F:\USB_RF\project\Debug\Exe\USB_RF.out --map
#        F:\USB_RF\project\Debug\List\USB_RF.map --config "C:\Program Files\IAR
#        Systems\Embedded Workbench 9.1\arm/config/linker/ST/stm32f103x8.icf"
#        --semihosting --entry __iar_program_start --redirect
#        __iar_sh_stdout=__iar_sh_stdout_swo --vfe --text_out locale
#        --cpu=Cortex-M3 --fpu=None)
#
###############################################################################

*******************************************************************************
*** RUNTIME MODEL ATTRIBUTES
***

CppFlavor       = *
__CPP_Runtime   = 1
__SystemLibrary = DLib
__dlib_version  = 6


*******************************************************************************
*** HEAP SELECTION
***

The basic heap was selected because --advanced_heap
was not specified and the application did not appear to
be primarily optimized for speed.


*******************************************************************************
*** PLACEMENT SUMMARY
***

"A0":  place at address 0x800'0000 { ro section .intvec };
"P1":  place in [from 0x800'0000 to 0x800'ffff] { ro };
define block CSTACK with size = 2K, alignment = 8 { };
define block HEAP with size = 2K, alignment = 8 { };
"P2":  place in [from 0x2000'0000 to 0x2000'4fff] {
          rw, block CSTACK, block HEAP };
initialize by copy { rw };

  Section            Kind         Address   Size  Object
  -------            ----         -------   ----  ------
"A0":                                       0xec
  .intvec            ro code   0x800'0000   0xec  startup_stm32f10x_md.o [2]
                             - 0x800'00ec   0xec

"P1":                                      0xe4e
  .text              ro code   0x800'00ec  0x598  GPIO.o [1]
  .text              ro code   0x800'0684  0x1b4  system_stm32f10x.o [2]
  .text              ro code   0x800'0838  0x1ac  TIMER.o [1]
  .text              ro code   0x800'09e4  0x1a8  USB.o [1]
  .text              ro code   0x800'0b8c  0x130  CLOCK.o [1]
  .text              ro code   0x800'0cbc   0xb8  main.o [1]
  .text              ro code   0x800'0d74    0xc  SPI.o [1]
  .text              ro code   0x800'0d80    0x2  nRF24L01.o [1]
  .text              ro code   0x800'0d82   0x3a  packbits_init_single.o [4]
  .text              ro code   0x800'0dbc   0x28  data_init.o [4]
  .iar.init_table    const     0x800'0de4   0x10  - Linker created -
  .text              ro code   0x800'0df4   0x1e  cmain.o [4]
  .text              ro code   0x800'0e12    0x4  low_level_init.o [3]
  .text              ro code   0x800'0e16    0x4  exit.o [3]
  .text              ro code   0x800'0e1c    0xa  cexit.o [4]
  .text              ro code   0x800'0e28   0x14  exit.o [5]
  .text              ro code   0x800'0e3c   0x1c  cstartup_M.o [4]
  .text              ro code   0x800'0e58   0x10  startup_stm32f10x_md.o [2]
  .text              ro code   0x800'0e68    0x4  startup_stm32f10x_md.o [2]
  .text              ro code   0x800'0e6c    0x4  startup_stm32f10x_md.o [2]
  .text              ro code   0x800'0e70    0x4  startup_stm32f10x_md.o [2]
  .text              ro code   0x800'0e74    0x4  startup_stm32f10x_md.o [2]
  .text              ro code   0x800'0e78    0x4  startup_stm32f10x_md.o [2]
  .text              ro code   0x800'0e7c    0x4  startup_stm32f10x_md.o [2]
  .text              ro code   0x800'0e80    0x4  startup_stm32f10x_md.o [2]
  .text              ro code   0x800'0e84    0x4  startup_stm32f10x_md.o [2]
  .text              ro code   0x800'0e88    0x4  startup_stm32f10x_md.o [2]
  .text              ro code   0x800'0e8c    0x4  startup_stm32f10x_md.o [2]
  .text              ro code   0x800'0e90    0x4  startup_stm32f10x_md.o [2]
  .text              ro code   0x800'0e94    0x4  startup_stm32f10x_md.o [2]
  .text              ro code   0x800'0e98    0x4  startup_stm32f10x_md.o [2]
  .text              ro code   0x800'0e9c    0x4  startup_stm32f10x_md.o [2]
  .text              ro code   0x800'0ea0    0x4  startup_stm32f10x_md.o [2]
  .text              ro code   0x800'0ea4    0x4  startup_stm32f10x_md.o [2]
  .text              ro code   0x800'0ea8    0x4  startup_stm32f10x_md.o [2]
  .text              ro code   0x800'0eac    0x4  startup_stm32f10x_md.o [2]
  .text              ro code   0x800'0eb0    0x4  startup_stm32f10x_md.o [2]
  .text              ro code   0x800'0eb4    0x4  startup_stm32f10x_md.o [2]
  .text              ro code   0x800'0eb8    0x4  startup_stm32f10x_md.o [2]
  .text              ro code   0x800'0ebc    0x4  startup_stm32f10x_md.o [2]
  .text              ro code   0x800'0ec0    0x4  startup_stm32f10x_md.o [2]
  .text              ro code   0x800'0ec4    0x4  startup_stm32f10x_md.o [2]
  .text              ro code   0x800'0ec8    0x4  startup_stm32f10x_md.o [2]
  .text              ro code   0x800'0ecc    0x4  startup_stm32f10x_md.o [2]
  .text              ro code   0x800'0ed0    0x4  startup_stm32f10x_md.o [2]
  .text              ro code   0x800'0ed4    0x4  startup_stm32f10x_md.o [2]
  .text              ro code   0x800'0ed8    0x4  startup_stm32f10x_md.o [2]
  .text              ro code   0x800'0edc    0x4  startup_stm32f10x_md.o [2]
  .text              ro code   0x800'0ee0    0x4  startup_stm32f10x_md.o [2]
  .text              ro code   0x800'0ee4    0x4  startup_stm32f10x_md.o [2]
  .text              ro code   0x800'0ee8    0x4  startup_stm32f10x_md.o [2]
  .text              ro code   0x800'0eec    0x4  startup_stm32f10x_md.o [2]
  .text              ro code   0x800'0ef0    0x4  startup_stm32f10x_md.o [2]
  .text              ro code   0x800'0ef4    0x4  startup_stm32f10x_md.o [2]
  .text              ro code   0x800'0ef8    0x4  startup_stm32f10x_md.o [2]
  .text              ro code   0x800'0efc    0x4  startup_stm32f10x_md.o [2]
  .text              ro code   0x800'0f00    0x4  startup_stm32f10x_md.o [2]
  .text              ro code   0x800'0f04    0x4  startup_stm32f10x_md.o [2]
  .text              ro code   0x800'0f08    0x4  startup_stm32f10x_md.o [2]
  .text              ro code   0x800'0f0c    0x4  startup_stm32f10x_md.o [2]
  .text              ro code   0x800'0f10    0x4  startup_stm32f10x_md.o [2]
  .text              ro code   0x800'0f14    0x4  startup_stm32f10x_md.o [2]
  .text              ro code   0x800'0f18    0x4  startup_stm32f10x_md.o [2]
  .text              ro code   0x800'0f1c    0x4  startup_stm32f10x_md.o [2]
  .text              ro code   0x800'0f20    0x4  startup_stm32f10x_md.o [2]
  .text              ro code   0x800'0f24    0x4  startup_stm32f10x_md.o [2]
  .rodata            const     0x800'0f28    0x0  packbits_init_single.o [4]
  Initializer bytes  const     0x800'0f28   0x12  <for P2-1>
                             - 0x800'0f3a  0xe4e

"P2", part 1 of 2:                          0x29
  P2-1                        0x2000'0000   0x29  <Init block>
    .data            inited   0x2000'0000    0x4  system_stm32f10x.o [2]
    .data            inited   0x2000'0004   0x10  system_stm32f10x.o [2]
    .bss             inited   0x2000'0014    0x4  CLOCK.o [1]
    .bss             inited   0x2000'0018    0x4  main.o [1]
    .bss             inited   0x2000'001c    0x4  TIMER.o [1]
    .bss             inited   0x2000'0020    0x4  TIMER.o [1]
    .bss             inited   0x2000'0024    0x4  USB.o [1]
    .bss             inited   0x2000'0028    0x1  SPI.o [1]
                            - 0x2000'0029   0x29

"P2", part 2 of 2:                         0x800
  CSTACK                      0x2000'0030  0x800  <Block>
    CSTACK           uninit   0x2000'0030  0x800  <Block tail>
                            - 0x2000'0830  0x800

Unused ranges:

         From           To    Size
         ----           --    ----
   0x800'0f3a   0x800'ffff  0xf0c6
  0x2000'0029  0x2000'002f     0x7
  0x2000'0830  0x2000'4fff  0x47d0


*******************************************************************************
*** INIT TABLE
***

          Address      Size
          -------      ----
Copy/packbits (__iar_packbits_init_single3)
    1 source range, total size 0x12 (43% of destination):
           0x800'0f28  0x12
    1 destination range, total size 0x29:
          0x2000'0000  0x29



*******************************************************************************
*** MODULE SUMMARY
***

    Module                  ro code  ro data  rw data
    ------                  -------  -------  -------
command line/config:
    -------------------------------------------------
    Total:

F:\USB_RF\project\Debug\Obj\source: [1]
    CLOCK.o                     304        2        4
    GPIO.o                    1'432
    SPI.o                        12        1        1
    TIMER.o                     428        3        8
    USB.o                       424        2        4
    main.o                      184        2        4
    nRF24L01.o                    2
    -------------------------------------------------
    Total:                    2'786       10       21

F:\USB_RF\project\Debug\Obj\startup: [2]
    startup_stm32f10x_md.o      444
    system_stm32f10x.o          436        8       20
    -------------------------------------------------
    Total:                      880        8       20

dl7M_tln.a: [3]
    exit.o                        4
    low_level_init.o              4
    -------------------------------------------------
    Total:                        8

rt7M_tl.a: [4]
    cexit.o                      10
    cmain.o                      30
    cstartup_M.o                 28
    data_init.o                  40
    packbits_init_single.o       58
    -------------------------------------------------
    Total:                      166

shb_l.a: [5]
    exit.o                       20
    -------------------------------------------------
    Total:                       20

    Gaps                          4
    Linker created                        16    2'048
-----------------------------------------------------
    Grand Total:              3'864       34    2'089


*******************************************************************************
*** ENTRY LIST
***

Entry                       Address   Size  Type      Object
-----                       -------   ----  ----      ------
.iar.init_table$$Base    0x800'0de4          --   Gb  - Linker created -
.iar.init_table$$Limit   0x800'0df4          --   Gb  - Linker created -
?main                    0x800'0df5         Code  Gb  cmain.o [4]
ADC1_2_IRQHandler        0x800'0ed1         Code  Wk  startup_stm32f10x_md.o [2]
AHBPrescTable           0x2000'0004   0x10  Data  Gb  system_stm32f10x.o [2]
BusFault_Handler         0x800'0e75         Code  Wk  startup_stm32f10x_md.o [2]
CAN1_RX1_IRQHandler      0x800'0ed5         Code  Wk  startup_stm32f10x_md.o [2]
CAN1_SCE_IRQHandler      0x800'0ed9         Code  Wk  startup_stm32f10x_md.o [2]
CLOCK_Init               0x800'0bb9   0x82  Code  Gb  CLOCK.o [1]
CLOCK_SystickInit        0x800'0c3b   0x32  Code  Gb  CLOCK.o [1]
CSTACK$$Base            0x2000'0030          --   Gb  - Linker created -
CSTACK$$Limit           0x2000'0830          --   Gb  - Linker created -
DMA1_Channel1_IRQHandler
                         0x800'0eb5         Code  Wk  startup_stm32f10x_md.o [2]
DMA1_Channel2_IRQHandler
                         0x800'0eb9         Code  Wk  startup_stm32f10x_md.o [2]
DMA1_Channel3_IRQHandler
                         0x800'0ebd         Code  Wk  startup_stm32f10x_md.o [2]
DMA1_Channel4_IRQHandler
                         0x800'0ec1         Code  Wk  startup_stm32f10x_md.o [2]
DMA1_Channel5_IRQHandler
                         0x800'0ec5         Code  Wk  startup_stm32f10x_md.o [2]
DMA1_Channel6_IRQHandler
                         0x800'0ec9         Code  Wk  startup_stm32f10x_md.o [2]
DMA1_Channel7_IRQHandler
                         0x800'0ecd         Code  Wk  startup_stm32f10x_md.o [2]
DebugMon_Handler         0x800'0e81         Code  Wk  startup_stm32f10x_md.o [2]
EXTI0_IRQHandler         0x800'0ea1         Code  Wk  startup_stm32f10x_md.o [2]
EXTI15_10_IRQHandler     0x800'0f21         Code  Wk  startup_stm32f10x_md.o [2]
EXTI1_IRQHandler         0x800'0ea5         Code  Wk  startup_stm32f10x_md.o [2]
EXTI2_IRQHandler         0x800'0ea9         Code  Wk  startup_stm32f10x_md.o [2]
EXTI3_IRQHandler         0x800'0ead         Code  Wk  startup_stm32f10x_md.o [2]
EXTI4_IRQHandler         0x800'0eb1         Code  Wk  startup_stm32f10x_md.o [2]
EXTI9_5_IRQHandler       0x800'0edd         Code  Wk  startup_stm32f10x_md.o [2]
FLASH_IRQHandler         0x800'0e99         Code  Wk  startup_stm32f10x_md.o [2]
GPIO_PINHigh             0x800'055f   0x5a  Code  Gb  GPIO.o [1]
GPIO_PINLow              0x800'04f9   0x66  Code  Gb  GPIO.o [1]
GPIO_PINToggle           0x800'05b9   0x98  Code  Gb  GPIO.o [1]
GPIO_SetOutPut           0x800'00ed  0x40c  Code  Gb  GPIO.o [1]
HardFault_Handler        0x800'0e6d         Code  Wk  startup_stm32f10x_md.o [2]
I2C1_ER_IRQHandler       0x800'0f01         Code  Wk  startup_stm32f10x_md.o [2]
I2C1_EV_IRQHandler       0x800'0efd         Code  Wk  startup_stm32f10x_md.o [2]
I2C2_ER_IRQHandler       0x800'0f09         Code  Wk  startup_stm32f10x_md.o [2]
I2C2_EV_IRQHandler       0x800'0f05         Code  Wk  startup_stm32f10x_md.o [2]
MemManage_Handler        0x800'0e71         Code  Wk  startup_stm32f10x_md.o [2]
NMI_Handler              0x800'0e69         Code  Wk  startup_stm32f10x_md.o [2]
PVD_IRQHandler           0x800'0e8d         Code  Wk  startup_stm32f10x_md.o [2]
PendSV_Handler           0x800'0e85         Code  Wk  startup_stm32f10x_md.o [2]
RCC_IRQHandler           0x800'0e9d         Code  Wk  startup_stm32f10x_md.o [2]
RTCAlarm_IRQHandler      0x800'0f25         Code  Wk  startup_stm32f10x_md.o [2]
RTC_IRQHandler           0x800'0e95         Code  Wk  startup_stm32f10x_md.o [2]
Region$$Table$$Base      0x800'0de4          --   Gb  - Linker created -
Region$$Table$$Limit     0x800'0df4          --   Gb  - Linker created -
Reset_Handler            0x800'0e59         Code  Wk  startup_stm32f10x_md.o [2]
SPI1_IRQHandler          0x800'0f0d         Code  Wk  startup_stm32f10x_md.o [2]
SPI2_IRQHandler          0x800'0f11         Code  Wk  startup_stm32f10x_md.o [2]
SPI_Init                 0x800'0d75    0xc  Code  Gb  SPI.o [1]
SPI_InitSuccess         0x2000'0028    0x1  Data  Gb  SPI.o [1]
SVC_Handler              0x800'0e7d         Code  Wk  startup_stm32f10x_md.o [2]
SetSysClock              0x800'0757    0x8  Code  Lc  system_stm32f10x.o [2]
SetSysClockTo72          0x800'075f   0xae  Code  Lc  system_stm32f10x.o [2]
SysTick_Handler          0x800'0c83    0xc  Code  Gb  CLOCK.o [1]
SystemCoreClock         0x2000'0000    0x4  Data  Gb  system_stm32f10x.o [2]
SystemCoreClockUpdate    0x800'06c9   0x8e  Code  Gb  system_stm32f10x.o [2]
SystemInit               0x800'0685   0x44  Code  Gb  system_stm32f10x.o [2]
TAMPER_IRQHandler        0x800'0e91         Code  Wk  startup_stm32f10x_md.o [2]
TIM1_BRK_IRQHandler      0x800'0ee1         Code  Wk  startup_stm32f10x_md.o [2]
TIM1_CC_IRQHandler       0x800'0eed         Code  Wk  startup_stm32f10x_md.o [2]
TIM1_TRG_COM_IRQHandler
                         0x800'0ee9         Code  Wk  startup_stm32f10x_md.o [2]
TIM1_UP_IRQHandler       0x800'0ee5         Code  Wk  startup_stm32f10x_md.o [2]
TIM2_IRQHandler          0x800'0ef1         Code  Wk  startup_stm32f10x_md.o [2]
TIM3_IRQHandler          0x800'0ef5         Code  Wk  startup_stm32f10x_md.o [2]
TIM4_IRQHandler          0x800'0ef9         Code  Wk  startup_stm32f10x_md.o [2]
TIMER_Chaining           0x800'08f9   0xba  Code  Gb  TIMER.o [1]
TIMER_EnableInterrupt    0x800'09bf    0x2  Code  Gb  TIMER.o [1]
TIMER_Init               0x800'0847   0xb2  Code  Gb  TIMER.o [1]
TIMER_SetCLockSourceMicros
                         0x800'09b9    0x6  Code  Gb  TIMER.o [1]
TIMER_SetCLockSourceMillis
                         0x800'09b3    0x6  Code  Gb  TIMER.o [1]
TIMER_SourceMicros      0x2000'0020    0x4  Data  Lc  TIMER.o [1]
TIMER_SourceMillis      0x2000'001c    0x4  Data  Lc  TIMER.o [1]
USART1_IRQHandler        0x800'0f15         Code  Wk  startup_stm32f10x_md.o [2]
USART2_IRQHandler        0x800'0f19         Code  Wk  startup_stm32f10x_md.o [2]
USART3_IRQHandler        0x800'0f1d         Code  Wk  startup_stm32f10x_md.o [2]
USBWakeUp_IRQHandler     0x800'0b4b    0x8  Code  Gb  USB.o [1]
USB_EnableInterrupt      0x800'0a1f   0x78  Code  Lc  USB.o [1]
USB_EndpointInit         0x800'0a11    0xe  Code  Lc  USB.o [1]
USB_HP_CAN1_TX_IRQHandler
                         0x800'0b53    0x8  Code  Gb  USB.o [1]
USB_Init                 0x800'0a97   0xb4  Code  Gb  USB.o [1]
USB_LP_CAN1_RX0_IRQHandler
                         0x800'0b5b    0x8  Code  Gb  USB.o [1]
UsageFault_Handler       0x800'0e79         Code  Wk  startup_stm32f10x_md.o [2]
WWDG_IRQHandler          0x800'0e89         Code  Wk  startup_stm32f10x_md.o [2]
__NVIC_EnableIRQ         0x800'0cbd   0x1e  Code  Lc  main.o [1]
__NVIC_SetPriority       0x800'0b8d   0x2c  Code  Lc  CLOCK.o [1]
__NVIC_SetPriority       0x800'09e5   0x2c  Code  Lc  USB.o [1]
__cmain                  0x800'0df5         Code  Gb  cmain.o [4]
__exit                   0x800'0e29   0x14  Code  Gb  exit.o [5]
__iar_data_init3         0x800'0dbd   0x28  Code  Gb  data_init.o [4]
__iar_packbits_init_single3
                         0x800'0d83   0x3a  Code  Gb  packbits_init_single.o [4]
__iar_program_start      0x800'0e3d         Code  Gb  cstartup_M.o [4]
__low_level_init         0x800'0e13    0x4  Code  Gb  low_level_init.o [3]
__vector_table           0x800'0000         Data  Gb  startup_stm32f10x_md.o [2]
_call_main               0x800'0e01         Code  Gb  cmain.o [4]
_exit                    0x800'0e1d         Code  Gb  cexit.o [4]
a                       0x2000'0024    0x4  Data  Gb  USB.o [1]
delay                    0x800'0839    0xe  Code  Lc  TIMER.o [1]
exit                     0x800'0e17    0x4  Code  Gb  exit.o [3]
main                     0x800'0cdb   0x8a  Code  Gb  main.o [1]
micros                   0x800'0c6d   0x16  Code  Gb  CLOCK.o [1]
nRF24L01_Init            0x800'0d81    0x2  Code  Gb  nRF24L01.o [1]
timer                   0x2000'0018    0x4  Data  Gb  main.o [1]
ui32micros              0x2000'0014    0x4  Data  Lc  CLOCK.o [1]


[1] = F:\USB_RF\project\Debug\Obj\source
[2] = F:\USB_RF\project\Debug\Obj\startup
[3] = dl7M_tln.a
[4] = rt7M_tl.a
[5] = shb_l.a

  3'864 bytes of readonly  code memory
     34 bytes of readonly  data memory
  2'089 bytes of readwrite data memory

Errors: none
Warnings: none
