###############################################################################
#
# IAR ELF Linker V9.30.1.335/W64 for ARM                  02/May/2024  22:39:46
# Copyright 2007-2022 IAR Systems AB.
#
#    Output file  =  F:\USB_RF\project\Debug\Exe\USB_RF.out
#    Map file     =  F:\USB_RF\project\Debug\List\USB_RF.map
#    Command line =
#        -f F:\USB_RF\project\Debug\Exe\USB_RF.out.rsp
#        (F:\USB_RF\project\Debug\Obj\source\CLOCK.o
#        F:\USB_RF\project\Debug\Obj\source\FLASH.o
#        F:\USB_RF\project\Debug\Obj\source\GPIO.o
#        F:\USB_RF\project\Debug\Obj\source\main.o
#        F:\USB_RF\project\Debug\Obj\source\nRF24L01.o
#        F:\USB_RF\project\Debug\Obj\source\SPI.o
#        F:\USB_RF\project\Debug\Obj\startup\startup_stm32f10x_md.o
#        F:\USB_RF\project\Debug\Obj\startup\system_stm32f10x.o
#        F:\USB_RF\project\Debug\Obj\source\TIMER.o
#        F:\USB_RF\project\Debug\Obj\source\USB.o
#        F:\USB_RF\project\Debug\Obj\source\USB_HW.o
#        F:\USB_RF\project\Debug\Obj\source\USB_IRQ.o
#        F:\USB_RF\project\Debug\Obj\source\USB_Types.o --no_out_extension -o
#        F:\USB_RF\project\Debug\Exe\USB_RF.out --map
#        F:\USB_RF\project\Debug\List\USB_RF.map --config "C:\Program Files\IAR
#        Systems\Embedded Workbench 9.1\arm/config/linker/ST/stm32f103x8.icf"
#        --semihosting --entry __iar_program_start --redirect
#        __iar_sh_stdout=__iar_sh_stdout_swo --vfe --text_out locale
#        --cpu=Cortex-M3 --fpu=None)
#
###############################################################################

*******************************************************************************
*** RUNTIME MODEL ATTRIBUTES
***

CppFlavor       = *
__CPP_Runtime   = 1
__SystemLibrary = DLib
__dlib_version  = 6


*******************************************************************************
*** HEAP SELECTION
***

The basic heap was selected because --advanced_heap
was not specified and the application did not appear to
be primarily optimized for speed.


*******************************************************************************
*** PLACEMENT SUMMARY
***

"A0":  place at address 0x800'0000 { ro section .intvec };
"P1":  place in [from 0x800'0000 to 0x800'ffff] { ro };
define block CSTACK with size = 2K, alignment = 8 { };
define block HEAP with size = 2K, alignment = 8 { };
"P2":  place in [from 0x2000'0000 to 0x2000'4fff] {
          rw, block CSTACK, block HEAP };
initialize by copy { rw };

  Section            Kind         Address    Size  Object
  -------            ----         -------    ----  ------
"A0":                                        0xec
  .intvec            ro code   0x800'0000    0xec  startup_stm32f10x_md.o [2]
                             - 0x800'00ec    0xec

"P1":                                      0x1bb4
  .text              ro code   0x800'00ec   0x860  USB_IRQ.o [1]
  .text              ro code   0x800'094c   0x324  USB_HW.o [1]
  .text              ro code   0x800'0c70   0x598  GPIO.o [1]
  .text              ro code   0x800'1208   0x1ec  USB.o [1]
  .text              ro code   0x800'13f4   0x180  CLOCK.o [1]
  .text              ro code   0x800'1574   0x1b4  system_stm32f10x.o [2]
  .text              ro code   0x800'1728   0x1ac  TIMER.o [1]
  Initializer bytes  const     0x800'18d4   0x114  <for P2-1>
  .text              ro code   0x800'19e8    0x2a  copy_init3.o [4]
  .text              ro code   0x800'1a14    0xb8  main.o [1]
  .text              ro code   0x800'1acc     0xc  SPI.o [1]
  .text              ro code   0x800'1ad8     0x2  nRF24L01.o [1]
  .text              ro code   0x800'1ada    0x38  zero_init3.o [4]
  .text              ro code   0x800'1b14    0x28  data_init.o [4]
  .iar.init_table    const     0x800'1b3c    0x24  - Linker created -
  .text              ro code   0x800'1b60    0x1e  cmain.o [4]
  .text              ro code   0x800'1b7e     0x4  low_level_init.o [3]
  .text              ro code   0x800'1b82     0x4  exit.o [3]
  .text              ro code   0x800'1b88     0xa  cexit.o [4]
  .text              ro code   0x800'1b94    0x14  exit.o [5]
  .text              ro code   0x800'1ba8    0x1c  cstartup_M.o [4]
  .text              ro code   0x800'1bc4    0x10  startup_stm32f10x_md.o [2]
  .rodata            const     0x800'1bd4     0xc  main.o [1]
  .text              ro code   0x800'1be0     0x4  startup_stm32f10x_md.o [2]
  .text              ro code   0x800'1be4     0x4  startup_stm32f10x_md.o [2]
  .text              ro code   0x800'1be8     0x4  startup_stm32f10x_md.o [2]
  .text              ro code   0x800'1bec     0x4  startup_stm32f10x_md.o [2]
  .text              ro code   0x800'1bf0     0x4  startup_stm32f10x_md.o [2]
  .text              ro code   0x800'1bf4     0x4  startup_stm32f10x_md.o [2]
  .text              ro code   0x800'1bf8     0x4  startup_stm32f10x_md.o [2]
  .text              ro code   0x800'1bfc     0x4  startup_stm32f10x_md.o [2]
  .text              ro code   0x800'1c00     0x4  startup_stm32f10x_md.o [2]
  .text              ro code   0x800'1c04     0x4  startup_stm32f10x_md.o [2]
  .text              ro code   0x800'1c08     0x4  startup_stm32f10x_md.o [2]
  .text              ro code   0x800'1c0c     0x4  startup_stm32f10x_md.o [2]
  .text              ro code   0x800'1c10     0x4  startup_stm32f10x_md.o [2]
  .text              ro code   0x800'1c14     0x4  startup_stm32f10x_md.o [2]
  .text              ro code   0x800'1c18     0x4  startup_stm32f10x_md.o [2]
  .text              ro code   0x800'1c1c     0x4  startup_stm32f10x_md.o [2]
  .text              ro code   0x800'1c20     0x4  startup_stm32f10x_md.o [2]
  .text              ro code   0x800'1c24     0x4  startup_stm32f10x_md.o [2]
  .text              ro code   0x800'1c28     0x4  startup_stm32f10x_md.o [2]
  .text              ro code   0x800'1c2c     0x4  startup_stm32f10x_md.o [2]
  .text              ro code   0x800'1c30     0x4  startup_stm32f10x_md.o [2]
  .text              ro code   0x800'1c34     0x4  startup_stm32f10x_md.o [2]
  .text              ro code   0x800'1c38     0x4  startup_stm32f10x_md.o [2]
  .text              ro code   0x800'1c3c     0x4  startup_stm32f10x_md.o [2]
  .text              ro code   0x800'1c40     0x4  startup_stm32f10x_md.o [2]
  .text              ro code   0x800'1c44     0x4  startup_stm32f10x_md.o [2]
  .text              ro code   0x800'1c48     0x4  startup_stm32f10x_md.o [2]
  .text              ro code   0x800'1c4c     0x4  startup_stm32f10x_md.o [2]
  .text              ro code   0x800'1c50     0x4  startup_stm32f10x_md.o [2]
  .text              ro code   0x800'1c54     0x4  startup_stm32f10x_md.o [2]
  .text              ro code   0x800'1c58     0x4  startup_stm32f10x_md.o [2]
  .text              ro code   0x800'1c5c     0x4  startup_stm32f10x_md.o [2]
  .text              ro code   0x800'1c60     0x4  startup_stm32f10x_md.o [2]
  .text              ro code   0x800'1c64     0x4  startup_stm32f10x_md.o [2]
  .text              ro code   0x800'1c68     0x4  startup_stm32f10x_md.o [2]
  .text              ro code   0x800'1c6c     0x4  startup_stm32f10x_md.o [2]
  .text              ro code   0x800'1c70     0x4  startup_stm32f10x_md.o [2]
  .text              ro code   0x800'1c74     0x4  startup_stm32f10x_md.o [2]
  .text              ro code   0x800'1c78     0x4  startup_stm32f10x_md.o [2]
  .text              ro code   0x800'1c7c     0x4  startup_stm32f10x_md.o [2]
  .text              ro code   0x800'1c80     0x4  startup_stm32f10x_md.o [2]
  .text              ro code   0x800'1c84     0x4  startup_stm32f10x_md.o [2]
  .text              ro code   0x800'1c88     0x4  startup_stm32f10x_md.o [2]
  .text              ro code   0x800'1c8c     0x4  startup_stm32f10x_md.o [2]
  .text              ro code   0x800'1c90     0x4  startup_stm32f10x_md.o [2]
  .text              ro code   0x800'1c94     0x4  startup_stm32f10x_md.o [2]
  .text              ro code   0x800'1c98     0x4  startup_stm32f10x_md.o [2]
  .text              ro code   0x800'1c9c     0x4  startup_stm32f10x_md.o [2]
  .rodata            const     0x800'1ca0     0x0  zero_init3.o [4]
  .rodata            const     0x800'1ca0     0x0  copy_init3.o [4]
                             - 0x800'1ca0  0x1bb4

"P2", part 1 of 3:                          0x114
  P2-1                        0x2000'0000   0x112  <Init block>
    .data            inited   0x2000'0000     0x4  system_stm32f10x.o [2]
    .data            inited   0x2000'0004    0x10  system_stm32f10x.o [2]
    .data            inited   0x2000'0014     0x4  USB_IRQ.o [1]
    .data            inited   0x2000'0018    0x20  USB_IRQ.o [1]
    .data            inited   0x2000'0038    0x14  USB_Types.o [1]
    .data            inited   0x2000'004c    0x14  USB_Types.o [1]
    .data            inited   0x2000'0060    0x44  USB_Types.o [1]
    .data            inited   0x2000'00a4     0x4  USB_Types.o [1]
    .data            inited   0x2000'00a8    0x28  USB_Types.o [1]
    .data            inited   0x2000'00d0    0x34  USB_Types.o [1]
    .data            inited   0x2000'0104     0xc  USB_Types.o [1]
    .data            inited   0x2000'0110     0x1  USB_IRQ.o [1]
    .data            inited   0x2000'0111     0x1  USB_IRQ.o [1]
                            - 0x2000'0112   0x112

"P2", part 2 of 3:                           0x74
  .bss               zero     0x2000'0114     0xc  USB_IRQ.o [1]
  .bss               zero     0x2000'0120     0x8  USB_IRQ.o [1]
  .bss               zero     0x2000'0128     0x8  USB_IRQ.o [1]
  .bss               zero     0x2000'0130     0x8  USB_IRQ.o [1]
  .bss               zero     0x2000'0138     0x4  CLOCK.o [1]
  .bss               zero     0x2000'013c     0x4  main.o [1]
  .bss               zero     0x2000'0140     0x4  TIMER.o [1]
  .bss               zero     0x2000'0144     0x4  TIMER.o [1]
  .bss               zero     0x2000'0148     0x4  USB.o [1]
  .bss               zero     0x2000'014c     0x4  USB_IRQ.o [1]
  .bss               zero     0x2000'0150     0x4  USB_IRQ.o [1]
  .bss               zero     0x2000'0154     0x4  USB_IRQ.o [1]
  .bss               zero     0x2000'0158     0x4  USB_IRQ.o [1]
  .bss               zero     0x2000'015c     0x4  USB_IRQ.o [1]
  .bss               zero     0x2000'0160     0x4  USB_IRQ.o [1]
  .bss               zero     0x2000'0164     0x4  USB_IRQ.o [1]
  .bss               zero     0x2000'0168     0x4  USB_IRQ.o [1]
  .bss               zero     0x2000'016c     0x4  USB_IRQ.o [1]
  .bss               zero     0x2000'0170     0x4  USB_IRQ.o [1]
  .bss               zero     0x2000'0174     0x4  USB_IRQ.o [1]
  .bss               zero     0x2000'0178     0x2  USB_IRQ.o [1]
  .bss               zero     0x2000'017a     0x2  USB_IRQ.o [1]
  .bss               zero     0x2000'017c     0x2  USB_IRQ.o [1]
  .bss               zero     0x2000'017e     0x2  USB_IRQ.o [1]
  .bss               zero     0x2000'0180     0x2  USB_IRQ.o [1]
  .bss               zero     0x2000'0182     0x1  SPI.o [1]
  .bss               zero     0x2000'0183     0x1  USB_IRQ.o [1]
  .bss               zero     0x2000'0184     0x1  USB_IRQ.o [1]
                            - 0x2000'0185    0x71

"P2", part 3 of 3:                          0x800
  CSTACK                      0x2000'0188   0x800  <Block>
    CSTACK           uninit   0x2000'0188   0x800  <Block tail>
                            - 0x2000'0988   0x800

Unused ranges:

         From           To    Size
         ----           --    ----
   0x800'1ca0   0x800'ffff  0xe360
  0x2000'0988  0x2000'4fff  0x4678


*******************************************************************************
*** INIT TABLE
***

          Address      Size
          -------      ----
Zero (__iar_zero_init3)
    1 destination range, total size 0x71:
          0x2000'0114   0x71

Copy (__iar_copy_init3)
    1 source range, total size 0x114 (100% of destination):
           0x800'18d4  0x114
    1 destination range, total size 0x112:
          0x2000'0000  0x112



*******************************************************************************
*** MODULE SUMMARY
***

    Module                  ro code  ro data  rw data
    ------                  -------  -------  -------
command line/config:
    -------------------------------------------------
    Total:

F:\USB_RF\project\Debug\Obj\source: [1]
    CLOCK.o                     384                 4
    GPIO.o                    1'432
    SPI.o                        12                 1
    TIMER.o                     428                 8
    USB.o                       492                 4
    USB_HW.o                    804
    USB_IRQ.o                 2'144       38      130
    USB_Types.o                          216      216
    main.o                      184       12        4
    nRF24L01.o                    2
    -------------------------------------------------
    Total:                    5'882      266      367

F:\USB_RF\project\Debug\Obj\startup: [2]
    startup_stm32f10x_md.o      444
    system_stm32f10x.o          436       20       20
    -------------------------------------------------
    Total:                      880       20       20

dl7M_tln.a: [3]
    exit.o                        4
    low_level_init.o              4
    -------------------------------------------------
    Total:                        8

rt7M_tl.a: [4]
    cexit.o                      10
    cmain.o                      30
    copy_init3.o                 42
    cstartup_M.o                 28
    data_init.o                  40
    zero_init3.o                 56
    -------------------------------------------------
    Total:                      206

shb_l.a: [5]
    exit.o                       20
    -------------------------------------------------
    Total:                       20

    Gaps                          8
    Linker created                        38    2'048
-----------------------------------------------------
    Grand Total:              7'004      324    2'435


*******************************************************************************
*** ENTRY LIST
***

Entry                       Address   Size  Type      Object
-----                       -------   ----  ----      ------
.iar.init_table$$Base    0x800'1b3c          --   Gb  - Linker created -
.iar.init_table$$Limit   0x800'1b60          --   Gb  - Linker created -
?main                    0x800'1b61         Code  Gb  cmain.o [4]
ADC1_2_IRQHandler        0x800'1c49         Code  Wk  startup_stm32f10x_md.o [2]
AHBPrescTable           0x2000'0004   0x10  Data  Gb  system_stm32f10x.o [2]
Baudrate                0x2000'0014    0x4  Data  Gb  USB_IRQ.o [1]
BusFault_Handler         0x800'1bed         Code  Wk  startup_stm32f10x_md.o [2]
CAN1_RX1_IRQHandler      0x800'1c4d         Code  Wk  startup_stm32f10x_md.o [2]
CAN1_SCE_IRQHandler      0x800'1c51         Code  Wk  startup_stm32f10x_md.o [2]
CDC_LineCoding          0x2000'0130    0x8  Data  Gb  USB_IRQ.o [1]
CLOCK_Init               0x800'142f   0xc6  Code  Gb  CLOCK.o [1]
CLOCK_SystickInit        0x800'14f5   0x32  Code  Gb  CLOCK.o [1]
CSTACK$$Base            0x2000'0188          --   Gb  - Linker created -
CSTACK$$Limit           0x2000'0988          --   Gb  - Linker created -
DMA1_Channel1_IRQHandler
                         0x800'1c2d         Code  Wk  startup_stm32f10x_md.o [2]
DMA1_Channel2_IRQHandler
                         0x800'1c31         Code  Wk  startup_stm32f10x_md.o [2]
DMA1_Channel3_IRQHandler
                         0x800'1c35         Code  Wk  startup_stm32f10x_md.o [2]
DMA1_Channel4_IRQHandler
                         0x800'1c39         Code  Wk  startup_stm32f10x_md.o [2]
DMA1_Channel5_IRQHandler
                         0x800'1c3d         Code  Wk  startup_stm32f10x_md.o [2]
DMA1_Channel6_IRQHandler
                         0x800'1c41         Code  Wk  startup_stm32f10x_md.o [2]
DMA1_Channel7_IRQHandler
                         0x800'1c45         Code  Wk  startup_stm32f10x_md.o [2]
DataBits                0x2000'0110    0x1  Data  Gb  USB_IRQ.o [1]
DebugMon_Handler         0x800'1bf9         Code  Wk  startup_stm32f10x_md.o [2]
Direction               0x2000'017e    0x2  Data  Gb  USB_IRQ.o [1]
Dummy                   0x2000'0150    0x4  Data  Gb  USB_IRQ.o [1]
EXTI0_IRQHandler         0x800'1c19         Code  Wk  startup_stm32f10x_md.o [2]
EXTI15_10_IRQHandler     0x800'1c99         Code  Wk  startup_stm32f10x_md.o [2]
EXTI1_IRQHandler         0x800'1c1d         Code  Wk  startup_stm32f10x_md.o [2]
EXTI2_IRQHandler         0x800'1c21         Code  Wk  startup_stm32f10x_md.o [2]
EXTI3_IRQHandler         0x800'1c25         Code  Wk  startup_stm32f10x_md.o [2]
EXTI4_IRQHandler         0x800'1c29         Code  Wk  startup_stm32f10x_md.o [2]
EXTI9_5_IRQHandler       0x800'1c55         Code  Wk  startup_stm32f10x_md.o [2]
EndpointIndex           0x2000'017c    0x2  Data  Gb  USB_IRQ.o [1]
EnumerationStatus       0x2000'0183    0x1  Data  Gb  USB_IRQ.o [1]
FLASH_IRQHandler         0x800'1c11         Code  Wk  startup_stm32f10x_md.o [2]
GPIO_PINHigh             0x800'10e3   0x5a  Code  Gb  GPIO.o [1]
GPIO_PINLow              0x800'107d   0x66  Code  Gb  GPIO.o [1]
GPIO_PINToggle           0x800'113d   0x98  Code  Gb  GPIO.o [1]
GPIO_SetOutPut           0x800'0c71  0x40c  Code  Gb  GPIO.o [1]
HardFault_Handler        0x800'1be5         Code  Wk  startup_stm32f10x_md.o [2]
I2C1_ER_IRQHandler       0x800'1c79         Code  Wk  startup_stm32f10x_md.o [2]
I2C1_EV_IRQHandler       0x800'1c75         Code  Wk  startup_stm32f10x_md.o [2]
I2C2_ER_IRQHandler       0x800'1c81         Code  Wk  startup_stm32f10x_md.o [2]
I2C2_EV_IRQHandler       0x800'1c7d         Code  Wk  startup_stm32f10x_md.o [2]
MemManage_Handler        0x800'1be9         Code  Wk  startup_stm32f10x_md.o [2]
NMI_Handler              0x800'1be1         Code  Wk  startup_stm32f10x_md.o [2]
PVD_IRQHandler           0x800'1c05         Code  Wk  startup_stm32f10x_md.o [2]
PacketInfo              0x2000'0128    0x8  Data  Gb  USB_IRQ.o [1]
ParityType              0x2000'0184    0x1  Data  Gb  USB_IRQ.o [1]
PendSV_Handler           0x800'1bfd         Code  Wk  startup_stm32f10x_md.o [2]
PreRequest              0x2000'0111    0x1  Data  Gb  USB_IRQ.o [1]
RCC_IRQHandler           0x800'1c15         Code  Wk  startup_stm32f10x_md.o [2]
RTCAlarm_IRQHandler      0x800'1c9d         Code  Wk  startup_stm32f10x_md.o [2]
RTC_IRQHandler           0x800'1c0d         Code  Wk  startup_stm32f10x_md.o [2]
Region$$Table$$Base      0x800'1b3c          --   Gb  - Linker created -
Region$$Table$$Limit     0x800'1b60          --   Gb  - Linker created -
Request                 0x2000'0114    0xc  Data  Gb  USB_IRQ.o [1]
Reset_Handler            0x800'1bc5         Code  Wk  startup_stm32f10x_md.o [2]
SPI1_IRQHandler          0x800'1c85         Code  Wk  startup_stm32f10x_md.o [2]
SPI2_IRQHandler          0x800'1c89         Code  Wk  startup_stm32f10x_md.o [2]
SPI_Init                 0x800'1acd    0xc  Code  Gb  SPI.o [1]
SPI_InitSuccess         0x2000'0182    0x1  Data  Gb  SPI.o [1]
SVC_Handler              0x800'1bf5         Code  Wk  startup_stm32f10x_md.o [2]
SaveEPRStatus           0x2000'0178    0x2  Data  Gb  USB_IRQ.o [1]
SaveISTR                0x2000'017a    0x2  Data  Gb  USB_IRQ.o [1]
SetSysClock              0x800'1647    0x8  Code  Lc  system_stm32f10x.o [2]
SetSysClockTo72          0x800'164f   0xae  Code  Lc  system_stm32f10x.o [2]
SpecificRequest         0x2000'0120    0x8  Data  Gb  USB_IRQ.o [1]
Stopbit                 0x2000'014c    0x4  Data  Gb  USB_IRQ.o [1]
StringDescriptor        0x2000'0018   0x20  Data  Gb  USB_IRQ.o [1]
SysTick_Handler          0x800'153d    0xc  Code  Gb  CLOCK.o [1]
SystemCoreClock         0x2000'0000    0x4  Data  Gb  system_stm32f10x.o [2]
SystemCoreClockUpdate    0x800'15b9   0x8e  Code  Gb  system_stm32f10x.o [2]
SystemInit               0x800'1575   0x44  Code  Gb  system_stm32f10x.o [2]
TAMPER_IRQHandler        0x800'1c09         Code  Wk  startup_stm32f10x_md.o [2]
TIM1_BRK_IRQHandler      0x800'1c59         Code  Wk  startup_stm32f10x_md.o [2]
TIM1_CC_IRQHandler       0x800'1c65         Code  Wk  startup_stm32f10x_md.o [2]
TIM1_TRG_COM_IRQHandler
                         0x800'1c61         Code  Wk  startup_stm32f10x_md.o [2]
TIM1_UP_IRQHandler       0x800'1c5d         Code  Wk  startup_stm32f10x_md.o [2]
TIM2_IRQHandler          0x800'1c69         Code  Wk  startup_stm32f10x_md.o [2]
TIM3_IRQHandler          0x800'1c6d         Code  Wk  startup_stm32f10x_md.o [2]
TIM4_IRQHandler          0x800'1c71         Code  Wk  startup_stm32f10x_md.o [2]
TIMER_Chaining           0x800'17e9   0xba  Code  Gb  TIMER.o [1]
TIMER_EnableInterrupt    0x800'18af    0x2  Code  Gb  TIMER.o [1]
TIMER_Init               0x800'1737   0xb2  Code  Gb  TIMER.o [1]
TIMER_SetCLockSourceMicros
                         0x800'18a9    0x6  Code  Gb  TIMER.o [1]
TIMER_SetCLockSourceMillis
                         0x800'18a3    0x6  Code  Gb  TIMER.o [1]
TIMER_SourceMicros      0x2000'0144    0x4  Data  Lc  TIMER.o [1]
TIMER_SourceMillis      0x2000'0140    0x4  Data  Lc  TIMER.o [1]
TX_IRQ                  0x2000'0148    0x4  Data  Lc  USB.o [1]
USART1_IRQHandler        0x800'1c8d         Code  Wk  startup_stm32f10x_md.o [2]
USART2_IRQHandler        0x800'1c91         Code  Wk  startup_stm32f10x_md.o [2]
USART3_IRQHandler        0x800'1c95         Code  Wk  startup_stm32f10x_md.o [2]
USBWakeUp_IRQHandler     0x800'135f    0x2  Code  Gb  USB.o [1]
USB_ByteSwap             0x800'00ed   0x16  Code  Lc  USB_IRQ.o [1]
USB_DeviceDescriptor    0x2000'004c   0x14  Data  Gb  USB_Types.o [1]
USB_EnableInterrupt      0x800'12a1   0x46  Code  Lc  USB.o [1]
USB_EndpointReset        0x800'014d   0x38  Code  Lc  USB_IRQ.o [1]
USB_GetRequest           0x800'0185   0xdc  Code  Gb  USB_IRQ.o [1]
USB_HP_CAN1_TX_IRQHandler
                         0x800'1361    0x8  Code  Gb  USB.o [1]
USB_HW_ClearEP_CTR_RX    0x800'0b57   0x22  Code  Gb  USB_HW.o [1]
USB_HW_ClearEP_CTR_TX    0x800'0b79   0x22  Code  Gb  USB_HW.o [1]
USB_HW_ClearPMA          0x800'0957   0x16  Code  Gb  USB_HW.o [1]
USB_HW_ResetBTABLE       0x800'094d    0xa  Code  Gb  USB_HW.o [1]
USB_HW_SetDeviceAddr     0x800'0ab7    0xa  Code  Gb  USB_HW.o [1]
USB_HW_SetEPEnpointAddress
                         0x800'0bc5   0x2c  Code  Gb  USB_HW.o [1]
USB_HW_SetEPKind         0x800'0b9b   0x2a  Code  Gb  USB_HW.o [1]
USB_HW_SetEPRxAddr       0x800'0a69   0x16  Code  Gb  USB_HW.o [1]
USB_HW_SetEPRxCount      0x800'0c07   0x54  Code  Gb  USB_HW.o [1]
USB_HW_SetEPRxDataToggle
                         0x800'096d   0x38  Code  Gb  USB_HW.o [1]
USB_HW_SetEPRxStatus     0x800'09a5   0x3c  Code  Gb  USB_HW.o [1]
USB_HW_SetEPTxAddr       0x800'0a55   0x14  Code  Gb  USB_HW.o [1]
USB_HW_SetEPTxCount      0x800'0bf1   0x16  Code  Gb  USB_HW.o [1]
USB_HW_SetEPTxDataToggle
                         0x800'09e1   0x38  Code  Gb  USB_HW.o [1]
USB_HW_SetEPTxStatus     0x800'0a19   0x3c  Code  Gb  USB_HW.o [1]
USB_HW_SetEPType         0x800'0b2d   0x2a  Code  Gb  USB_HW.o [1]
USB_HW_SetPacketSize     0x800'0a7f   0x38  Code  Gb  USB_HW.o [1]
USB_HW_SetupData         0x800'0ac1   0x6c  Code  Gb  USB_HW.o [1]
USB_IRQ_CTR_PID_IN_Process
                         0x800'061f   0x92  Code  Gb  USB_IRQ.o [1]
USB_IRQ_CTR_PID_OUT_Process
                         0x800'05a9   0x76  Code  Gb  USB_IRQ.o [1]
USB_IRQ_CTR_PID_SETUP_Process
                         0x800'027b  0x32e  Code  Gb  USB_IRQ.o [1]
USB_IRQ_CorrecTransfer   0x800'06b1   0xa4  Code  Gb  USB_IRQ.o [1]
USB_IRQ_Error            0x800'0755    0xa  Code  Gb  USB_IRQ.o [1]
USB_IRQ_Reset            0x800'0773  0x14e  Code  Gb  USB_IRQ.o [1]
USB_IRQ_SetCDCBaudrate   0x800'0103   0x4a  Code  Lc  USB_IRQ.o [1]
USB_IRQ_Suspend          0x800'0769    0xa  Code  Gb  USB_IRQ.o [1]
USB_IRQ_Wakeup           0x800'075f    0xa  Code  Gb  USB_IRQ.o [1]
USB_IRQ_ZeroLengthPacket
                         0x800'0261   0x1a  Code  Lc  USB_IRQ.o [1]
USB_Init                 0x800'12e7   0x4c  Code  Gb  USB.o [1]
USB_LP_CAN1_RX0_IRQHandler
                         0x800'1369   0x62  Code  Gb  USB.o [1]
USB_Reset                0x800'1253   0x4e  Code  Lc  USB.o [1]
USB_SendString           0x800'1333   0x2c  Code  Gb  USB.o [1]
UsageFault_Handler       0x800'1bf1         Code  Wk  startup_stm32f10x_md.o [2]
Virtual_Com_Port_ConfigDescriptor
                        0x2000'0060   0x44  Data  Gb  USB_Types.o [1]
Virtual_Com_Port_DeviceDescriptor
                        0x2000'0038   0x14  Data  Gb  USB_Types.o [1]
Virtual_Com_Port_StringLangID
                        0x2000'00a4    0x4  Data  Gb  USB_Types.o [1]
Virtual_Com_Port_StringProduct
                        0x2000'00d0   0x34  Data  Gb  USB_Types.o [1]
Virtual_Com_Port_StringSerial
                        0x2000'0104    0xc  Data  Gb  USB_Types.o [1]
Virtual_Com_Port_StringVendor
                        0x2000'00a8   0x28  Data  Gb  USB_Types.o [1]
WWDG_IRQHandler          0x800'1c01         Code  Wk  startup_stm32f10x_md.o [2]
__NVIC_EnableIRQ         0x800'1a15   0x1e  Code  Lc  main.o [1]
__NVIC_EnableIRQ         0x800'1209   0x1e  Code  Lc  USB.o [1]
__NVIC_SetPriority       0x800'13f5   0x2c  Code  Lc  CLOCK.o [1]
__NVIC_SetPriority       0x800'1227   0x2c  Code  Lc  USB.o [1]
__cmain                  0x800'1b61         Code  Gb  cmain.o [4]
__exit                   0x800'1b95   0x14  Code  Gb  exit.o [5]
__iar_copy_init3         0x800'19e9   0x2a  Code  Gb  copy_init3.o [4]
__iar_data_init3         0x800'1b15   0x28  Code  Gb  data_init.o [4]
__iar_program_start      0x800'1ba9         Code  Gb  cstartup_M.o [4]
__iar_zero_init3         0x800'1adb   0x38  Code  Gb  zero_init3.o [4]
__low_level_init         0x800'1b7f    0x4  Code  Gb  low_level_init.o [3]
__vector_table           0x800'0000         Data  Gb  startup_stm32f10x_md.o [2]
_call_main               0x800'1b6d         Code  Gb  cmain.o [4]
_exit                    0x800'1b89         Code  Gb  cexit.o [4]
cnt                     0x2000'0154    0x4  Data  Gb  USB_IRQ.o [1]
delay                    0x800'1421    0xe  Code  Gb  CLOCK.o [1]
delay                    0x800'1729    0xe  Code  Lc  TIMER.o [1]
err                     0x2000'0160    0x4  Data  Gb  USB_IRQ.o [1]
exit                     0x800'1b83    0x4  Code  Gb  exit.o [3]
getStatus               0x2000'0170    0x4  Data  Gb  USB_IRQ.o [1]
get_configDes           0x2000'0168    0x4  Data  Gb  USB_IRQ.o [1]
get_interface           0x2000'0174    0x4  Data  Gb  USB_IRQ.o [1]
main                     0x800'1a33   0x86  Code  Gb  main.o [1]
micros                   0x800'1527   0x16  Code  Gb  CLOCK.o [1]
nRF24L01_Init            0x800'1ad9    0x2  Code  Gb  nRF24L01.o [1]
reset                   0x2000'0158    0x4  Data  Gb  USB_IRQ.o [1]
saveAdr                 0x2000'0180    0x2  Data  Gb  USB_IRQ.o [1]
stop                    0x2000'016c    0x4  Data  Gb  USB_IRQ.o [1]
sus                     0x2000'0164    0x4  Data  Gb  USB_IRQ.o [1]
timer                   0x2000'013c    0x4  Data  Gb  main.o [1]
ui32micros              0x2000'0138    0x4  Data  Lc  CLOCK.o [1]
wk                      0x2000'015c    0x4  Data  Gb  USB_IRQ.o [1]


[1] = F:\USB_RF\project\Debug\Obj\source
[2] = F:\USB_RF\project\Debug\Obj\startup
[3] = dl7M_tln.a
[4] = rt7M_tl.a
[5] = shb_l.a

  7'004 bytes of readonly  code memory
    324 bytes of readonly  data memory
  2'435 bytes of readwrite data memory

Errors: none
Warnings: none
