###############################################################################
#
# IAR ELF Linker V9.30.1.335/W64 for ARM                  11/May/2024  15:04:40
# Copyright 2007-2022 IAR Systems AB.
#
#    Output file  =  F:\USB_RF\project\Debug\Exe\USB_RF.out
#    Map file     =  F:\USB_RF\project\Debug\List\USB_RF.map
#    Command line =
#        -f F:\USB_RF\project\Debug\Exe\USB_RF.out.rsp
#        (F:\USB_RF\project\Debug\Obj\source\CLOCK.o
#        F:\USB_RF\project\Debug\Obj\source\FLASH.o
#        F:\USB_RF\project\Debug\Obj\source\GPIO.o
#        F:\USB_RF\project\Debug\Obj\source\main.o
#        F:\USB_RF\project\Debug\Obj\source\nRF24L01.o
#        F:\USB_RF\project\Debug\Obj\source\SPI.o
#        F:\USB_RF\project\Debug\Obj\startup\startup_stm32f10x_md.o
#        F:\USB_RF\project\Debug\Obj\startup\system_stm32f10x.o
#        F:\USB_RF\project\Debug\Obj\source\TIMER.o
#        F:\USB_RF\project\Debug\Obj\source\USB.o
#        F:\USB_RF\project\Debug\Obj\source\USB_HW.o
#        F:\USB_RF\project\Debug\Obj\source\USB_IRQ.o
#        F:\USB_RF\project\Debug\Obj\source\USB_Types.o --no_out_extension -o
#        F:\USB_RF\project\Debug\Exe\USB_RF.out --map
#        F:\USB_RF\project\Debug\List\USB_RF.map --config "C:\Program Files\IAR
#        Systems\Embedded Workbench 9.1\arm/config/linker/ST/stm32f103x8.icf"
#        --semihosting --entry __iar_program_start --redirect
#        __iar_sh_stdout=__iar_sh_stdout_swo --vfe --text_out locale
#        --cpu=Cortex-M3 --fpu=None)
#
###############################################################################

*******************************************************************************
*** RUNTIME MODEL ATTRIBUTES
***

CppFlavor       = *
__CPP_Runtime   = 1
__SystemLibrary = DLib
__dlib_version  = 6


*******************************************************************************
*** HEAP SELECTION
***

The basic heap was selected because --advanced_heap
was not specified and the application did not appear to
be primarily optimized for speed.


*******************************************************************************
*** PLACEMENT SUMMARY
***

"A0":  place at address 0x800'0000 { ro section .intvec };
"P1":  place in [from 0x800'0000 to 0x800'ffff] { ro };
define block CSTACK with size = 2K, alignment = 8 { };
define block HEAP with size = 2K, alignment = 8 { };
"P2":  place in [from 0x2000'0000 to 0x2000'4fff] {
          rw, block CSTACK, block HEAP };
initialize by copy { rw };

  Section            Kind         Address    Size  Object
  -------            ----         -------    ----  ------
"A0":                                        0xec
  .intvec            ro code   0x800'0000    0xec  startup_stm32f10x_md.o [2]
                             - 0x800'00ec    0xec

"P1":                                      0x2024
  .text              ro code   0x800'00ec   0x810  USB_IRQ.o [1]
  .text              ro code   0x800'08fc   0x2e8  USB_HW.o [1]
  .text              ro code   0x800'0be4   0x4f4  GPIO.o [1]
  .text              ro code   0x800'10d8   0x2d6  nRF24L01.o [1]
  .text              ro code   0x800'13ae    0x2a  copy_init3.o [4]
  .text              ro code   0x800'13d8   0x234  SPI.o [1]
  .text              ro code   0x800'160c    0x14  memset.o [4]
  .text              ro code   0x800'1620   0x180  CLOCK.o [1]
  .text              ro code   0x800'17a0    0x66  ABImemset.o [4]
  .text              ro code   0x800'1808   0x1b4  system_stm32f10x.o [2]
  .text              ro code   0x800'19bc   0x1b0  USB.o [1]
  .text              ro code   0x800'1b6c   0x1ac  TIMER.o [1]
  Initializer bytes  const     0x800'1d18   0x114  <for P2-1>
  .text              ro code   0x800'1e2c    0xf4  main.o [1]
  .text              ro code   0x800'1f20    0x36  strlen.o [4]
  .text              ro code   0x800'1f56    0x38  zero_init3.o [4]
  .text              ro code   0x800'1f90    0x28  data_init.o [4]
  .iar.init_table    const     0x800'1fb8    0x24  - Linker created -
  .text              ro code   0x800'1fdc    0x1e  cmain.o [4]
  .text              ro code   0x800'1ffa     0x4  low_level_init.o [3]
  .text              ro code   0x800'1ffe     0x4  exit.o [3]
  .text              ro code   0x800'2004     0xa  cexit.o [4]
  .text              ro code   0x800'2010    0x14  exit.o [5]
  .text              ro code   0x800'2024    0x1c  cstartup_M.o [4]
  .text              ro code   0x800'2040    0x10  startup_stm32f10x_md.o [2]
  .text              ro code   0x800'2050     0x4  startup_stm32f10x_md.o [2]
  .text              ro code   0x800'2054     0x4  startup_stm32f10x_md.o [2]
  .text              ro code   0x800'2058     0x4  startup_stm32f10x_md.o [2]
  .text              ro code   0x800'205c     0x4  startup_stm32f10x_md.o [2]
  .text              ro code   0x800'2060     0x4  startup_stm32f10x_md.o [2]
  .text              ro code   0x800'2064     0x4  startup_stm32f10x_md.o [2]
  .text              ro code   0x800'2068     0x4  startup_stm32f10x_md.o [2]
  .text              ro code   0x800'206c     0x4  startup_stm32f10x_md.o [2]
  .text              ro code   0x800'2070     0x4  startup_stm32f10x_md.o [2]
  .text              ro code   0x800'2074     0x4  startup_stm32f10x_md.o [2]
  .text              ro code   0x800'2078     0x4  startup_stm32f10x_md.o [2]
  .text              ro code   0x800'207c     0x4  startup_stm32f10x_md.o [2]
  .text              ro code   0x800'2080     0x4  startup_stm32f10x_md.o [2]
  .text              ro code   0x800'2084     0x4  startup_stm32f10x_md.o [2]
  .text              ro code   0x800'2088     0x4  startup_stm32f10x_md.o [2]
  .text              ro code   0x800'208c     0x4  startup_stm32f10x_md.o [2]
  .text              ro code   0x800'2090     0x4  startup_stm32f10x_md.o [2]
  .text              ro code   0x800'2094     0x4  startup_stm32f10x_md.o [2]
  .text              ro code   0x800'2098     0x4  startup_stm32f10x_md.o [2]
  .text              ro code   0x800'209c     0x4  startup_stm32f10x_md.o [2]
  .text              ro code   0x800'20a0     0x4  startup_stm32f10x_md.o [2]
  .text              ro code   0x800'20a4     0x4  startup_stm32f10x_md.o [2]
  .text              ro code   0x800'20a8     0x4  startup_stm32f10x_md.o [2]
  .text              ro code   0x800'20ac     0x4  startup_stm32f10x_md.o [2]
  .text              ro code   0x800'20b0     0x4  startup_stm32f10x_md.o [2]
  .text              ro code   0x800'20b4     0x4  startup_stm32f10x_md.o [2]
  .text              ro code   0x800'20b8     0x4  startup_stm32f10x_md.o [2]
  .text              ro code   0x800'20bc     0x4  startup_stm32f10x_md.o [2]
  .text              ro code   0x800'20c0     0x4  startup_stm32f10x_md.o [2]
  .text              ro code   0x800'20c4     0x4  startup_stm32f10x_md.o [2]
  .text              ro code   0x800'20c8     0x4  startup_stm32f10x_md.o [2]
  .text              ro code   0x800'20cc     0x4  startup_stm32f10x_md.o [2]
  .text              ro code   0x800'20d0     0x4  startup_stm32f10x_md.o [2]
  .text              ro code   0x800'20d4     0x4  startup_stm32f10x_md.o [2]
  .text              ro code   0x800'20d8     0x4  startup_stm32f10x_md.o [2]
  .text              ro code   0x800'20dc     0x4  startup_stm32f10x_md.o [2]
  .text              ro code   0x800'20e0     0x4  startup_stm32f10x_md.o [2]
  .text              ro code   0x800'20e4     0x4  startup_stm32f10x_md.o [2]
  .text              ro code   0x800'20e8     0x4  startup_stm32f10x_md.o [2]
  .text              ro code   0x800'20ec     0x4  startup_stm32f10x_md.o [2]
  .text              ro code   0x800'20f0     0x4  startup_stm32f10x_md.o [2]
  .text              ro code   0x800'20f4     0x4  startup_stm32f10x_md.o [2]
  .text              ro code   0x800'20f8     0x4  startup_stm32f10x_md.o [2]
  .text              ro code   0x800'20fc     0x4  startup_stm32f10x_md.o [2]
  .text              ro code   0x800'2100     0x4  startup_stm32f10x_md.o [2]
  .text              ro code   0x800'2104     0x4  startup_stm32f10x_md.o [2]
  .text              ro code   0x800'2108     0x4  startup_stm32f10x_md.o [2]
  .text              ro code   0x800'210c     0x4  startup_stm32f10x_md.o [2]
  .rodata            const     0x800'2110     0x0  zero_init3.o [4]
  .rodata            const     0x800'2110     0x0  copy_init3.o [4]
                             - 0x800'2110  0x2024

"P2", part 1 of 3:                          0x114
  P2-1                        0x2000'0000   0x112  <Init block>
    .data            inited   0x2000'0000     0x4  system_stm32f10x.o [2]
    .data            inited   0x2000'0004    0x10  system_stm32f10x.o [2]
    .data            inited   0x2000'0014     0x4  USB_IRQ.o [1]
    .data            inited   0x2000'0018    0x20  USB_IRQ.o [1]
    .data            inited   0x2000'0038    0x14  USB_Types.o [1]
    .data            inited   0x2000'004c    0x14  USB_Types.o [1]
    .data            inited   0x2000'0060    0x44  USB_Types.o [1]
    .data            inited   0x2000'00a4     0x4  USB_Types.o [1]
    .data            inited   0x2000'00a8    0x28  USB_Types.o [1]
    .data            inited   0x2000'00d0    0x34  USB_Types.o [1]
    .data            inited   0x2000'0104     0xc  USB_Types.o [1]
    .data            inited   0x2000'0110     0x1  USB_IRQ.o [1]
    .data            inited   0x2000'0111     0x1  USB_IRQ.o [1]
                            - 0x2000'0112   0x112

"P2", part 2 of 3:                           0xd0
  .bss               zero     0x2000'0114    0x64  main.o [1]
  .bss               zero     0x2000'0178     0xc  USB_IRQ.o [1]
  .bss               zero     0x2000'0184     0x8  main.o [1]
  .bss               zero     0x2000'018c     0x8  USB_IRQ.o [1]
  .bss               zero     0x2000'0194     0x8  USB_IRQ.o [1]
  .bss               zero     0x2000'019c     0x8  USB_IRQ.o [1]
  .bss               zero     0x2000'01a4     0x4  CLOCK.o [1]
  .bss               zero     0x2000'01a8     0x4  main.o [1]
  .bss               zero     0x2000'01ac     0x4  TIMER.o [1]
  .bss               zero     0x2000'01b0     0x4  TIMER.o [1]
  .bss               zero     0x2000'01b4     0x4  USB.o [1]
  .bss               zero     0x2000'01b8     0x4  USB_IRQ.o [1]
  .bss               zero     0x2000'01bc     0x4  USB_IRQ.o [1]
  .bss               zero     0x2000'01c0     0x4  USB_IRQ.o [1]
  .bss               zero     0x2000'01c4     0x4  USB_IRQ.o [1]
  .bss               zero     0x2000'01c8     0x4  USB_IRQ.o [1]
  .bss               zero     0x2000'01cc     0x4  USB_IRQ.o [1]
  .bss               zero     0x2000'01d0     0x4  USB_IRQ.o [1]
  .bss               zero     0x2000'01d4     0x2  SPI.o [1]
  .bss               zero     0x2000'01d6     0x2  USB_IRQ.o [1]
  .bss               zero     0x2000'01d8     0x2  USB_IRQ.o [1]
  .bss               zero     0x2000'01da     0x2  USB_IRQ.o [1]
  .bss               zero     0x2000'01dc     0x2  USB_IRQ.o [1]
  .bss               zero     0x2000'01de     0x2  USB_IRQ.o [1]
  .bss               zero     0x2000'01e0     0x1  SPI.o [1]
  .bss               zero     0x2000'01e1     0x1  USB_IRQ.o [1]
  .bss               zero     0x2000'01e2     0x1  USB_IRQ.o [1]
                            - 0x2000'01e3    0xcf

"P2", part 3 of 3:                          0x800
  CSTACK                      0x2000'01e8   0x800  <Block>
    CSTACK           uninit   0x2000'01e8   0x800  <Block tail>
                            - 0x2000'09e8   0x800

Unused ranges:

         From           To    Size
         ----           --    ----
   0x800'2110   0x800'ffff  0xdef0
  0x2000'01e4  0x2000'01e7     0x4
  0x2000'09e8  0x2000'4fff  0x4618


*******************************************************************************
*** INIT TABLE
***

          Address      Size
          -------      ----
Zero (__iar_zero_init3)
    1 destination range, total size 0xcf:
          0x2000'0114   0xcf

Copy (__iar_copy_init3)
    1 source range, total size 0x114 (100% of destination):
           0x800'1d18  0x114
    1 destination range, total size 0x112:
          0x2000'0000  0x112



*******************************************************************************
*** MODULE SUMMARY
***

    Module                  ro code  ro data  rw data
    ------                  -------  -------  -------
command line/config:
    -------------------------------------------------
    Total:

F:\USB_RF\project\Debug\Obj\source: [1]
    CLOCK.o                     384                 4
    GPIO.o                    1'268
    SPI.o                       564                 3
    TIMER.o                     428                 8
    USB.o                       432                 4
    USB_HW.o                    744
    USB_IRQ.o                 2'064       38      114
    USB_Types.o                          216      216
    main.o                      244               112
    nRF24L01.o                  726
    -------------------------------------------------
    Total:                    6'854      254      461

F:\USB_RF\project\Debug\Obj\startup: [2]
    startup_stm32f10x_md.o      444
    system_stm32f10x.o          436       20       20
    -------------------------------------------------
    Total:                      880       20       20

dl7M_tln.a: [3]
    exit.o                        4
    low_level_init.o              4
    -------------------------------------------------
    Total:                        8

rt7M_tl.a: [4]
    ABImemset.o                 102
    cexit.o                      10
    cmain.o                      30
    copy_init3.o                 42
    cstartup_M.o                 28
    data_init.o                  40
    memset.o                     20
    strlen.o                     54
    zero_init3.o                 56
    -------------------------------------------------
    Total:                      382

shb_l.a: [5]
    exit.o                       20
    -------------------------------------------------
    Total:                       20

    Gaps                          8
    Linker created                        38    2'048
-----------------------------------------------------
    Grand Total:              8'152      312    2'529


*******************************************************************************
*** ENTRY LIST
***

Entry                       Address   Size  Type      Object
-----                       -------   ----  ----      ------
.iar.init_table$$Base    0x800'1fb8          --   Gb  - Linker created -
.iar.init_table$$Limit   0x800'1fdc          --   Gb  - Linker created -
?main                    0x800'1fdd         Code  Gb  cmain.o [4]
ADC1_2_IRQHandler        0x800'20b9         Code  Wk  startup_stm32f10x_md.o [2]
AHBPrescTable           0x2000'0004   0x10  Data  Gb  system_stm32f10x.o [2]
Address                 0x2000'0184    0x8  Data  Gb  main.o [1]
Baudrate                0x2000'0014    0x4  Data  Gb  USB_IRQ.o [1]
BusFault_Handler         0x800'205d         Code  Wk  startup_stm32f10x_md.o [2]
CAN1_RX1_IRQHandler      0x800'20bd         Code  Wk  startup_stm32f10x_md.o [2]
CAN1_SCE_IRQHandler      0x800'20c1         Code  Wk  startup_stm32f10x_md.o [2]
CDC_LineCoding          0x2000'019c    0x8  Data  Gb  USB_IRQ.o [1]
CLOCK_Init               0x800'165b   0xc6  Code  Gb  CLOCK.o [1]
CLOCK_SystickInit        0x800'1721   0x32  Code  Gb  CLOCK.o [1]
CSTACK$$Base            0x2000'01e8          --   Gb  - Linker created -
CSTACK$$Limit           0x2000'09e8          --   Gb  - Linker created -
DMA1_Channel1_IRQHandler
                         0x800'209d         Code  Wk  startup_stm32f10x_md.o [2]
DMA1_Channel2_IRQHandler
                         0x800'20a1         Code  Wk  startup_stm32f10x_md.o [2]
DMA1_Channel3_IRQHandler
                         0x800'20a5         Code  Wk  startup_stm32f10x_md.o [2]
DMA1_Channel4_IRQHandler
                         0x800'20a9         Code  Wk  startup_stm32f10x_md.o [2]
DMA1_Channel5_IRQHandler
                         0x800'20ad         Code  Wk  startup_stm32f10x_md.o [2]
DMA1_Channel6_IRQHandler
                         0x800'20b1         Code  Wk  startup_stm32f10x_md.o [2]
DMA1_Channel7_IRQHandler
                         0x800'20b5         Code  Wk  startup_stm32f10x_md.o [2]
DataBits                0x2000'0110    0x1  Data  Gb  USB_IRQ.o [1]
DebugMon_Handler         0x800'2069         Code  Wk  startup_stm32f10x_md.o [2]
Direction               0x2000'01dc    0x2  Data  Gb  USB_IRQ.o [1]
Dummy                   0x2000'01bc    0x4  Data  Gb  USB_IRQ.o [1]
DummySpi                0x2000'01d4    0x2  Data  Lc  SPI.o [1]
EXTI0_IRQHandler         0x800'2089         Code  Wk  startup_stm32f10x_md.o [2]
EXTI15_10_IRQHandler     0x800'2109         Code  Wk  startup_stm32f10x_md.o [2]
EXTI1_IRQHandler         0x800'208d         Code  Wk  startup_stm32f10x_md.o [2]
EXTI2_IRQHandler         0x800'2091         Code  Wk  startup_stm32f10x_md.o [2]
EXTI3_IRQHandler         0x800'2095         Code  Wk  startup_stm32f10x_md.o [2]
EXTI4_IRQHandler         0x800'2099         Code  Wk  startup_stm32f10x_md.o [2]
EXTI9_5_IRQHandler       0x800'20c5         Code  Wk  startup_stm32f10x_md.o [2]
EndpointIndex           0x2000'01da    0x2  Data  Gb  USB_IRQ.o [1]
EnumerationStatus       0x2000'01e1    0x1  Data  Gb  USB_IRQ.o [1]
FLASH_IRQHandler         0x800'2081         Code  Wk  startup_stm32f10x_md.o [2]
GPIO_PinHigh             0x800'1057   0x5a  Code  Gb  GPIO.o [1]
GPIO_PinLow              0x800'0ff1   0x66  Code  Gb  GPIO.o [1]
GPIO_SetOutPut           0x800'0be5  0x40c  Code  Gb  GPIO.o [1]
HardFault_Handler        0x800'2055         Code  Wk  startup_stm32f10x_md.o [2]
I2C1_ER_IRQHandler       0x800'20e9         Code  Wk  startup_stm32f10x_md.o [2]
I2C1_EV_IRQHandler       0x800'20e5         Code  Wk  startup_stm32f10x_md.o [2]
I2C2_ER_IRQHandler       0x800'20f1         Code  Wk  startup_stm32f10x_md.o [2]
I2C2_EV_IRQHandler       0x800'20ed         Code  Wk  startup_stm32f10x_md.o [2]
MemManage_Handler        0x800'2059         Code  Wk  startup_stm32f10x_md.o [2]
NMI_Handler              0x800'2051         Code  Wk  startup_stm32f10x_md.o [2]
PVD_IRQHandler           0x800'2075         Code  Wk  startup_stm32f10x_md.o [2]
PacketInfo              0x2000'0194    0x8  Data  Gb  USB_IRQ.o [1]
ParityType              0x2000'01e2    0x1  Data  Gb  USB_IRQ.o [1]
PendSV_Handler           0x800'206d         Code  Wk  startup_stm32f10x_md.o [2]
PreRequest              0x2000'0111    0x1  Data  Gb  USB_IRQ.o [1]
RCC_IRQHandler           0x800'2085         Code  Wk  startup_stm32f10x_md.o [2]
RTCAlarm_IRQHandler      0x800'210d         Code  Wk  startup_stm32f10x_md.o [2]
RTC_IRQHandler           0x800'207d         Code  Wk  startup_stm32f10x_md.o [2]
Region$$Table$$Base      0x800'1fb8          --   Gb  - Linker created -
Region$$Table$$Limit     0x800'1fdc          --   Gb  - Linker created -
Request                 0x2000'0178    0xc  Data  Gb  USB_IRQ.o [1]
Reset_Handler            0x800'2041         Code  Wk  startup_stm32f10x_md.o [2]
RxData                  0x2000'0114   0x64  Data  Gb  main.o [1]
SPI1_IRQHandler          0x800'20f5         Code  Wk  startup_stm32f10x_md.o [2]
SPI1_Init                0x800'13d9   0xc6  Code  Gb  SPI.o [1]
SPI1_Read1Byte           0x800'1549   0x3e  Code  Gb  SPI.o [1]
SPI1_ReadMulBytes        0x800'1587   0x54  Code  Gb  SPI.o [1]
SPI1_Start               0x800'149f    0xc  Code  Gb  SPI.o [1]
SPI1_Stop                0x800'14ab    0xc  Code  Gb  SPI.o [1]
SPI1_Write1Byte          0x800'14b7   0x42  Code  Gb  SPI.o [1]
SPI1_WriteMulBytes       0x800'14f9   0x50  Code  Gb  SPI.o [1]
SPI2_IRQHandler          0x800'20f9         Code  Wk  startup_stm32f10x_md.o [2]
SPIInit_b               0x2000'01e0    0x1  Data  Gb  SPI.o [1]
SVC_Handler              0x800'2065         Code  Wk  startup_stm32f10x_md.o [2]
SaveEPRStatus           0x2000'01d6    0x2  Data  Gb  USB_IRQ.o [1]
SaveISTR                0x2000'01d8    0x2  Data  Gb  USB_IRQ.o [1]
SetSysClock              0x800'18db    0x8  Code  Lc  system_stm32f10x.o [2]
SetSysClockTo72          0x800'18e3   0xae  Code  Lc  system_stm32f10x.o [2]
SpecificRequest         0x2000'018c    0x8  Data  Gb  USB_IRQ.o [1]
Stopbit                 0x2000'01b8    0x4  Data  Gb  USB_IRQ.o [1]
StringDescriptor        0x2000'0018   0x20  Data  Gb  USB_IRQ.o [1]
SysTick_Handler          0x800'1769    0xc  Code  Gb  CLOCK.o [1]
SystemCoreClock         0x2000'0000    0x4  Data  Gb  system_stm32f10x.o [2]
SystemCoreClockUpdate    0x800'184d   0x8e  Code  Gb  system_stm32f10x.o [2]
SystemInit               0x800'1809   0x44  Code  Gb  system_stm32f10x.o [2]
TAMPER_IRQHandler        0x800'2079         Code  Wk  startup_stm32f10x_md.o [2]
TIM1_BRK_IRQHandler      0x800'20c9         Code  Wk  startup_stm32f10x_md.o [2]
TIM1_CC_IRQHandler       0x800'20d5         Code  Wk  startup_stm32f10x_md.o [2]
TIM1_TRG_COM_IRQHandler
                         0x800'20d1         Code  Wk  startup_stm32f10x_md.o [2]
TIM1_UP_IRQHandler       0x800'20cd         Code  Wk  startup_stm32f10x_md.o [2]
TIM2_IRQHandler          0x800'20d9         Code  Wk  startup_stm32f10x_md.o [2]
TIM3_IRQHandler          0x800'20dd         Code  Wk  startup_stm32f10x_md.o [2]
TIM4_IRQHandler          0x800'20e1         Code  Wk  startup_stm32f10x_md.o [2]
TIMER_Chaining           0x800'1c2d   0xba  Code  Gb  TIMER.o [1]
TIMER_EnableInterrupt    0x800'1cf3    0x2  Code  Gb  TIMER.o [1]
TIMER_Init               0x800'1b7b   0xb2  Code  Gb  TIMER.o [1]
TIMER_SetCLockSourceMicros
                         0x800'1ced    0x6  Code  Gb  TIMER.o [1]
TIMER_SetCLockSourceMillis
                         0x800'1ce7    0x6  Code  Gb  TIMER.o [1]
TIMER_SourceMicros      0x2000'01b0    0x4  Data  Lc  TIMER.o [1]
TIMER_SourceMillis      0x2000'01ac    0x4  Data  Lc  TIMER.o [1]
TX_IRQ                  0x2000'01b4    0x4  Data  Gb  USB.o [1]
USART1_IRQHandler        0x800'20fd         Code  Wk  startup_stm32f10x_md.o [2]
USART2_IRQHandler        0x800'2101         Code  Wk  startup_stm32f10x_md.o [2]
USART3_IRQHandler        0x800'2105         Code  Wk  startup_stm32f10x_md.o [2]
USBWakeUp_IRQHandler     0x800'1af9    0x2  Code  Gb  USB.o [1]
USB_ByteSwap             0x800'00ed   0x16  Code  Lc  USB_IRQ.o [1]
USB_DeviceDescriptor    0x2000'004c   0x14  Data  Gb  USB_Types.o [1]
USB_EnableInterrupt      0x800'1a55   0x36  Code  Lc  USB.o [1]
USB_EndpointReset        0x800'014d   0x38  Code  Lc  USB_IRQ.o [1]
USB_GetRequest           0x800'0185   0xdc  Code  Gb  USB_IRQ.o [1]
USB_HP_CAN1_TX_IRQHandler
                         0x800'1afb    0xa  Code  Gb  USB.o [1]
USB_HW_ClearEP_CTR_RX    0x800'0ac9   0x22  Code  Gb  USB_HW.o [1]
USB_HW_ClearEP_CTR_TX    0x800'0aeb   0x22  Code  Gb  USB_HW.o [1]
USB_HW_ClearPMA          0x800'0905   0x12  Code  Gb  USB_HW.o [1]
USB_HW_ResetBTABLE       0x800'08fd    0x8  Code  Gb  USB_HW.o [1]
USB_HW_SetDeviceAddr     0x800'0a29    0xa  Code  Gb  USB_HW.o [1]
USB_HW_SetEPEnpointAddress
                         0x800'0b37   0x2c  Code  Gb  USB_HW.o [1]
USB_HW_SetEPKind         0x800'0b0d   0x2a  Code  Gb  USB_HW.o [1]
USB_HW_SetEPRxAddr       0x800'0a13   0x16  Code  Gb  USB_HW.o [1]
USB_HW_SetEPRxCount      0x800'0b79   0x54  Code  Gb  USB_HW.o [1]
USB_HW_SetEPRxDataToggle
                         0x800'0917   0x38  Code  Gb  USB_HW.o [1]
USB_HW_SetEPRxStatus     0x800'094f   0x3c  Code  Gb  USB_HW.o [1]
USB_HW_SetEPTxAddr       0x800'09ff   0x14  Code  Gb  USB_HW.o [1]
USB_HW_SetEPTxCount      0x800'0b63   0x16  Code  Gb  USB_HW.o [1]
USB_HW_SetEPTxDataToggle
                         0x800'098b   0x38  Code  Gb  USB_HW.o [1]
USB_HW_SetEPTxStatus     0x800'09c3   0x3c  Code  Gb  USB_HW.o [1]
USB_HW_SetEPType         0x800'0a9f   0x2a  Code  Gb  USB_HW.o [1]
USB_HW_SetupData         0x800'0a33   0x6c  Code  Gb  USB_HW.o [1]
USB_IRQ_CTR_PID_IN_Process
                         0x800'0615   0x92  Code  Gb  USB_IRQ.o [1]
USB_IRQ_CTR_PID_OUT_Process
                         0x800'059f   0x76  Code  Gb  USB_IRQ.o [1]
USB_IRQ_CTR_PID_SETUP_Process
                         0x800'027b  0x324  Code  Gb  USB_IRQ.o [1]
USB_IRQ_CorrecTransfer   0x800'06a7   0xa4  Code  Gb  USB_IRQ.o [1]
USB_IRQ_Reset            0x800'0755  0x12e  Code  Gb  USB_IRQ.o [1]
USB_IRQ_SetCDCBaudrate   0x800'0103   0x4a  Code  Lc  USB_IRQ.o [1]
USB_IRQ_Suspend          0x800'074b    0xa  Code  Gb  USB_IRQ.o [1]
USB_IRQ_ZeroLengthPacket
                         0x800'0261   0x1a  Code  Lc  USB_IRQ.o [1]
USB_Init                 0x800'1a8b   0x4c  Code  Gb  USB.o [1]
USB_LP_CAN1_RX0_IRQHandler
                         0x800'1b05   0x3e  Code  Gb  USB.o [1]
USB_Reset                0x800'1a07   0x4e  Code  Lc  USB.o [1]
USB_SendString           0x800'1ad7   0x22  Code  Gb  USB.o [1]
UsageFault_Handler       0x800'2061         Code  Wk  startup_stm32f10x_md.o [2]
Virtual_Com_Port_ConfigDescriptor
                        0x2000'0060   0x44  Data  Gb  USB_Types.o [1]
Virtual_Com_Port_DeviceDescriptor
                        0x2000'0038   0x14  Data  Gb  USB_Types.o [1]
Virtual_Com_Port_StringLangID
                        0x2000'00a4    0x4  Data  Gb  USB_Types.o [1]
Virtual_Com_Port_StringProduct
                        0x2000'00d0   0x34  Data  Gb  USB_Types.o [1]
Virtual_Com_Port_StringSerial
                        0x2000'0104    0xc  Data  Gb  USB_Types.o [1]
Virtual_Com_Port_StringVendor
                        0x2000'00a8   0x28  Data  Gb  USB_Types.o [1]
WWDG_IRQHandler          0x800'2071         Code  Wk  startup_stm32f10x_md.o [2]
__NVIC_EnableIRQ         0x800'1e2d   0x1e  Code  Lc  main.o [1]
__NVIC_EnableIRQ         0x800'19bd   0x1e  Code  Lc  USB.o [1]
__NVIC_SetPriority       0x800'1621   0x2c  Code  Lc  CLOCK.o [1]
__NVIC_SetPriority       0x800'19db   0x2c  Code  Lc  USB.o [1]
__aeabi_memset           0x800'17a1         Code  Gb  ABImemset.o [4]
__cmain                  0x800'1fdd         Code  Gb  cmain.o [4]
__exit                   0x800'2011   0x14  Code  Gb  exit.o [5]
__iar_Memset             0x800'17a1         Code  Gb  ABImemset.o [4]
__iar_Memset_word        0x800'17a9         Code  Gb  ABImemset.o [4]
__iar_copy_init3         0x800'13af   0x2a  Code  Gb  copy_init3.o [4]
__iar_data_init3         0x800'1f91   0x28  Code  Gb  data_init.o [4]
__iar_program_start      0x800'2025         Code  Gb  cstartup_M.o [4]
__iar_zero_init3         0x800'1f57   0x38  Code  Gb  zero_init3.o [4]
__low_level_init         0x800'1ffb    0x4  Code  Gb  low_level_init.o [3]
__vector_table           0x800'0000         Data  Gb  startup_stm32f10x_md.o [2]
_call_main               0x800'1fe9         Code  Gb  cmain.o [4]
_exit                    0x800'2005         Code  Gb  cexit.o [4]
delay                    0x800'164d    0xe  Code  Gb  CLOCK.o [1]
delay                    0x800'1b6d    0xe  Code  Lc  TIMER.o [1]
exit                     0x800'1fff    0x4  Code  Gb  exit.o [3]
getStatus               0x2000'01cc    0x4  Data  Gb  USB_IRQ.o [1]
get_configDes           0x2000'01c4    0x4  Data  Gb  USB_IRQ.o [1]
get_interface           0x2000'01d0    0x4  Data  Gb  USB_IRQ.o [1]
main                     0x800'1e4b   0xbe  Code  Gb  main.o [1]
memset                   0x800'160d   0x14  Code  Gb  memset.o [4]
micros                   0x800'1753   0x16  Code  Gb  CLOCK.o [1]
nRF24L01_Command         0x800'12d5   0x24  Code  Gb  nRF24L01.o [1]
nRF24L01_DataAvailable   0x800'136f   0x2a  Code  Gb  nRF24L01.o [1]
nRF24L01_Disable         0x800'1129    0xa  Code  Lc  nRF24L01.o [1]
nRF24L01_Enable          0x800'111f    0xa  Code  Lc  nRF24L01.o [1]
nRF24L01_Init            0x800'1273   0x62  Code  Gb  nRF24L01.o [1]
nRF24L01_Read1Byte       0x800'1111    0xe  Code  Lc  nRF24L01.o [1]
nRF24L01_ReceiveData     0x800'1399   0x16  Code  Gb  nRF24L01.o [1]
nRF24L01_Reset           0x800'1133  0x140  Code  Gb  nRF24L01.o [1]
nRF24L01_RxMode          0x800'1309   0x66  Code  Gb  nRF24L01.o [1]
nRF24L01_Write1Byte      0x800'10d9   0x1a  Code  Lc  nRF24L01.o [1]
nRF24L01_WriteMulBytes   0x800'10f3   0x1e  Code  Lc  nRF24L01.o [1]
saveAdr                 0x2000'01de    0x2  Data  Gb  USB_IRQ.o [1]
stop                    0x2000'01c8    0x4  Data  Gb  USB_IRQ.o [1]
strlen                   0x800'1f21         Code  Gb  strlen.o [4]
sus                     0x2000'01c0    0x4  Data  Gb  USB_IRQ.o [1]
timer                   0x2000'01a8    0x4  Data  Gb  main.o [1]
ui32micros              0x2000'01a4    0x4  Data  Lc  CLOCK.o [1]


[1] = F:\USB_RF\project\Debug\Obj\source
[2] = F:\USB_RF\project\Debug\Obj\startup
[3] = dl7M_tln.a
[4] = rt7M_tl.a
[5] = shb_l.a

  8'152 bytes of readonly  code memory
    312 bytes of readonly  data memory
  2'529 bytes of readwrite data memory

Errors: none
Warnings: none
