###############################################################################
#
# IAR ELF Linker V9.30.1.335/W64 for ARM                  23/Apr/2024  15:29:53
# Copyright 2007-2022 IAR Systems AB.
#
#    Output file  =  F:\USB_RF\project\Debug\Exe\USB_RF.out
#    Map file     =  F:\USB_RF\project\Debug\List\USB_RF.map
#    Command line =
#        -f F:\USB_RF\project\Debug\Exe\USB_RF.out.rsp
#        (F:\USB_RF\project\Debug\Obj\source\CLOCK.o
#        F:\USB_RF\project\Debug\Obj\source\FLASH.o
#        F:\USB_RF\project\Debug\Obj\source\GPIO.o
#        F:\USB_RF\project\Debug\Obj\source\main.o
#        F:\USB_RF\project\Debug\Obj\source\nRF24L01.o
#        F:\USB_RF\project\Debug\Obj\source\SPI.o
#        F:\USB_RF\project\Debug\Obj\startup\startup_stm32f10x_md.o
#        F:\USB_RF\project\Debug\Obj\startup\system_stm32f10x.o
#        F:\USB_RF\project\Debug\Obj\source\TIMER.o
#        F:\USB_RF\project\Debug\Obj\source\USB.o
#        F:\USB_RF\project\Debug\Obj\source\USB_HW.o --no_out_extension -o
#        F:\USB_RF\project\Debug\Exe\USB_RF.out --map
#        F:\USB_RF\project\Debug\List\USB_RF.map --config "C:\Program Files\IAR
#        Systems\Embedded Workbench 9.1\arm/config/linker/ST/stm32f103x8.icf"
#        --semihosting --entry __iar_program_start --redirect
#        __iar_sh_stdout=__iar_sh_stdout_swo --vfe --text_out locale
#        --cpu=Cortex-M3 --fpu=None)
#
###############################################################################

*******************************************************************************
*** RUNTIME MODEL ATTRIBUTES
***

CppFlavor       = *
__CPP_Runtime   = 1
__SystemLibrary = DLib
__dlib_version  = 6


*******************************************************************************
*** HEAP SELECTION
***

The basic heap was selected because --advanced_heap
was not specified and the application did not appear to
be primarily optimized for speed.


*******************************************************************************
*** PLACEMENT SUMMARY
***

"A0":  place at address 0x800'0000 { ro section .intvec };
"P1":  place in [from 0x800'0000 to 0x800'ffff] { ro };
define block CSTACK with size = 2K, alignment = 8 { };
define block HEAP with size = 2K, alignment = 8 { };
"P2":  place in [from 0x2000'0000 to 0x2000'4fff] {
          rw, block CSTACK, block HEAP };
initialize by copy { rw };

  Section            Kind         Address    Size  Object
  -------            ----         -------    ----  ------
"A0":                                        0xec
  .intvec            ro code   0x800'0000    0xec  startup_stm32f10x_md.o [2]
                             - 0x800'00ec    0xec

"P1":                                      0x12a4
  .text              ro code   0x800'00ec   0x49c  GPIO.o [1]
  .text              ro code   0x800'0588   0x3e4  USB.o [1]
  .text              ro code   0x800'096c   0x180  CLOCK.o [1]
  .text              ro code   0x800'0aec   0x280  USB_HW.o [1]
  .text              ro code   0x800'0d6c   0x1b4  system_stm32f10x.o [2]
  .text              ro code   0x800'0f20   0x1ac  TIMER.o [1]
  .text              ro code   0x800'10cc    0xac  main.o [1]
  .text              ro code   0x800'1178     0xc  SPI.o [1]
  .text              ro code   0x800'1184     0x2  nRF24L01.o [1]
  .text              ro code   0x800'1186    0x38  zero_init3.o [4]
  .text              ro code   0x800'11be    0x2a  copy_init3.o [4]
  .text              ro code   0x800'11e8    0x28  data_init.o [4]
  .iar.init_table    const     0x800'1210    0x24  - Linker created -
  .text              ro code   0x800'1234    0x1e  cmain.o [4]
  .text              ro code   0x800'1252     0x4  low_level_init.o [3]
  .text              ro code   0x800'1256     0x4  exit.o [3]
  .text              ro code   0x800'125c     0xa  cexit.o [4]
  .text              ro code   0x800'1268    0x14  exit.o [5]
  .text              ro code   0x800'127c    0x1c  cstartup_M.o [4]
  .rodata            const     0x800'1298    0x14  USB.o [1]
  Initializer bytes  const     0x800'12ac    0x14  <for P2-1>
  .text              ro code   0x800'12c0    0x10  startup_stm32f10x_md.o [2]
  .text              ro code   0x800'12d0     0x4  startup_stm32f10x_md.o [2]
  .text              ro code   0x800'12d4     0x4  startup_stm32f10x_md.o [2]
  .text              ro code   0x800'12d8     0x4  startup_stm32f10x_md.o [2]
  .text              ro code   0x800'12dc     0x4  startup_stm32f10x_md.o [2]
  .text              ro code   0x800'12e0     0x4  startup_stm32f10x_md.o [2]
  .text              ro code   0x800'12e4     0x4  startup_stm32f10x_md.o [2]
  .text              ro code   0x800'12e8     0x4  startup_stm32f10x_md.o [2]
  .text              ro code   0x800'12ec     0x4  startup_stm32f10x_md.o [2]
  .text              ro code   0x800'12f0     0x4  startup_stm32f10x_md.o [2]
  .text              ro code   0x800'12f4     0x4  startup_stm32f10x_md.o [2]
  .text              ro code   0x800'12f8     0x4  startup_stm32f10x_md.o [2]
  .text              ro code   0x800'12fc     0x4  startup_stm32f10x_md.o [2]
  .text              ro code   0x800'1300     0x4  startup_stm32f10x_md.o [2]
  .text              ro code   0x800'1304     0x4  startup_stm32f10x_md.o [2]
  .text              ro code   0x800'1308     0x4  startup_stm32f10x_md.o [2]
  .text              ro code   0x800'130c     0x4  startup_stm32f10x_md.o [2]
  .text              ro code   0x800'1310     0x4  startup_stm32f10x_md.o [2]
  .text              ro code   0x800'1314     0x4  startup_stm32f10x_md.o [2]
  .text              ro code   0x800'1318     0x4  startup_stm32f10x_md.o [2]
  .text              ro code   0x800'131c     0x4  startup_stm32f10x_md.o [2]
  .text              ro code   0x800'1320     0x4  startup_stm32f10x_md.o [2]
  .text              ro code   0x800'1324     0x4  startup_stm32f10x_md.o [2]
  .text              ro code   0x800'1328     0x4  startup_stm32f10x_md.o [2]
  .text              ro code   0x800'132c     0x4  startup_stm32f10x_md.o [2]
  .text              ro code   0x800'1330     0x4  startup_stm32f10x_md.o [2]
  .text              ro code   0x800'1334     0x4  startup_stm32f10x_md.o [2]
  .text              ro code   0x800'1338     0x4  startup_stm32f10x_md.o [2]
  .text              ro code   0x800'133c     0x4  startup_stm32f10x_md.o [2]
  .text              ro code   0x800'1340     0x4  startup_stm32f10x_md.o [2]
  .text              ro code   0x800'1344     0x4  startup_stm32f10x_md.o [2]
  .text              ro code   0x800'1348     0x4  startup_stm32f10x_md.o [2]
  .text              ro code   0x800'134c     0x4  startup_stm32f10x_md.o [2]
  .text              ro code   0x800'1350     0x4  startup_stm32f10x_md.o [2]
  .text              ro code   0x800'1354     0x4  startup_stm32f10x_md.o [2]
  .text              ro code   0x800'1358     0x4  startup_stm32f10x_md.o [2]
  .text              ro code   0x800'135c     0x4  startup_stm32f10x_md.o [2]
  .text              ro code   0x800'1360     0x4  startup_stm32f10x_md.o [2]
  .text              ro code   0x800'1364     0x4  startup_stm32f10x_md.o [2]
  .text              ro code   0x800'1368     0x4  startup_stm32f10x_md.o [2]
  .text              ro code   0x800'136c     0x4  startup_stm32f10x_md.o [2]
  .text              ro code   0x800'1370     0x4  startup_stm32f10x_md.o [2]
  .text              ro code   0x800'1374     0x4  startup_stm32f10x_md.o [2]
  .text              ro code   0x800'1378     0x4  startup_stm32f10x_md.o [2]
  .text              ro code   0x800'137c     0x4  startup_stm32f10x_md.o [2]
  .text              ro code   0x800'1380     0x4  startup_stm32f10x_md.o [2]
  .text              ro code   0x800'1384     0x4  startup_stm32f10x_md.o [2]
  .text              ro code   0x800'1388     0x4  startup_stm32f10x_md.o [2]
  .text              ro code   0x800'138c     0x4  startup_stm32f10x_md.o [2]
  .rodata            const     0x800'1390     0x0  zero_init3.o [4]
  .rodata            const     0x800'1390     0x0  copy_init3.o [4]
                             - 0x800'1390  0x12a4

"P2", part 1 of 3:                           0x14
  P2-1                        0x2000'0000    0x14  <Init block>
    .data            inited   0x2000'0000     0x4  system_stm32f10x.o [2]
    .data            inited   0x2000'0004    0x10  system_stm32f10x.o [2]
                            - 0x2000'0014    0x14

"P2", part 2 of 3:                          0x1e4
  .bss               zero     0x2000'0014   0x190  main.o [1]
  .bss               zero     0x2000'01a4    0x1c  USB.o [1]
  .bss               zero     0x2000'01c0     0x4  CLOCK.o [1]
  .bss               zero     0x2000'01c4     0x4  main.o [1]
  .bss               zero     0x2000'01c8     0x4  TIMER.o [1]
  .bss               zero     0x2000'01cc     0x4  TIMER.o [1]
  .bss               zero     0x2000'01d0     0x4  USB.o [1]
  .bss               zero     0x2000'01d4     0x4  USB.o [1]
  .bss               zero     0x2000'01d8     0x4  USB.o [1]
  .bss               zero     0x2000'01dc     0x4  USB.o [1]
  .bss               zero     0x2000'01e0     0x4  USB.o [1]
  .bss               zero     0x2000'01e4     0x4  USB.o [1]
  .bss               zero     0x2000'01e8     0x4  USB.o [1]
  .bss               zero     0x2000'01ec     0x4  USB.o [1]
  .bss               zero     0x2000'01f0     0x2  USB.o [1]
  .bss               zero     0x2000'01f2     0x2  USB.o [1]
  .bss               zero     0x2000'01f4     0x1  SPI.o [1]
  .bss               zero     0x2000'01f5     0x1  USB.o [1]
                            - 0x2000'01f6   0x1e2

"P2", part 3 of 3:                          0x800
  CSTACK                      0x2000'01f8   0x800  <Block>
    CSTACK           uninit   0x2000'01f8   0x800  <Block tail>
                            - 0x2000'09f8   0x800

Unused ranges:

         From           To    Size
         ----           --    ----
   0x800'1390   0x800'ffff  0xec70
  0x2000'09f8  0x2000'4fff  0x4608


*******************************************************************************
*** INIT TABLE
***

          Address      Size
          -------      ----
Zero (__iar_zero_init3)
    1 destination range, total size 0x1e2:
          0x2000'0014  0x1e2

Copy (__iar_copy_init3)
    1 source range, total size 0x14:
           0x800'12ac   0x14
    1 destination range, total size 0x14:
          0x2000'0000   0x14



*******************************************************************************
*** MODULE SUMMARY
***

    Module                  ro code  ro data  rw data
    ------                  -------  -------  -------
command line/config:
    -------------------------------------------------
    Total:

F:\USB_RF\project\Debug\Obj\source: [1]
    CLOCK.o                     384                 4
    GPIO.o                    1'180
    SPI.o                        12                 1
    TIMER.o                     428                 8
    USB.o                       996       20       65
    USB_HW.o                    640
    main.o                      172               404
    nRF24L01.o                    2
    -------------------------------------------------
    Total:                    3'814       20      482

F:\USB_RF\project\Debug\Obj\startup: [2]
    startup_stm32f10x_md.o      444
    system_stm32f10x.o          436       20       20
    -------------------------------------------------
    Total:                      880       20       20

dl7M_tln.a: [3]
    exit.o                        4
    low_level_init.o              4
    -------------------------------------------------
    Total:                        8

rt7M_tl.a: [4]
    cexit.o                      10
    cmain.o                      30
    copy_init3.o                 42
    cstartup_M.o                 28
    data_init.o                  40
    zero_init3.o                 56
    -------------------------------------------------
    Total:                      206

shb_l.a: [5]
    exit.o                       20
    -------------------------------------------------
    Total:                       20

    Gaps                          4
    Linker created                        36    2'048
-----------------------------------------------------
    Grand Total:              4'932       76    2'550


*******************************************************************************
*** ENTRY LIST
***

Entry                       Address   Size  Type      Object
-----                       -------   ----  ----      ------
.iar.init_table$$Base    0x800'1210          --   Gb  - Linker created -
.iar.init_table$$Limit   0x800'1234          --   Gb  - Linker created -
?main                    0x800'1235         Code  Gb  cmain.o [4]
ADC1_2_IRQHandler        0x800'1339         Code  Wk  startup_stm32f10x_md.o [2]
AHBPrescTable           0x2000'0004   0x10  Data  Gb  system_stm32f10x.o [2]
BusFault_Handler         0x800'12dd         Code  Wk  startup_stm32f10x_md.o [2]
CAN1_RX1_IRQHandler      0x800'133d         Code  Wk  startup_stm32f10x_md.o [2]
CAN1_SCE_IRQHandler      0x800'1341         Code  Wk  startup_stm32f10x_md.o [2]
CLOCK_Init               0x800'09a7   0xc6  Code  Gb  CLOCK.o [1]
CLOCK_SystickInit        0x800'0a6d   0x32  Code  Gb  CLOCK.o [1]
CSTACK$$Base            0x2000'01f8          --   Gb  - Linker created -
CSTACK$$Limit           0x2000'09f8          --   Gb  - Linker created -
DMA1_Channel1_IRQHandler
                         0x800'131d         Code  Wk  startup_stm32f10x_md.o [2]
DMA1_Channel2_IRQHandler
                         0x800'1321         Code  Wk  startup_stm32f10x_md.o [2]
DMA1_Channel3_IRQHandler
                         0x800'1325         Code  Wk  startup_stm32f10x_md.o [2]
DMA1_Channel4_IRQHandler
                         0x800'1329         Code  Wk  startup_stm32f10x_md.o [2]
DMA1_Channel5_IRQHandler
                         0x800'132d         Code  Wk  startup_stm32f10x_md.o [2]
DMA1_Channel6_IRQHandler
                         0x800'1331         Code  Wk  startup_stm32f10x_md.o [2]
DMA1_Channel7_IRQHandler
                         0x800'1335         Code  Wk  startup_stm32f10x_md.o [2]
Data                    0x2000'0014  0x190  Data  Gb  main.o [1]
DebugMon_Handler         0x800'12e9         Code  Wk  startup_stm32f10x_md.o [2]
Direction               0x2000'01f2    0x2  Data  Gb  USB.o [1]
Dummy                   0x2000'01f0    0x2  Data  Gb  USB.o [1]
EXTI0_IRQHandler         0x800'1309         Code  Wk  startup_stm32f10x_md.o [2]
EXTI15_10_IRQHandler     0x800'1389         Code  Wk  startup_stm32f10x_md.o [2]
EXTI1_IRQHandler         0x800'130d         Code  Wk  startup_stm32f10x_md.o [2]
EXTI2_IRQHandler         0x800'1311         Code  Wk  startup_stm32f10x_md.o [2]
EXTI3_IRQHandler         0x800'1315         Code  Wk  startup_stm32f10x_md.o [2]
EXTI4_IRQHandler         0x800'1319         Code  Wk  startup_stm32f10x_md.o [2]
EXTI9_5_IRQHandler       0x800'1345         Code  Wk  startup_stm32f10x_md.o [2]
EndpointIndex           0x2000'01f5    0x1  Data  Gb  USB.o [1]
FLASH_IRQHandler         0x800'1301         Code  Wk  startup_stm32f10x_md.o [2]
GPIO_PINLow              0x800'04f9   0x66  Code  Gb  GPIO.o [1]
GPIO_SetOutPut           0x800'00ed  0x40c  Code  Gb  GPIO.o [1]
HardFault_Handler        0x800'12d5         Code  Wk  startup_stm32f10x_md.o [2]
I2C1_ER_IRQHandler       0x800'1369         Code  Wk  startup_stm32f10x_md.o [2]
I2C1_EV_IRQHandler       0x800'1365         Code  Wk  startup_stm32f10x_md.o [2]
I2C2_ER_IRQHandler       0x800'1371         Code  Wk  startup_stm32f10x_md.o [2]
I2C2_EV_IRQHandler       0x800'136d         Code  Wk  startup_stm32f10x_md.o [2]
MemManage_Handler        0x800'12d9         Code  Wk  startup_stm32f10x_md.o [2]
NMI_Handler              0x800'12d1         Code  Wk  startup_stm32f10x_md.o [2]
PVD_IRQHandler           0x800'12f5         Code  Wk  startup_stm32f10x_md.o [2]
PendSV_Handler           0x800'12ed         Code  Wk  startup_stm32f10x_md.o [2]
RCC_IRQHandler           0x800'1305         Code  Wk  startup_stm32f10x_md.o [2]
RTCAlarm_IRQHandler      0x800'138d         Code  Wk  startup_stm32f10x_md.o [2]
RTC_IRQHandler           0x800'12fd         Code  Wk  startup_stm32f10x_md.o [2]
Region$$Table$$Base      0x800'1210          --   Gb  - Linker created -
Region$$Table$$Limit     0x800'1234          --   Gb  - Linker created -
Reset_Handler            0x800'12c1         Code  Wk  startup_stm32f10x_md.o [2]
SPI1_IRQHandler          0x800'1375         Code  Wk  startup_stm32f10x_md.o [2]
SPI2_IRQHandler          0x800'1379         Code  Wk  startup_stm32f10x_md.o [2]
SPI_Init                 0x800'1179    0xc  Code  Gb  SPI.o [1]
SPI_InitSuccess         0x2000'01f4    0x1  Data  Gb  SPI.o [1]
SVC_Handler              0x800'12e5         Code  Wk  startup_stm32f10x_md.o [2]
SetSysClock              0x800'0e3f    0x8  Code  Lc  system_stm32f10x.o [2]
SetSysClockTo72          0x800'0e47   0xae  Code  Lc  system_stm32f10x.o [2]
SysTick_Handler          0x800'0ab5    0xc  Code  Gb  CLOCK.o [1]
SystemCoreClock         0x2000'0000    0x4  Data  Gb  system_stm32f10x.o [2]
SystemCoreClockUpdate    0x800'0db1   0x8e  Code  Gb  system_stm32f10x.o [2]
SystemInit               0x800'0d6d   0x44  Code  Gb  system_stm32f10x.o [2]
TAMPER_IRQHandler        0x800'12f9         Code  Wk  startup_stm32f10x_md.o [2]
TIM1_BRK_IRQHandler      0x800'1349         Code  Wk  startup_stm32f10x_md.o [2]
TIM1_CC_IRQHandler       0x800'1355         Code  Wk  startup_stm32f10x_md.o [2]
TIM1_TRG_COM_IRQHandler
                         0x800'1351         Code  Wk  startup_stm32f10x_md.o [2]
TIM1_UP_IRQHandler       0x800'134d         Code  Wk  startup_stm32f10x_md.o [2]
TIM2_IRQHandler          0x800'1359         Code  Wk  startup_stm32f10x_md.o [2]
TIM3_IRQHandler          0x800'135d         Code  Wk  startup_stm32f10x_md.o [2]
TIM4_IRQHandler          0x800'1361         Code  Wk  startup_stm32f10x_md.o [2]
TIMER_Chaining           0x800'0fe1   0xba  Code  Gb  TIMER.o [1]
TIMER_EnableInterrupt    0x800'10a7    0x2  Code  Gb  TIMER.o [1]
TIMER_Init               0x800'0f2f   0xb2  Code  Gb  TIMER.o [1]
TIMER_SetCLockSourceMicros
                         0x800'10a1    0x6  Code  Gb  TIMER.o [1]
TIMER_SetCLockSourceMillis
                         0x800'109b    0x6  Code  Gb  TIMER.o [1]
TIMER_SourceMicros      0x2000'01cc    0x4  Data  Lc  TIMER.o [1]
TIMER_SourceMillis      0x2000'01c8    0x4  Data  Lc  TIMER.o [1]
TX_IRQ                  0x2000'01d0    0x4  Data  Gb  USB.o [1]
USART1_IRQHandler        0x800'137d         Code  Wk  startup_stm32f10x_md.o [2]
USART2_IRQHandler        0x800'1381         Code  Wk  startup_stm32f10x_md.o [2]
USART3_IRQHandler        0x800'1385         Code  Wk  startup_stm32f10x_md.o [2]
USBWakeUp_IRQHandler     0x800'076f    0x2  Code  Gb  USB.o [1]
USB_ByteSwap             0x800'06af   0x16  Code  Lc  USB.o [1]
USB_ClearPMA             0x800'05d3   0x12  Code  Lc  USB.o [1]
USB_EnableInterrupt      0x800'0669   0x46  Code  Lc  USB.o [1]
USB_EndpointReset        0x800'0633   0x36  Code  Lc  USB.o [1]
USB_GetRequest           0x800'06c5   0x4e  Code  Lc  USB.o [1]
USB_HP_CAN1_TX_IRQHandler
                         0x800'0771    0x8  Code  Gb  USB.o [1]
USB_HW_ClearEP_CTR_RX    0x800'0cd9    0xe  Code  Gb  USB_HW.o [1]
USB_HW_GetData           0x800'0c81   0x2e  Code  Gb  USB_HW.o [1]
USB_HW_IsSetupPacket     0x800'0d39   0x24  Code  Gb  USB_HW.o [1]
USB_HW_ResetBTABLE       0x800'0aed    0x8  Code  Gb  USB_HW.o [1]
USB_HW_SetDeviceAddr     0x800'0c3f    0xa  Code  Gb  USB_HW.o [1]
USB_HW_SetEPEnpointAddress
                         0x800'0d11   0x28  Code  Gb  USB_HW.o [1]
USB_HW_SetEPKind         0x800'0ce7   0x2a  Code  Gb  USB_HW.o [1]
USB_HW_SetEPRxAddr       0x800'0bf1   0x16  Code  Gb  USB_HW.o [1]
USB_HW_SetEPRxDataToggle
                         0x800'0af5   0x38  Code  Gb  USB_HW.o [1]
USB_HW_SetEPRxStatus     0x800'0b2d   0x3c  Code  Gb  USB_HW.o [1]
USB_HW_SetEPTxAddr       0x800'0bdd   0x14  Code  Gb  USB_HW.o [1]
USB_HW_SetEPTxDataToggle
                         0x800'0b69   0x38  Code  Gb  USB_HW.o [1]
USB_HW_SetEPTxStatus     0x800'0ba1   0x3c  Code  Gb  USB_HW.o [1]
USB_HW_SetEPType         0x800'0caf   0x2a  Code  Gb  USB_HW.o [1]
USB_HW_SetPacketSize     0x800'0c07   0x38  Code  Gb  USB_HW.o [1]
USB_HW_SetupData         0x800'0c49   0x38  Code  Gb  USB_HW.o [1]
USB_Init                 0x800'0713   0x56  Code  Gb  USB.o [1]
USB_LP_CAN1_RX0_IRQHandler
                         0x800'0779  0x188  Code  Gb  USB.o [1]
USB_PrepareBuffer        0x800'0769    0x6  Code  Gb  USB.o [1]
USB_Reset                0x800'05e5   0x4e  Code  Lc  USB.o [1]
UsageFault_Handler       0x800'12e1         Code  Wk  startup_stm32f10x_md.o [2]
Virtual_Com_Port_DeviceDescriptor
                         0x800'1298   0x14  Data  Gb  USB.o [1]
WWDG_IRQHandler          0x800'12f1         Code  Wk  startup_stm32f10x_md.o [2]
__NVIC_EnableIRQ         0x800'10cd   0x1e  Code  Lc  main.o [1]
__NVIC_EnableIRQ         0x800'0589   0x1e  Code  Lc  USB.o [1]
__NVIC_SetPriority       0x800'096d   0x2c  Code  Lc  CLOCK.o [1]
__NVIC_SetPriority       0x800'05a7   0x2c  Code  Lc  USB.o [1]
__cmain                  0x800'1235         Code  Gb  cmain.o [4]
__exit                   0x800'1269   0x14  Code  Gb  exit.o [5]
__iar_copy_init3         0x800'11bf   0x2a  Code  Gb  copy_init3.o [4]
__iar_data_init3         0x800'11e9   0x28  Code  Gb  data_init.o [4]
__iar_program_start      0x800'127d         Code  Gb  cstartup_M.o [4]
__iar_zero_init3         0x800'1187   0x38  Code  Gb  zero_init3.o [4]
__low_level_init         0x800'1253    0x4  Code  Gb  low_level_init.o [3]
__vector_table           0x800'0000         Data  Gb  startup_stm32f10x_md.o [2]
_call_main               0x800'1241         Code  Gb  cmain.o [4]
_exit                    0x800'125d         Code  Gb  cexit.o [4]
ctr                     0x2000'01e8    0x4  Data  Gb  USB.o [1]
delay                    0x800'0999    0xe  Code  Lc  CLOCK.o [1]
delay                    0x800'0f21    0xe  Code  Lc  TIMER.o [1]
err                     0x2000'01dc    0x4  Data  Gb  USB.o [1]
exit                     0x800'1257    0x4  Code  Gb  exit.o [3]
main                     0x800'10eb   0x7a  Code  Gb  main.o [1]
micros                   0x800'0a9f   0x16  Code  Gb  CLOCK.o [1]
nRF24L01_Init            0x800'1185    0x2  Code  Gb  nRF24L01.o [1]
pInformation            0x2000'01a4   0x1c  Data  Gb  USB.o [1]
ptr_Data                0x2000'01ec    0x4  Data  Lc  USB.o [1]
reset                   0x2000'01e4    0x4  Data  Gb  USB.o [1]
sof                     0x2000'01d8    0x4  Data  Gb  USB.o [1]
sus                     0x2000'01e0    0x4  Data  Gb  USB.o [1]
timer                   0x2000'01c4    0x4  Data  Gb  main.o [1]
ui32micros              0x2000'01c0    0x4  Data  Lc  CLOCK.o [1]
wk                      0x2000'01d4    0x4  Data  Gb  USB.o [1]


[1] = F:\USB_RF\project\Debug\Obj\source
[2] = F:\USB_RF\project\Debug\Obj\startup
[3] = dl7M_tln.a
[4] = rt7M_tl.a
[5] = shb_l.a

  4'932 bytes of readonly  code memory
     76 bytes of readonly  data memory
  2'550 bytes of readwrite data memory

Errors: none
Warnings: none
