###############################################################################
#
# IAR ELF Linker V9.30.1.335/W64 for ARM                  28/Apr/2024  18:18:28
# Copyright 2007-2022 IAR Systems AB.
#
#    Output file  =  F:\USB_RF\project\Debug\Exe\USB_RF.out
#    Map file     =  F:\USB_RF\project\Debug\List\USB_RF.map
#    Command line =
#        -f F:\USB_RF\project\Debug\Exe\USB_RF.out.rsp
#        (F:\USB_RF\project\Debug\Obj\source\CLOCK.o
#        F:\USB_RF\project\Debug\Obj\source\FLASH.o
#        F:\USB_RF\project\Debug\Obj\source\GPIO.o
#        F:\USB_RF\project\Debug\Obj\source\main.o
#        F:\USB_RF\project\Debug\Obj\source\nRF24L01.o
#        F:\USB_RF\project\Debug\Obj\source\SPI.o
#        F:\USB_RF\project\Debug\Obj\startup\startup_stm32f10x_md.o
#        F:\USB_RF\project\Debug\Obj\startup\system_stm32f10x.o
#        F:\USB_RF\project\Debug\Obj\source\TIMER.o
#        F:\USB_RF\project\Debug\Obj\source\USB.o
#        F:\USB_RF\project\Debug\Obj\source\USB_HW.o
#        F:\USB_RF\project\Debug\Obj\source\USB_IRQ.o
#        F:\USB_RF\project\Debug\Obj\source\USB_Types.o --no_out_extension -o
#        F:\USB_RF\project\Debug\Exe\USB_RF.out --map
#        F:\USB_RF\project\Debug\List\USB_RF.map --config "C:\Program Files\IAR
#        Systems\Embedded Workbench 9.1\arm/config/linker/ST/stm32f103x8.icf"
#        --semihosting --entry __iar_program_start --redirect
#        __iar_sh_stdout=__iar_sh_stdout_swo --vfe --text_out locale
#        --cpu=Cortex-M3 --fpu=None)
#
###############################################################################

*******************************************************************************
*** RUNTIME MODEL ATTRIBUTES
***

CppFlavor       = *
__CPP_Runtime   = 1
__SystemLibrary = DLib
__dlib_version  = 6


*******************************************************************************
*** HEAP SELECTION
***

The basic heap was selected because --advanced_heap
was not specified and the application did not appear to
be primarily optimized for speed.


*******************************************************************************
*** PLACEMENT SUMMARY
***

"A0":  place at address 0x800'0000 { ro section .intvec };
"P1":  place in [from 0x800'0000 to 0x800'ffff] { ro };
define block CSTACK with size = 2K, alignment = 8 { };
define block HEAP with size = 2K, alignment = 8 { };
"P2":  place in [from 0x2000'0000 to 0x2000'4fff] {
          rw, block CSTACK, block HEAP };
initialize by copy { rw };

  Section            Kind         Address    Size  Object
  -------            ----         -------    ----  ------
"A0":                                        0xec
  .intvec            ro code   0x800'0000    0xec  startup_stm32f10x_md.o [2]
                             - 0x800'00ec    0xec

"P1":                                      0x1674
  .text              ro code   0x800'00ec   0x540  USB_IRQ.o [1]
  .text              ro code   0x800'062c   0x2c4  USB_HW.o [1]
  .text              ro code   0x800'08f0   0x49c  GPIO.o [1]
  .text              ro code   0x800'0d8c   0x1d8  USB.o [1]
  .text              ro code   0x800'0f64   0x180  CLOCK.o [1]
  .text              ro code   0x800'10e4   0x1b4  system_stm32f10x.o [2]
  .text              ro code   0x800'1298   0x1ac  TIMER.o [1]
  .text              ro code   0x800'1444    0xac  main.o [1]
  .text              ro code   0x800'14f0     0xc  SPI.o [1]
  .text              ro code   0x800'14fc     0x2  nRF24L01.o [1]
  .text              ro code   0x800'14fe    0x2a  copy_init3.o [4]
  Initializer bytes  const     0x800'1528    0x80  <for P2-1>
  .text              ro code   0x800'15a8    0x38  zero_init3.o [4]
  .text              ro code   0x800'15e0    0x28  data_init.o [4]
  .iar.init_table    const     0x800'1608    0x24  - Linker created -
  .text              ro code   0x800'162c    0x1e  cmain.o [4]
  .text              ro code   0x800'164a     0x4  low_level_init.o [3]
  .text              ro code   0x800'164e     0x4  exit.o [3]
  .text              ro code   0x800'1654     0xa  cexit.o [4]
  .text              ro code   0x800'1660    0x14  exit.o [5]
  .text              ro code   0x800'1674    0x1c  cstartup_M.o [4]
  .text              ro code   0x800'1690    0x10  startup_stm32f10x_md.o [2]
  .text              ro code   0x800'16a0     0x4  startup_stm32f10x_md.o [2]
  .text              ro code   0x800'16a4     0x4  startup_stm32f10x_md.o [2]
  .text              ro code   0x800'16a8     0x4  startup_stm32f10x_md.o [2]
  .text              ro code   0x800'16ac     0x4  startup_stm32f10x_md.o [2]
  .text              ro code   0x800'16b0     0x4  startup_stm32f10x_md.o [2]
  .text              ro code   0x800'16b4     0x4  startup_stm32f10x_md.o [2]
  .text              ro code   0x800'16b8     0x4  startup_stm32f10x_md.o [2]
  .text              ro code   0x800'16bc     0x4  startup_stm32f10x_md.o [2]
  .text              ro code   0x800'16c0     0x4  startup_stm32f10x_md.o [2]
  .text              ro code   0x800'16c4     0x4  startup_stm32f10x_md.o [2]
  .text              ro code   0x800'16c8     0x4  startup_stm32f10x_md.o [2]
  .text              ro code   0x800'16cc     0x4  startup_stm32f10x_md.o [2]
  .text              ro code   0x800'16d0     0x4  startup_stm32f10x_md.o [2]
  .text              ro code   0x800'16d4     0x4  startup_stm32f10x_md.o [2]
  .text              ro code   0x800'16d8     0x4  startup_stm32f10x_md.o [2]
  .text              ro code   0x800'16dc     0x4  startup_stm32f10x_md.o [2]
  .text              ro code   0x800'16e0     0x4  startup_stm32f10x_md.o [2]
  .text              ro code   0x800'16e4     0x4  startup_stm32f10x_md.o [2]
  .text              ro code   0x800'16e8     0x4  startup_stm32f10x_md.o [2]
  .text              ro code   0x800'16ec     0x4  startup_stm32f10x_md.o [2]
  .text              ro code   0x800'16f0     0x4  startup_stm32f10x_md.o [2]
  .text              ro code   0x800'16f4     0x4  startup_stm32f10x_md.o [2]
  .text              ro code   0x800'16f8     0x4  startup_stm32f10x_md.o [2]
  .text              ro code   0x800'16fc     0x4  startup_stm32f10x_md.o [2]
  .text              ro code   0x800'1700     0x4  startup_stm32f10x_md.o [2]
  .text              ro code   0x800'1704     0x4  startup_stm32f10x_md.o [2]
  .text              ro code   0x800'1708     0x4  startup_stm32f10x_md.o [2]
  .text              ro code   0x800'170c     0x4  startup_stm32f10x_md.o [2]
  .text              ro code   0x800'1710     0x4  startup_stm32f10x_md.o [2]
  .text              ro code   0x800'1714     0x4  startup_stm32f10x_md.o [2]
  .text              ro code   0x800'1718     0x4  startup_stm32f10x_md.o [2]
  .text              ro code   0x800'171c     0x4  startup_stm32f10x_md.o [2]
  .text              ro code   0x800'1720     0x4  startup_stm32f10x_md.o [2]
  .text              ro code   0x800'1724     0x4  startup_stm32f10x_md.o [2]
  .text              ro code   0x800'1728     0x4  startup_stm32f10x_md.o [2]
  .text              ro code   0x800'172c     0x4  startup_stm32f10x_md.o [2]
  .text              ro code   0x800'1730     0x4  startup_stm32f10x_md.o [2]
  .text              ro code   0x800'1734     0x4  startup_stm32f10x_md.o [2]
  .text              ro code   0x800'1738     0x4  startup_stm32f10x_md.o [2]
  .text              ro code   0x800'173c     0x4  startup_stm32f10x_md.o [2]
  .text              ro code   0x800'1740     0x4  startup_stm32f10x_md.o [2]
  .text              ro code   0x800'1744     0x4  startup_stm32f10x_md.o [2]
  .text              ro code   0x800'1748     0x4  startup_stm32f10x_md.o [2]
  .text              ro code   0x800'174c     0x4  startup_stm32f10x_md.o [2]
  .text              ro code   0x800'1750     0x4  startup_stm32f10x_md.o [2]
  .text              ro code   0x800'1754     0x4  startup_stm32f10x_md.o [2]
  .text              ro code   0x800'1758     0x4  startup_stm32f10x_md.o [2]
  .text              ro code   0x800'175c     0x4  startup_stm32f10x_md.o [2]
  .rodata            const     0x800'1760     0x0  zero_init3.o [4]
  .rodata            const     0x800'1760     0x0  copy_init3.o [4]
                             - 0x800'1760  0x1674

"P2", part 1 of 3:                           0x80
  P2-1                        0x2000'0000    0x80  <Init block>
    .data            inited   0x2000'0000     0x4  system_stm32f10x.o [2]
    .data            inited   0x2000'0004    0x10  system_stm32f10x.o [2]
    .data            inited   0x2000'0014    0x14  USB_Types.o [1]
    .data            inited   0x2000'0028    0x14  USB_Types.o [1]
    .data            inited   0x2000'003c    0x44  USB_Types.o [1]
                            - 0x2000'0080    0x80

"P2", part 2 of 3:                          0x1fc
  .bss               zero     0x2000'0080   0x190  main.o [1]
  .bss               zero     0x2000'0210     0xc  USB_IRQ.o [1]
  .bss               zero     0x2000'021c     0x8  USB_IRQ.o [1]
  .bss               zero     0x2000'0224     0x8  USB_IRQ.o [1]
  .bss               zero     0x2000'022c     0x4  CLOCK.o [1]
  .bss               zero     0x2000'0230     0x4  main.o [1]
  .bss               zero     0x2000'0234     0x4  TIMER.o [1]
  .bss               zero     0x2000'0238     0x4  TIMER.o [1]
  .bss               zero     0x2000'023c     0x4  USB.o [1]
  .bss               zero     0x2000'0240     0x4  USB_IRQ.o [1]
  .bss               zero     0x2000'0244     0x4  USB_IRQ.o [1]
  .bss               zero     0x2000'0248     0x4  USB_IRQ.o [1]
  .bss               zero     0x2000'024c     0x4  USB_IRQ.o [1]
  .bss               zero     0x2000'0250     0x4  USB_IRQ.o [1]
  .bss               zero     0x2000'0254     0x4  USB_IRQ.o [1]
  .bss               zero     0x2000'0258     0x4  USB_IRQ.o [1]
  .bss               zero     0x2000'025c     0x4  USB_IRQ.o [1]
  .bss               zero     0x2000'0260     0x4  USB_IRQ.o [1]
  .bss               zero     0x2000'0264     0x4  USB_IRQ.o [1]
  .bss               zero     0x2000'0268     0x4  USB_IRQ.o [1]
  .bss               zero     0x2000'026c     0x4  USB_IRQ.o [1]
  .bss               zero     0x2000'0270     0x2  USB_IRQ.o [1]
  .bss               zero     0x2000'0272     0x2  USB_IRQ.o [1]
  .bss               zero     0x2000'0274     0x2  USB_IRQ.o [1]
  .bss               zero     0x2000'0276     0x2  USB_IRQ.o [1]
  .bss               zero     0x2000'0278     0x2  USB_IRQ.o [1]
  .bss               zero     0x2000'027a     0x1  SPI.o [1]
  .bss               zero     0x2000'027b     0x1  USB_IRQ.o [1]
                            - 0x2000'027c   0x1fc

"P2", part 3 of 3:                          0x800
  CSTACK                      0x2000'0280   0x800  <Block>
    CSTACK           uninit   0x2000'0280   0x800  <Block tail>
                            - 0x2000'0a80   0x800

Unused ranges:

         From           To    Size
         ----           --    ----
   0x800'1760   0x800'ffff  0xe8a0
  0x2000'027c  0x2000'027f     0x4
  0x2000'0a80  0x2000'4fff  0x4580


*******************************************************************************
*** INIT TABLE
***

          Address      Size
          -------      ----
Zero (__iar_zero_init3)
    1 destination range, total size 0x1fc:
          0x2000'0080  0x1fc

Copy (__iar_copy_init3)
    1 source range, total size 0x80:
           0x800'1528   0x80
    1 destination range, total size 0x80:
          0x2000'0000   0x80



*******************************************************************************
*** MODULE SUMMARY
***

    Module                  ro code  ro data  rw data
    ------                  -------  -------  -------
command line/config:
    -------------------------------------------------
    Total:

F:\USB_RF\project\Debug\Obj\source: [1]
    CLOCK.o                     384                 4
    GPIO.o                    1'180
    SPI.o                        12                 1
    TIMER.o                     428                 8
    USB.o                       472                 4
    USB_HW.o                    708
    USB_IRQ.o                 1'344                87
    USB_Types.o                          108      108
    main.o                      172               404
    nRF24L01.o                    2
    -------------------------------------------------
    Total:                    4'702      108      616

F:\USB_RF\project\Debug\Obj\startup: [2]
    startup_stm32f10x_md.o      444
    system_stm32f10x.o          436       20       20
    -------------------------------------------------
    Total:                      880       20       20

dl7M_tln.a: [3]
    exit.o                        4
    low_level_init.o              4
    -------------------------------------------------
    Total:                        8

rt7M_tl.a: [4]
    cexit.o                      10
    cmain.o                      30
    copy_init3.o                 42
    cstartup_M.o                 28
    data_init.o                  40
    zero_init3.o                 56
    -------------------------------------------------
    Total:                      206

shb_l.a: [5]
    exit.o                       20
    -------------------------------------------------
    Total:                       20

    Gaps                          4
    Linker created                        36    2'048
-----------------------------------------------------
    Grand Total:              5'820      164    2'684


*******************************************************************************
*** ENTRY LIST
***

Entry                       Address   Size  Type      Object
-----                       -------   ----  ----      ------
.iar.init_table$$Base    0x800'1608          --   Gb  - Linker created -
.iar.init_table$$Limit   0x800'162c          --   Gb  - Linker created -
?main                    0x800'162d         Code  Gb  cmain.o [4]
ADC1_2_IRQHandler        0x800'1709         Code  Wk  startup_stm32f10x_md.o [2]
AHBPrescTable           0x2000'0004   0x10  Data  Gb  system_stm32f10x.o [2]
BusFault_Handler         0x800'16ad         Code  Wk  startup_stm32f10x_md.o [2]
CAN1_RX1_IRQHandler      0x800'170d         Code  Wk  startup_stm32f10x_md.o [2]
CAN1_SCE_IRQHandler      0x800'1711         Code  Wk  startup_stm32f10x_md.o [2]
CLOCK_Init               0x800'0f9f   0xc6  Code  Gb  CLOCK.o [1]
CLOCK_SystickInit        0x800'1065   0x32  Code  Gb  CLOCK.o [1]
CSTACK$$Base            0x2000'0280          --   Gb  - Linker created -
CSTACK$$Limit           0x2000'0a80          --   Gb  - Linker created -
DMA1_Channel1_IRQHandler
                         0x800'16ed         Code  Wk  startup_stm32f10x_md.o [2]
DMA1_Channel2_IRQHandler
                         0x800'16f1         Code  Wk  startup_stm32f10x_md.o [2]
DMA1_Channel3_IRQHandler
                         0x800'16f5         Code  Wk  startup_stm32f10x_md.o [2]
DMA1_Channel4_IRQHandler
                         0x800'16f9         Code  Wk  startup_stm32f10x_md.o [2]
DMA1_Channel5_IRQHandler
                         0x800'16fd         Code  Wk  startup_stm32f10x_md.o [2]
DMA1_Channel6_IRQHandler
                         0x800'1701         Code  Wk  startup_stm32f10x_md.o [2]
DMA1_Channel7_IRQHandler
                         0x800'1705         Code  Wk  startup_stm32f10x_md.o [2]
Data                    0x2000'0080  0x190  Data  Gb  main.o [1]
DebugMon_Handler         0x800'16b9         Code  Wk  startup_stm32f10x_md.o [2]
Direction               0x2000'0276    0x2  Data  Gb  USB_IRQ.o [1]
EXTI0_IRQHandler         0x800'16d9         Code  Wk  startup_stm32f10x_md.o [2]
EXTI15_10_IRQHandler     0x800'1759         Code  Wk  startup_stm32f10x_md.o [2]
EXTI1_IRQHandler         0x800'16dd         Code  Wk  startup_stm32f10x_md.o [2]
EXTI2_IRQHandler         0x800'16e1         Code  Wk  startup_stm32f10x_md.o [2]
EXTI3_IRQHandler         0x800'16e5         Code  Wk  startup_stm32f10x_md.o [2]
EXTI4_IRQHandler         0x800'16e9         Code  Wk  startup_stm32f10x_md.o [2]
EXTI9_5_IRQHandler       0x800'1715         Code  Wk  startup_stm32f10x_md.o [2]
EndpointIndex           0x2000'0274    0x2  Data  Gb  USB_IRQ.o [1]
EnumerationStatus       0x2000'027b    0x1  Data  Gb  USB_IRQ.o [1]
FLASH_IRQHandler         0x800'16d1         Code  Wk  startup_stm32f10x_md.o [2]
GPIO_PINLow              0x800'0cfd   0x66  Code  Gb  GPIO.o [1]
GPIO_SetOutPut           0x800'08f1  0x40c  Code  Gb  GPIO.o [1]
HardFault_Handler        0x800'16a5         Code  Wk  startup_stm32f10x_md.o [2]
I2C1_ER_IRQHandler       0x800'1739         Code  Wk  startup_stm32f10x_md.o [2]
I2C1_EV_IRQHandler       0x800'1735         Code  Wk  startup_stm32f10x_md.o [2]
I2C2_ER_IRQHandler       0x800'1741         Code  Wk  startup_stm32f10x_md.o [2]
I2C2_EV_IRQHandler       0x800'173d         Code  Wk  startup_stm32f10x_md.o [2]
MemManage_Handler        0x800'16a9         Code  Wk  startup_stm32f10x_md.o [2]
NMI_Handler              0x800'16a1         Code  Wk  startup_stm32f10x_md.o [2]
PVD_IRQHandler           0x800'16c5         Code  Wk  startup_stm32f10x_md.o [2]
PacketInfo              0x2000'0224    0x8  Data  Gb  USB_IRQ.o [1]
PendSV_Handler           0x800'16bd         Code  Wk  startup_stm32f10x_md.o [2]
RCC_IRQHandler           0x800'16d5         Code  Wk  startup_stm32f10x_md.o [2]
RTCAlarm_IRQHandler      0x800'175d         Code  Wk  startup_stm32f10x_md.o [2]
RTC_IRQHandler           0x800'16cd         Code  Wk  startup_stm32f10x_md.o [2]
Region$$Table$$Base      0x800'1608          --   Gb  - Linker created -
Region$$Table$$Limit     0x800'162c          --   Gb  - Linker created -
Request                 0x2000'0210    0xc  Data  Gb  USB_IRQ.o [1]
Reset_Handler            0x800'1691         Code  Wk  startup_stm32f10x_md.o [2]
SPI1_IRQHandler          0x800'1745         Code  Wk  startup_stm32f10x_md.o [2]
SPI2_IRQHandler          0x800'1749         Code  Wk  startup_stm32f10x_md.o [2]
SPI_Init                 0x800'14f1    0xc  Code  Gb  SPI.o [1]
SPI_InitSuccess         0x2000'027a    0x1  Data  Gb  SPI.o [1]
SVC_Handler              0x800'16b5         Code  Wk  startup_stm32f10x_md.o [2]
SaveEPRStatus           0x2000'0270    0x2  Data  Gb  USB_IRQ.o [1]
SaveISTR                0x2000'0272    0x2  Data  Gb  USB_IRQ.o [1]
SetSysClock              0x800'11b7    0x8  Code  Lc  system_stm32f10x.o [2]
SetSysClockTo72          0x800'11bf   0xae  Code  Lc  system_stm32f10x.o [2]
SpecificRequest         0x2000'021c    0x8  Data  Gb  USB_IRQ.o [1]
SysTick_Handler          0x800'10ad    0xc  Code  Gb  CLOCK.o [1]
SystemCoreClock         0x2000'0000    0x4  Data  Gb  system_stm32f10x.o [2]
SystemCoreClockUpdate    0x800'1129   0x8e  Code  Gb  system_stm32f10x.o [2]
SystemInit               0x800'10e5   0x44  Code  Gb  system_stm32f10x.o [2]
TAMPER_IRQHandler        0x800'16c9         Code  Wk  startup_stm32f10x_md.o [2]
TIM1_BRK_IRQHandler      0x800'1719         Code  Wk  startup_stm32f10x_md.o [2]
TIM1_CC_IRQHandler       0x800'1725         Code  Wk  startup_stm32f10x_md.o [2]
TIM1_TRG_COM_IRQHandler
                         0x800'1721         Code  Wk  startup_stm32f10x_md.o [2]
TIM1_UP_IRQHandler       0x800'171d         Code  Wk  startup_stm32f10x_md.o [2]
TIM2_IRQHandler          0x800'1729         Code  Wk  startup_stm32f10x_md.o [2]
TIM3_IRQHandler          0x800'172d         Code  Wk  startup_stm32f10x_md.o [2]
TIM4_IRQHandler          0x800'1731         Code  Wk  startup_stm32f10x_md.o [2]
TIMER_Chaining           0x800'1359   0xba  Code  Gb  TIMER.o [1]
TIMER_EnableInterrupt    0x800'141f    0x2  Code  Gb  TIMER.o [1]
TIMER_Init               0x800'12a7   0xb2  Code  Gb  TIMER.o [1]
TIMER_SetCLockSourceMicros
                         0x800'1419    0x6  Code  Gb  TIMER.o [1]
TIMER_SetCLockSourceMillis
                         0x800'1413    0x6  Code  Gb  TIMER.o [1]
TIMER_SourceMicros      0x2000'0238    0x4  Data  Lc  TIMER.o [1]
TIMER_SourceMillis      0x2000'0234    0x4  Data  Lc  TIMER.o [1]
TX_IRQ                  0x2000'023c    0x4  Data  Gb  USB.o [1]
USART1_IRQHandler        0x800'174d         Code  Wk  startup_stm32f10x_md.o [2]
USART2_IRQHandler        0x800'1751         Code  Wk  startup_stm32f10x_md.o [2]
USART3_IRQHandler        0x800'1755         Code  Wk  startup_stm32f10x_md.o [2]
USBWakeUp_IRQHandler     0x800'0ec9    0x2  Code  Gb  USB.o [1]
USB_ByteSwap             0x800'00ed   0x16  Code  Lc  USB_IRQ.o [1]
USB_ClearPMA             0x800'0dd7   0x12  Code  Lc  USB.o [1]
USB_DeviceDescriptor    0x2000'0028   0x14  Data  Gb  USB_Types.o [1]
USB_EnableInterrupt      0x800'0e37   0x46  Code  Lc  USB.o [1]
USB_EndpointReset        0x800'0103   0x38  Code  Lc  USB_IRQ.o [1]
USB_GetRequest           0x800'013b   0xdc  Code  Gb  USB_IRQ.o [1]
USB_HP_CAN1_TX_IRQHandler
                         0x800'0ecb    0x8  Code  Gb  USB.o [1]
USB_HW_ClearEP_CTR_RX    0x800'0805   0x22  Code  Gb  USB_HW.o [1]
USB_HW_ClearEP_CTR_TX    0x800'0827   0x22  Code  Gb  USB_HW.o [1]
USB_HW_ResetBTABLE       0x800'062d    0x8  Code  Gb  USB_HW.o [1]
USB_HW_SetDeviceAddr     0x800'077f    0xa  Code  Gb  USB_HW.o [1]
USB_HW_SetEPEnpointAddress
                         0x800'0849   0x2c  Code  Gb  USB_HW.o [1]
USB_HW_SetEPRxAddr       0x800'0731   0x16  Code  Gb  USB_HW.o [1]
USB_HW_SetEPRxCount      0x800'088b   0x54  Code  Gb  USB_HW.o [1]
USB_HW_SetEPRxDataToggle
                         0x800'0635   0x38  Code  Gb  USB_HW.o [1]
USB_HW_SetEPRxStatus     0x800'066d   0x3c  Code  Gb  USB_HW.o [1]
USB_HW_SetEPTxAddr       0x800'071d   0x14  Code  Gb  USB_HW.o [1]
USB_HW_SetEPTxCount      0x800'0875   0x16  Code  Gb  USB_HW.o [1]
USB_HW_SetEPTxDataToggle
                         0x800'06a9   0x38  Code  Gb  USB_HW.o [1]
USB_HW_SetEPTxStatus     0x800'06e1   0x3c  Code  Gb  USB_HW.o [1]
USB_HW_SetEPType         0x800'07db   0x2a  Code  Gb  USB_HW.o [1]
USB_HW_SetPacketSize     0x800'0747   0x38  Code  Gb  USB_HW.o [1]
USB_HW_SetupData         0x800'0789   0x52  Code  Gb  USB_HW.o [1]
USB_IRQ_CTR_PID_IN_Process
                         0x800'0419   0x48  Code  Gb  USB_IRQ.o [1]
USB_IRQ_CTR_PID_OUT_Process
                         0x800'040f    0xa  Code  Gb  USB_IRQ.o [1]
USB_IRQ_CTR_PID_SETUP_Process
                         0x800'0243  0x1cc  Code  Gb  USB_IRQ.o [1]
USB_IRQ_CorrecTransfer   0x800'0461   0x9c  Code  Gb  USB_IRQ.o [1]
USB_IRQ_Error            0x800'04fd    0xa  Code  Gb  USB_IRQ.o [1]
USB_IRQ_PrepareBuffer    0x800'0227    0x8  Code  Gb  USB_IRQ.o [1]
USB_IRQ_Reset            0x800'051b   0x9c  Code  Gb  USB_IRQ.o [1]
USB_IRQ_SendDeviceDescriptor
                         0x800'0217   0x10  Code  Lc  USB_IRQ.o [1]
USB_IRQ_Suspend          0x800'0511    0xa  Code  Gb  USB_IRQ.o [1]
USB_IRQ_Wakeup           0x800'0507    0xa  Code  Gb  USB_IRQ.o [1]
USB_IRQ_ZeroLengthPacket
                         0x800'022f   0x14  Code  Gb  USB_IRQ.o [1]
USB_Init                 0x800'0e7d   0x4c  Code  Gb  USB.o [1]
USB_LP_CAN1_RX0_IRQHandler
                         0x800'0ed3   0x62  Code  Gb  USB.o [1]
USB_Reset                0x800'0de9   0x4e  Code  Lc  USB.o [1]
UsageFault_Handler       0x800'16b1         Code  Wk  startup_stm32f10x_md.o [2]
Virtual_Com_Port_ConfigDescriptor
                        0x2000'003c   0x44  Data  Gb  USB_Types.o [1]
Virtual_Com_Port_DeviceDescriptor
                        0x2000'0014   0x14  Data  Gb  USB_Types.o [1]
WWDG_IRQHandler          0x800'16c1         Code  Wk  startup_stm32f10x_md.o [2]
__NVIC_EnableIRQ         0x800'1445   0x1e  Code  Lc  main.o [1]
__NVIC_EnableIRQ         0x800'0d8d   0x1e  Code  Lc  USB.o [1]
__NVIC_SetPriority       0x800'0f65   0x2c  Code  Lc  CLOCK.o [1]
__NVIC_SetPriority       0x800'0dab   0x2c  Code  Lc  USB.o [1]
__cmain                  0x800'162d         Code  Gb  cmain.o [4]
__exit                   0x800'1661   0x14  Code  Gb  exit.o [5]
__iar_copy_init3         0x800'14ff   0x2a  Code  Gb  copy_init3.o [4]
__iar_data_init3         0x800'15e1   0x28  Code  Gb  data_init.o [4]
__iar_program_start      0x800'1675         Code  Gb  cstartup_M.o [4]
__iar_zero_init3         0x800'15a9   0x38  Code  Gb  zero_init3.o [4]
__low_level_init         0x800'164b    0x4  Code  Gb  low_level_init.o [3]
__vector_table           0x800'0000         Data  Gb  startup_stm32f10x_md.o [2]
_call_main               0x800'1639         Code  Gb  cmain.o [4]
_exit                    0x800'1655         Code  Gb  cexit.o [4]
ctr                     0x2000'0244    0x4  Data  Gb  USB_IRQ.o [1]
data_out                0x2000'025c    0x4  Data  Gb  USB_IRQ.o [1]
delay                    0x800'0f91    0xe  Code  Gb  CLOCK.o [1]
delay                    0x800'1299    0xe  Code  Lc  TIMER.o [1]
err                     0x2000'024c    0x4  Data  Gb  USB_IRQ.o [1]
exit                     0x800'164f    0x4  Code  Gb  exit.o [3]
getStatus               0x2000'0268    0x4  Data  Gb  USB_IRQ.o [1]
get_configDes           0x2000'0254    0x4  Data  Gb  USB_IRQ.o [1]
get_ful_des             0x2000'0258    0x4  Data  Gb  USB_IRQ.o [1]
get_interface           0x2000'026c    0x4  Data  Gb  USB_IRQ.o [1]
main                     0x800'1463   0x7a  Code  Gb  main.o [1]
micros                   0x800'1097   0x16  Code  Gb  CLOCK.o [1]
nRF24L01_Init            0x800'14fd    0x2  Code  Gb  nRF24L01.o [1]
ptr_Data                0x2000'0240    0x4  Data  Gb  USB_IRQ.o [1]
saveAdr                 0x2000'0278    0x2  Data  Gb  USB_IRQ.o [1]
setup                   0x2000'0260    0x4  Data  Gb  USB_IRQ.o [1]
stop                    0x2000'0264    0x4  Data  Gb  USB_IRQ.o [1]
sus                     0x2000'0250    0x4  Data  Gb  USB_IRQ.o [1]
timer                   0x2000'0230    0x4  Data  Gb  main.o [1]
ui32micros              0x2000'022c    0x4  Data  Lc  CLOCK.o [1]
wk                      0x2000'0248    0x4  Data  Gb  USB_IRQ.o [1]


[1] = F:\USB_RF\project\Debug\Obj\source
[2] = F:\USB_RF\project\Debug\Obj\startup
[3] = dl7M_tln.a
[4] = rt7M_tl.a
[5] = shb_l.a

  5'820 bytes of readonly  code memory
    164 bytes of readonly  data memory
  2'684 bytes of readwrite data memory

Errors: none
Warnings: none
